<html>
<body>
<pre>
<h1>礦ision Build Log</h1>
<h2>Tool Versions:</h2>
IDE-Version: μVision V5.33.0.0
Copyright (C) 2020 ARM Ltd and ARM Germany GmbH. All rights reserved.
License Information: Ziqiang Deng, 武汉欣叶电子科技有限公司, LIC=----
 
Tool Versions:
Toolchain:       MDK-Lite  Version: 5.33.0.0
Toolchain Path:  E:\MDK\ARM\ARMCC\Bin
C Compiler:      Armcc.exe V5.06 update 7 (build 960)
Assembler:       Armasm.exe V5.06 update 7 (build 960)
Linker/Locator:  ArmLink.exe V5.06 update 7 (build 960)
Library Manager: ArmAr.exe V5.06 update 7 (build 960)
Hex Converter:   FromElf.exe V5.06 update 7 (build 960)
CPU DLL:         SARMCM3.DLL V5.33.0.0
Dialog DLL:      DARMCM1.DLL V1.19.4.0
Target DLL:      Segger\JL2CM3.dll V2.99.38.0
Dialog DLL:      TARMCM1.DLL V1.14.3.0
 
<h2>Project:</h2>
d:\WorkSpace\co2\co2_Sensor\CO2_Sensor.uvprojx
Project File Date:  03/16/2021

<h2>Output:</h2>
*** Using Compiler 'V5.06 update 7 (build 960)', folder: 'E:\MDK\ARM\ARMCC\Bin'
Build target 'Target 1'
compiling TEMem.c...
linking...
Program Size: Code=6992 RO-data=292 RW-data=180 ZI-data=1212  
".\Objects\CO2_Sensor.axf" - 0 Error(s), 0 Warning(s).

<h2>Software Packages used:</h2>

Package Vendor: ARM
                http://www.keil.com/pack/ARM.CMSIS.5.7.0.pack
                ARM.CMSIS.5.7.0
                CMSIS (Cortex Microcontroller Software Interface Standard)
   * Component: CORE Version: 5.4.0

Package Vendor: AutoChips
                http://fex.autochips.com:90/download/CMSIS_PACK/AC7801/AutoChips.AC780x_DFP.1.0.3.pack
                AutoChips.AC780x_DFP.1.0.3
                AutoChips AC780x Series Device Support and Examples
   * Component: ADC Version: 1.0.0
   * Component: CKGEN Version: 1.0.0
   * Component: DMA Version: 1.0.0
   * Component: GPIO Version: 1.0.0
   * Component: SPM Version: 1.0.0
   * Component: TIMER Version: 1.0.0
   * Component: UART Version: 1.0.0
   * Component: WDG Version: 1.0.0
   * Component: eFlash Version: 1.0.0
   * Component: Startup Version: 1.0.0

<h2>Collection of Component include folders:</h2>
  .\RTE\Device\AC78013MDQA
  .\RTE\_Target_1
  E:\MDK_pro\ARM\CMSIS\5.7.0\CMSIS\Core\Include
  E:\MDK_pro\AutoChips\AC780x_DFP\1.0.3\ATC_Driver\inc
  E:\MDK_pro\AutoChips\AC780x_DFP\1.0.3\Device\Include

<h2>Collection of Component Files used:</h2>

   * Component: ARM::CMSIS:CORE:5.4.0

   * Component: AutoChips::Device:ATC Drivers:ADC:1.0.0
      Include file:  ATC_Driver\inc\ac780x_adc.h
      Include file:  ATC_Driver\inc\ac780x_adc_reg.h
      Source file:   ATC_Driver\src\ac780x_adc.c

   * Component: AutoChips::Device:ATC Drivers:CKGEN:1.0.0
      Include file:  ATC_Driver\inc\ac780x_ckgen.h
      Source file:   ATC_Driver\src\ac780x_ckgen.c

   * Component: AutoChips::Device:ATC Drivers:DMA:1.0.0
      Source file:   ATC_Driver\src\ac780x_dma.c
      Include file:  ATC_Driver\inc\ac780x_dma_reg.h
      Include file:  ATC_Driver\inc\ac780x_dma.h

   * Component: AutoChips::Device:ATC Drivers:GPIO:1.0.0
      Include file:  ATC_Driver\inc\ac780x_gpio_reg.h
      Source file:   ATC_Driver\src\ac780x_gpio.c
      Include file:  ATC_Driver\inc\ac780x_gpio.h

   * Component: AutoChips::Device:ATC Drivers:SPM:1.0.0
      Include file:  ATC_Driver\inc\ac780x_spm.h
      Source file:   ATC_Driver\src\ac780x_spm.c

   * Component: AutoChips::Device:ATC Drivers:TIMER:1.0.0
      Include file:  ATC_Driver\inc\ac780x_timer.h
      Include file:  ATC_Driver\inc\ac780x_timer_reg.h
      Source file:   ATC_Driver\src\ac780x_timer.c

   * Component: AutoChips::Device:ATC Drivers:UART:1.0.0
      Include file:  ATC_Driver\inc\ac780x_uart.h
      Include file:  ATC_Driver\inc\ac780x_uart_reg.h
      Source file:   ATC_Driver\src\ac780x_uart.c

   * Component: AutoChips::Device:ATC Drivers:WDG:1.0.0
      Source file:   ATC_Driver\src\ac780x_wdg.c
      Include file:  ATC_Driver\inc\ac780x_wdg_reg.h
      Include file:  ATC_Driver\inc\ac780x_wdg.h

   * Component: AutoChips::Device:ATC Drivers:eFlash:1.0.0
      Include file:  ATC_Driver\inc\ac780x_eflash_reg.h
      Include file:  ATC_Driver\inc\ac780x_eflash.h
      Source file:   ATC_Driver\src\ac780x_eflash.c

   * Component: AutoChips::Device:Startup:1.0.0
      Include file:  Device\system_ac780x.h
      Source file:   Device\Source\ARM\startup_ac780x.s
      Include file:  Device\device_assert.h
      Source file:   Device\Source\system_ac780x.c
Build Time Elapsed:  00:00:01
</pre>
</body>
</html>
