Component: ARM Compiler 5.06 update 1 (build 61) Tool: armlink [4d35a8]

==============================================================================

Section Cross References

    temcu_adc.o(i.TEMCU_ADC_Init) refers to ac780x_adc.o(i.ADC_Init) for ADC_Init
    temcu_adc.o(i.TEMCU_ADC_Init) refers to ac780x_adc.o(i.ADC_SetRegularGroupChannel) for ADC_SetRegularGroupChannel
    temcu_dma.o(i.DMA_Task) refers to temcu_dma.o(.data) for DMA_CH0_CallBack
    temcu_dma.o(i.TEDMA_CallBack_Hook) refers to temcu_dma.o(.data) for DMA_CH0_CallBack
    temcu_dma.o(i.TEDMA_MemBuf_Set) refers to temcu_dma.o(.data) for memStartAddr_ch0
    temcu_dma.o(i.TEMCU_DMA_Init) refers to rt_memclr.o(.text) for __aeabi_memclr4
    temcu_dma.o(i.TEMCU_DMA_Init) refers to ac780x_dma.o(i.DMA_Init) for DMA_Init
    temcu_dma.o(i.TEMCU_DMA_Init) refers to temcu_dma.o(.data) for memStartAddr_ch0
    temcu_dma.o(i.TEMCU_DMA_Init) refers to temcu_dma.o(i.DMA_Task) for DMA_Task
    temcu_flash.o(i.TEMCU_Flash_Erase) refers to temcu_flash.o(.data) for un_flash_c
    temcu_flash.o(i.TEMCU_Flash_Erase) refers to temcu_flash.o(.bss) for st_flash_d
    temcu_flash.o(i.TEMCU_Flash_EraseCallBack_Hook) refers to temcu_flash.o(.data) for FlashErase_CallBack
    temcu_flash.o(i.TEMCU_Flash_EraseVeriftCallBack_Hook) refers to temcu_flash.o(.data) for FlashEraseVerift_CallBack
    temcu_flash.o(i.TEMCU_Flash_EraseVerify) refers to temcu_flash.o(.data) for un_flash_c
    temcu_flash.o(i.TEMCU_Flash_EraseVerify) refers to temcu_flash.o(.bss) for st_flash_d
    temcu_flash.o(i.TEMCU_Flash_Init) refers to temcu_flash.o(.data) for un_flash_c
    temcu_flash.o(i.TEMCU_Flash_ProgramCallBack_Hook) refers to temcu_flash.o(.data) for FlashProgram_CallBack
    temcu_flash.o(i.TEMCU_Flash_Write) refers to temcu_flash.o(.data) for un_flash_c
    temcu_flash.o(i.TEMCU_Flash_Write) refers to temcu_flash.o(.bss) for st_flash_d
    temcu_flash.o(i.TEMainThread_Flash) refers to temcu_flash.o(i.unlockThread) for unlockThread
    temcu_flash.o(i.TEMainThread_Flash) refers to temcu_flash.o(i.eraseThread) for eraseThread
    temcu_flash.o(i.TEMainThread_Flash) refers to temcu_flash.o(i.eraseVerifyThread) for eraseVerifyThread
    temcu_flash.o(i.TEMainThread_Flash) refers to temcu_flash.o(i.programThread) for programThread
    temcu_flash.o(i.eraseThread) refers to temcu_flash.o(i.checkAddress) for checkAddress
    temcu_flash.o(i.eraseThread) refers to temcu_flash.o(i.EFLASH_SetStartAddressReg) for EFLASH_SetStartAddressReg
    temcu_flash.o(i.eraseThread) refers to temcu_flash.o(i.EFLASH_SetCtrlReg1) for EFLASH_SetCtrlReg1
    temcu_flash.o(i.eraseThread) refers to temcu_flash.o(i.EFLASH_TrigCtrlCmdReg) for EFLASH_TrigCtrlCmdReg
    temcu_flash.o(i.eraseThread) refers to temcu_flash.o(i.EFLASH_GetEopReg) for EFLASH_GetEopReg
    temcu_flash.o(i.eraseThread) refers to temcu_flash.o(.data) for un_flash_c
    temcu_flash.o(i.eraseThread) refers to temcu_flash.o(.bss) for st_flash_d
    temcu_flash.o(i.eraseVerifyThread) refers to temcu_flash.o(i.checkAddress) for checkAddress
    temcu_flash.o(i.eraseVerifyThread) refers to temcu_flash.o(i.EFLASH_SetStartAddressReg) for EFLASH_SetStartAddressReg
    temcu_flash.o(i.eraseVerifyThread) refers to temcu_flash.o(i.EFLASH_SetCtrlReg1) for EFLASH_SetCtrlReg1
    temcu_flash.o(i.eraseVerifyThread) refers to temcu_flash.o(i.EFLASH_TrigCtrlCmdReg) for EFLASH_TrigCtrlCmdReg
    temcu_flash.o(i.eraseVerifyThread) refers to temcu_flash.o(i.EFLASH_GetEopReg) for EFLASH_GetEopReg
    temcu_flash.o(i.eraseVerifyThread) refers to temcu_flash.o(.data) for un_flash_c
    temcu_flash.o(i.eraseVerifyThread) refers to temcu_flash.o(.bss) for st_flash_d
    temcu_flash.o(i.programThread) refers to temcu_flash.o(i.checkAddress) for checkAddress
    temcu_flash.o(i.programThread) refers to temcu_flash.o(i.EFLASH_SetStartAddressReg) for EFLASH_SetStartAddressReg
    temcu_flash.o(i.programThread) refers to temcu_flash.o(i.EFLASH_SetCtrlReg1) for EFLASH_SetCtrlReg1
    temcu_flash.o(i.programThread) refers to temcu_flash.o(i.EFLASH_TrigCtrlCmdReg) for EFLASH_TrigCtrlCmdReg
    temcu_flash.o(i.programThread) refers to temcu_flash.o(i.EFLASH_GetEopReg) for EFLASH_GetEopReg
    temcu_flash.o(i.programThread) refers to temcu_flash.o(.data) for un_flash_c
    temcu_flash.o(i.programThread) refers to temcu_flash.o(.bss) for st_flash_d
    temcu_flash.o(i.unlockThread) refers to temcu_flash.o(i.EFLASH_SetKeyReg) for EFLASH_SetKeyReg
    temcu_flash.o(i.unlockThread) refers to temcu_flash.o(.data) for un_flash_c
    temcu_ioinit_ac7801x_lqfp48.o(i.TEMCU_IOInit) refers to ac780x_gpio.o(i.GPIO_SetFunc) for GPIO_SetFunc
    temcu_ioinit_ac7801x_lqfp48.o(i.TEMCU_IOInit) refers to ac780x_gpio.o(i.GPIO_SetDir) for GPIO_SetDir
    temcu_ioinit_ac7801x_lqfp48.o(i.TEMCU_IOInit) refers to ac780x_gpio.o(i.GPIO_SetPinLevel) for GPIO_SetPinLevel
    temcu_ioinit_ac7801x_lqfp48.o(i.TEMCU_IOInit) refers to temcu_ioinit_ac7801x_lqfp48.o(.data) for Pin
[...]
    ../clib/heapaux.c                        0x00000000   Number         0  heapauxi.o ABSOLUTE
    ../clib/libinit.s                        0x00000000   Number         0  libshutdown.o ABSOLUTE
    ../clib/libinit.s                        0x00000000   Number         0  libshutdown2.o ABSOLUTE
    ../clib/libinit.s                        0x00000000   Number         0  libinit.o ABSOLUTE
    ../clib/libinit.s                        0x00000000   Number         0  libinit2.o ABSOLUTE
    ../clib/memcpset.c                       0x00000000   Number         0  rt_memclr.o ABSOLUTE
    ../clib/signal.c                         0x00000000   Number         0  defsig_rtmem_formal.o ABSOLUTE
    ../clib/signal.c                         0x00000000   Number         0  defsig_pvfn_inner.o ABSOLUTE
    ../clib/signal.c                         0x00000000   Number         0  defsig_cppl_inner.o ABSOLUTE
    ../clib/signal.c                         0x00000000   Number         0  defsig_other.o ABSOLUTE
    ../clib/signal.c                         0x00000000   Number         0  defsig_rtmem_outer.o ABSOLUTE
    ../clib/signal.c                         0x00000000   Number         0  defsig_rtmem_inner.o ABSOLUTE
    ../clib/signal.c                         0x00000000   Number         0  defsig_rtred_inner.o ABSOLUTE
    ../clib/signal.c                         0x00000000   Number         0  defsig_abrt_inner.o ABSOLUTE
    ../clib/signal.c                         0x00000000   Number         0  defsig_fpe_outer.o ABSOLUTE
    ../clib/signal.c                         0x00000000   Number         0  defsig_general.o ABSOLUTE
    ../clib/signal.c                         0x00000000   Number         0  __raise.o ABSOLUTE
    ../clib/signal.c                         0x00000000   Number         0  defsig_segv_inner.o ABSOLUTE
    ../clib/signal.c                         0x00000000   Number         0  defsig_fpe_formal.o ABSOLUTE
    ../clib/signal.c                         0x00000000   Number         0  defsig_fpe_inner.o ABSOLUTE
    ../clib/signal.c                         0x00000000   Number         0  defsig_exit.o ABSOLUTE
    ../clib/signal.c                         0x00000000   Number         0  defsig_stak_inner.o ABSOLUTE
    ../clib/signal.s                         0x00000000   Number         0  defsig.o ABSOLUTE
    ../clib/stdlib.c                         0x00000000   Number         0  exit.o ABSOLUTE
    ../fplib/cfplib/fdiv.c                   0x00000000   Number         0  fdiv.o ABSOLUTE
    ../fplib/cfplib/ffix.c                   0x00000000   Number         0  ffixul.o ABSOLUTE
    ../fplib/cfplib/ffix.c                   0x00000000   Number         0  ffixui.o ABSOLUTE
    ../fplib/cfplib/fflt.c                   0x00000000   Number         0  fflti.o ABSOLUTE
    ../fplib/cfplib/fpinit.c                 0x00000000   Number         0  fpinit.o ABSOLUTE
    ../fplib/faddsub6m.s                     0x00000000   Number         0  faddsub.o ABSOLUTE
    ../fplib/fmul6m.s                        0x00000000   Number         0  fmul.o ABSOLUTE
    ../fplib/usenofp.s                       0x00000000   Number         0  usenofp.o ABSOLUTE
    C:\Program Files\Keil_v5\ARM\PACK\AutoChips\AC780x_DFP\1.0.3\ATC_Driver\src\ac780x_adc.c 0x00000000   Number         0  ac780x_adc.o ABSOLUTE
    C:\Program Files\Keil_v5\ARM\PACK\AutoChips\AC780x_DFP\1.0.3\ATC_Driver\src\ac780x_ckgen.c 0x00000000   Number         0  ac780x_ckgen.o ABSOLUTE
    C:\Program Files\Keil_v5\ARM\PACK\AutoChips\AC780x_DFP\1.0.3\ATC_Driver\src\ac780x_dma.c 0x00000000   Number         0  ac780x_dma.o ABSOLUTE
    C:\Program Files\Keil_v5\ARM\PACK\AutoChips\AC780x_DFP\1.0.3\ATC_Driver\src\ac780x_eflash.c 0x00000000   Number         0  ac780x_eflash.o ABSOLUTE
    C:\Program Files\Keil_v5\ARM\PACK\AutoChips\AC780x_DFP\1.0.3\ATC_Driver\src\ac780x_gpio.c 0x00000000   Number         0  ac780x_gpio.o ABSOLUTE
    C:\Program Files\Keil_v5\ARM\PACK\AutoChips\AC780x_DFP\1.0.3\ATC_Driver\src\ac780x_spm.c 0x00000000   Number         0  ac780x_spm.o ABSOLUTE
    C:\Program Files\Keil_v5\ARM\PACK\AutoChips\AC780x_DFP\1.0.3\ATC_Driver\src\ac780x_timer.c 0x00000000   Number         0  ac780x_timer.o ABSOLUTE
    C:\Program Files\Keil_v5\ARM\PACK\AutoChips\AC780x_DFP\1.0.3\ATC_Driver\src\ac780x_uart.c 0x00000000   Number         0  ac780x_uart.o ABSOLUTE
    C:\Program Files\Keil_v5\ARM\PACK\AutoChips\AC780x_DFP\1.0.3\ATC_Driver\src\ac780x_wdg.c 0x00000000   Number         0  ac780x_wdg.o ABSOLUTE
    C:\\Program Files\\Keil_v5\\ARM\\PACK\\AutoChips\\AC780x_DFP\\1.0.3\\ATC_Driver\\src\\ac780x_adc.c 0x00000000   Number         0  ac780x_adc.o ABSOLUTE
    C:\\Program Files\\Keil_v5\\ARM\\PACK\\AutoChips\\AC780x_DFP\\1.0.3\\ATC_Driver\\src\\ac780x_ckgen.c 0x00000000   Number         0  ac780x_ckgen.o ABSOLUTE
    C:\\Program Files\\Keil_v5\\ARM\\PACK\\AutoChips\\AC780x_DFP\\1.0.3\\ATC_Driver\\src\\ac780x_dma.c 0x00000000   Number         0  ac780x_dma.o ABSOLUTE
    C:\\Program Files\\Keil_v5\\ARM\\PACK\\AutoChips\\AC780x_DFP\\1.0.3\\ATC_Driver\\src\\ac780x_eflash.c 0x00000000   Number         0  ac780x_eflash.o ABSOLUTE
    C:\\Program Files\\Keil_v5\\ARM\\PACK\\AutoChips\\AC780x_DFP\\1.0.3\\ATC_Driver\\src\\ac780x_gpio.c 0x00000000   Number         0  ac780x_gpio.o ABSOLUTE
    C:\\Program Files\\Keil_v5\\ARM\\PACK\\AutoChips\\AC780x_DFP\\1.0.3\\ATC_Driver\\src\\ac780x_spm.c 0x00000000   Number         0  ac780x_spm.o ABSOLUTE
    C:\\Program Files\\Keil_v5\\ARM\\PACK\\AutoChips\\AC780x_DFP\\1.0.3\\ATC_Driver\\src\\ac780x_timer.c 0x00000000   Number         0  ac780x_timer.o ABSOLUTE
    C:\\Program Files\\Keil_v5\\ARM\\PACK\\AutoChips\\AC780x_DFP\\1.0.3\\ATC_Driver\\src\\ac780x_uart.c 0x00000000   Number         0  ac780x_uart.o ABSOLUTE
    C:\\Program Files\\Keil_v5\\ARM\\PACK\\AutoChips\\AC780x_DFP\\1.0.3\\ATC_Driver\\src\\ac780x_wdg.c 0x00000000   Number         0  ac780x_wdg.o ABSOLUTE
    RTE\Device\AC78013MDQA\startup_ac780x.s  0x00000000   Number         0  startup_ac780x.o ABSOLUTE
    RTE\Device\AC78013MDQA\system_ac780x.c   0x00000000   Number         0  system_ac780x.o ABSOLUTE
    RTE\\Device\\AC78013MDQA\\system_ac780x.c 0x00000000   Number         0  system_ac780x.o ABSOLUTE
    dc.s                                     0x00000000   Number         0  dc.o ABSOLUTE
    soure\CO2\TECO2_Core.c                   0x00000000   Number         0  teco2_core.o ABSOLUTE
    soure\CO2\com\TECom.c                    0x00000000   Number         0  tecom.o ABSOLUTE
    soure\CO2\com\TECom_Cache.c              0x00000000   Number         0  tecom_cache.o ABSOLUTE
    soure\CO2\com\TECrc16_modbus.c           0x00000000   Number         0  tecrc16_modbus.o ABSOLUTE
    soure\CO2\mem\TEMem.c                    0x00000000   Number         0  temem.o ABSOLUTE
    soure\CO2\mem\TEMem_Cache.c              0x00000000   Number         0  temem_cache.o ABSOLUTE
    soure\MCU\TEMCU_ADC.c                    0x00000000   Number         0  temcu_adc.o ABSOLUTE
    soure\MCU\TEMCU_DMA.c                    0x00000000   Number         0  temcu_dma.o ABSOLUTE
    soure\MCU\TEMCU_Flash.c                  0x00000000   Number         0  temcu_flash.o ABSOLUTE
    soure\MCU\TEMCU_IOInit_AC7801x_LQFP48.c  0x00000000   Number         0  temcu_ioinit_ac7801x_lqfp48.o ABSOLUTE
    soure\MCU\TEMCU_NVIC.c                   0x00000000   Number         0  temcu_nvic.o ABSOLUTE
    soure\MCU\TEMCU_Timer.c                  0x00000000   Number         0  temcu_timer.o ABSOLUTE
    soure\MCU\TEMCU_Uart.c                   0x00000000   Number         0  temcu_uart.o ABSOLUTE
    soure\Sys\TEEvent.c                      0x00000000   Number         0  teevent.o ABSOLUTE
    soure\Sys\TESW_EEPROM.c                  0x00000000   Number         0  tesw_eeprom.o ABSOLUTE
    soure\\MCU\\TEMCU_ADC.c                  0x00000000   Number         0  temcu_adc.o ABSOLUTE
    soure\\MCU\\TEMCU_DMA.c                  0x00000000   Number         0  temcu_dma.o ABSOLUTE
    soure\\MCU\\TEMCU_Flash.c                0x00000000   Number         0  temcu_flash.o ABSOLUTE
    soure\\MCU\\TEMCU_IOInit_AC7801x_LQFP48.c 0x00000000   Number         0  temcu_ioinit_ac7801x_lqfp48.o ABSOLUTE
    soure\\MCU\\TEMCU_NVIC.c                 0x00000000   Number         0  temcu_nvic.o ABSOLUTE
    soure\\MCU\\TEMCU_Timer.c                0x00000000   Number         0  temcu_timer.o ABSOLUTE
    soure\\MCU\\TEMCU_Uart.c                 0x00000000   Number         0  temcu_uart.o ABSOLUTE
    soure\\Sys\\TESW_EEPROM.c                0x00000000   Number         0  tesw_eeprom.o ABSOLUTE
    soure\\main.c                            0x00000000   Number         0  main.o ABSOLUTE
    soure\main.c                             0x00000000   Number         0  main.o ABSOLUTE
    RESET                                    0x08000000   Section      192  startup_ac780x.o(RESET)
    !!!main                                  0x080000c0   Section        8  __main.o(!!!main)
    !!!scatter                               0x080000c8   Section       60  __scatter.o(!!!scatter)
    !!handler_zi                             0x08000104   Section       28  __scatter_zi.o(!!handler_zi)
    .ARM.Collect$$libinit$$00000000          0x08000120   Section        2  libinit.o(.ARM.Collect$$libinit$$00000000)
    .ARM.Collect$$libinit$$00000002          0x08000122   Section        0  libinit2.o(.ARM.Collect$$libinit$$00000002)
    .ARM.Collect$$libinit$$00000004          0x08000122   Section        0  libinit2.o(.ARM.Collect$$libinit$$00000004)
    .ARM.Collect$$libinit$$0000000A          0x08000122   Section        0  libinit2.o(.ARM.Collect$$libinit$$0000000A)
    .ARM.Collect$$libinit$$0000000C          0x08000122   Section        0  libinit2.o(.ARM.Collect$$libinit$$0000000C)
    .ARM.Collect$$libinit$$0000000E          0x08000122   Section        0  libinit2.o(.ARM.Collect$$libinit$$0000000E)
    .ARM.Collect$$libinit$$00000011          0x08000122   Section        0  libinit2.o(.ARM.Collect$$libinit$$00000011)
    .ARM.Collect$$libinit$$00000013          0x08000122   Section        0  libinit2.o(.ARM.Collect$$libinit$$00000013)
    .ARM.Collect$$libinit$$00000015          0x08000122   Section        0  libinit2.o(.ARM.Collect$$libinit$$00000015)
    .ARM.Collect$$libinit$$00000017          0x08000122   Section        0  libinit2.o(.ARM.Collect$$libinit$$00000017)
    .ARM.Collect$$libinit$$00000019          0x08000122   Section        0  libinit2.o(.ARM.Collect$$libinit$$00000019)
    .ARM.Collect$$libinit$$0000001B          0x08000122   Section        0  libinit2.o(.ARM.Collect$$libinit$$0000001B)
    .ARM.Collect$$libinit$$0000001D          0x08000122   Section        0  libinit2.o(.ARM.Collect$$libinit$$0000001D)
    .ARM.Collect$$libinit$$0000001F          0x08000122   Section        0  libinit2.o(.ARM.Collect$$libinit$$0000001F)
    .ARM.Collect$$libinit$$00000021          0x08000122   Section        0  libinit2.o(.ARM.Collect$$libinit$$00000021)
    .ARM.Collect$$libinit$$00000023          0x08000122   Section        0  libinit2.o(.ARM.Collect$$libinit$$00000023)
    .ARM.Collect$$libinit$$00000025          0x08000122   Section        0  libinit2.o(.ARM.Collect$$libinit$$00000025)
    .ARM.Collect$$libinit$$0000002C          0x08000122   Section        0  libinit2.o(.ARM.Collect$$libinit$$0000002C)
    .ARM.Collect$$libinit$$0000002E          0x08000122   Section        0  libinit2.o(.ARM.Collect$$libinit$$0000002E)
    .ARM.Collect$$libinit$$00000030          0x08000122   Section        0  libinit2.o(.ARM.Collect$$libinit$$00000030)
    .ARM.Collect$$libinit$$00000032          0x08000122   Section        0  libinit2.o(.ARM.Collect$$libinit$$00000032)
    .ARM.Collect$$libinit$$00000033          0x08000122   Section        2  libinit2.o(.ARM.Collect$$libinit$$00000033)
    .ARM.Collect$$libshutdown$$00000000      0x08000124   Section        2  libshutdown.o(.ARM.Collect$$libshutdown$$00000000)
    .ARM.Collect$$libshutdown$$00000002      0x08000126   Section        0  libshutdown2.o(.ARM.Collect$$libshutdown$$00000002)
    .ARM.Collect$$libshutdown$$00000004      0x08000126   Section        0  libshutdown2.o(.ARM.Collect$$libshutdown$$00000004)
    .ARM.Collect$$libshutdown$$00000007      0x08000126   Section        0  libshutdown2.o(.ARM.Collect$$libshutdown$$00000007)
    .ARM.Collect$$libshutdown$$0000000A      0x08000126   Section        0  libshutdown2.o(.ARM.Collect$$libshutdown$$0000000A)
    .ARM.Collect$$libshutdown$$0000000C      0x08000126   Section        0  libshutdown2.o(.ARM.Collect$$libshutdown$$0000000C)
    .ARM.Collect$$libshutdown$$0000000F      0x08000126   Section        0  libshutdown2.o(.ARM.Collect$$libshutdown$$0000000F)
    .ARM.Collect$$libshutdown$$00000010      0x08000126   Section        2  libshutdown2.o(.ARM.Collect$$libshutdown$$00000010)
    .ARM.Collect$$rtentry$$00000000          0x08000128   Section        0  __rtentry.o(.ARM.Collect$$rtentry$$00000000)
    .ARM.Collect$$rtentry$$00000002          0x08000128   Section        0  __rtentry2.o(.ARM.Collect$$rtentry$$00000002)
    .ARM.Collect$$rtentry$$00000004          0x08000128   Section        6  __rtentry4.o(.ARM.Collect$$rtentry$$00000004)
    .ARM.Collect$$rtentry$$00000009          0x0800012e   Section        0  __rtentry2.o(.ARM.Collect$$rtentry$$00000009)
    .ARM.Collect$$rtentry$$0000000A          0x0800012e   Section        4  __rtentry2.o(.ARM.Collect$$rtentry$$0000000A)
    .ARM.Collect$$rtentry$$0000000C          0x08000132   Section        0  __rtentry2.o(.ARM.Collect$$rtentry$$0000000C)
    .ARM.Collect$$rtentry$$0000000D          0x08000132   Section        8  __rtentry2.o(.ARM.Collect$$rtentry$$0000000D)
    .ARM.Collect$$rtexit$$00000000           0x0800013a   Section        2  rtexit.o(.ARM.Collect$$rtexit$$00000000)
    .ARM.Collect$$rtexit$$00000002           0x0800013c   Section        0  rtexit2.o(.ARM.Collect$$rtexit$$00000002)
    .ARM.Collect$$rtexit$$00000003           0x0800013c   Section        4  rtexit2.o(.ARM.Collect$$rtexit$$00000003)
    .ARM.Collect$$rtexit$$00000004           0x08000140   Section        6  rtexit2.o(.ARM.Collect$$rtexit$$00000004)
    .text                                    0x08000148   Section       92  startup_ac780x.o(.text)
    .text                                    0x080001a4   Section        0  heapauxi.o(.text)
    .text                                    0x080001ac   Section        0  fdiv.o(.text)
    .text                                    0x0800030c   Section        0  ffixui.o(.text)
    .text                                    0x0800033c   Section        0  ffixul.o(.text)
    .text                                    0x08000386   Section        0  fflti.o(.text)
    .text                                    0x080003e4   Section       62  sys_stackheap_outer.o(.text)
    .text                                    0x08000422   Section        0  exit.o(.text)
    .text                                    0x08000434   Section        8  libspace.o(.text)
    .text                                    0x0800043c   Section        0  sys_exit.o(.text)
    .text                                    0x08000448   Section        2  use_no_semi.o(.text)
    .text                                    0x0800044a   Section        0  indicate_semi.o(.text)
    .text                                    0x0800044a   Section        0  __dczerorl2.o(.text)
    i.ADC0_IRQHandler                        0x080004a0   Section        0  ac780x_adc.o(i.ADC0_IRQHandler)
    i.ADC_CommonISR                          0x080004b0   Section        0  ac780x_adc.o(i.ADC_CommonISR)
    ADC_CommonISR                            0x080004b1   Thumb Code    44  ac780x_adc.o(i.ADC_CommonISR)
    i.CKGEN_Enable                           0x080004e4   Section        0  ac780x_ckgen.o(i.CKGEN_Enable)
    i.CKGEN_SetAPBClockDivider               0x08000552   Section        0  ac780x_ckgen.o(i.CKGEN_SetAPBClockDivider)
    i.CKGEN_SetPLLReference                  0x0800056a   Section        0  ac780x_ckgen.o(i.CKGEN_SetPLLReference)
    i.CKGEN_SetPllFeedbackDiv                0x08000584   Section        0  ac780x_ckgen.o(i.CKGEN_SetPllFeedbackDiv)
    i.CKGEN_SetPllPostDiv                    0x0800059c   Section        0  ac780x_ckgen.o(i.CKGEN_SetPllPostDiv)
    i.CKGEN_SetPllPrevDiv                    0x080005b4   Section        0  ac780x_ckgen.o(i.CKGEN_SetPllPrevDiv)
    i.CKGEN_SetSysclkDiv                     0x080005cc   Section        0  ac780x_ckgen.o(i.CKGEN_SetSysclkDiv)
    i.CKGEN_SetSysclkSrc                     0x080005e2   Section        0  ac780x_ckgen.o(i.CKGEN_SetSysclkSrc)
    i.CKGEN_SoftReset                        0x080005f6   Section        0  ac780x_ckgen.o(i.CKGEN_SoftReset)
    i.DMA0_Channel0_IRQHandler               0x08000664   Section        0  ac780x_dma.o(i.DMA0_Channel0_IRQHandler)
    i.DMA0_Channel1_IRQHandler               0x0800068c   Section        0  ac780x_dma.o(i.DMA0_Channel1_IRQHandler)
    i.DMA0_Channel2_IRQHandler               0x080006b4   Section        0  ac780x_dma.o(i.DMA0_Channel2_IRQHandler)
    i.DMA0_Channel3_IRQHandler               0x080006dc   Section        0  ac780x_dma.o(i.DMA0_Channel3_IRQHandler)
    i.DMA_ChannelHardRst                     0x08000704   Section        0  ac780x_dma.o(i.DMA_ChannelHardRst)
    DMA_ChannelHardRst                       0x08000705   Thumb Code    16  ac780x_dma.o(i.DMA_ChannelHardRst)
    i.DMA_ClearFlag                          0x08000714   Section        0  ac780x_dma.o(i.DMA_ClearFlag)
    i.EFLASH_GetEopReg                       0x08000734   Section        0  temcu_flash.o(i.EFLASH_GetEopReg)
    EFLASH_GetEopReg                         0x08000735   Thumb Code    12  temcu_flash.o(i.EFLASH_GetEopReg)
    i.EFLASH_SetCtrlReg1                     0x08000744   Section        0  temcu_flash.o(i.EFLASH_SetCtrlReg1)
    EFLASH_SetCtrlReg1                       0x08000745   Thumb Code     6  temcu_flash.o(i.EFLASH_SetCtrlReg1)
    i.EFLASH_SetKeyReg                       0x08000750   Section        0  temcu_flash.o(i.EFLASH_SetKeyReg)
    EFLASH_SetKeyReg                         0x08000751   Thumb Code     6  temcu_flash.o(i.EFLASH_SetKeyReg)
    i.EFLASH_SetStartAddressReg              0x0800075c   Section        0  temcu_flash.o(i.EFLASH_SetStartAddressReg)
    EFLASH_SetStartAddressReg                0x0800075d   Thumb Code    10  temcu_flash.o(i.EFLASH_SetStartAddressReg)
    i.EFLASH_TrigCtrlCmdReg                  0x0800076c   Section        0  temcu_flash.o(i.EFLASH_TrigCtrlCmdReg)
    EFLASH_TrigCtrlCmdReg                    0x0800076d   Thumb Code    14  temcu_flash.o(i.EFLASH_TrigCtrlCmdReg)
    i.EXTI0_IRQHandler                       0x08000780   Section        0  ac780x_gpio.o(i.EXTI0_IRQHandler)
    i.EXTI1_IRQHandler                       0x080007b0   Section        0  ac780x_gpio.o(i.EXTI1_IRQHandler)
    i.EXTI2_IRQHandler                       0x080007e0   Section        0  ac780x_gpio.o(i.EXTI2_IRQHandler)
    i.EXTI3_8_IRQHandler                     0x08000810   Section        0  ac780x_gpio.o(i.EXTI3_8_IRQHandler)
    i.EXTI9_15_IRQHandler                    0x08000868   Section        0  ac780x_gpio.o(i.EXTI9_15_IRQHandler)
    i.GPIO_ClearPendingExtInterrupt          0x080008c0   Section        0  ac780x_gpio.o(i.GPIO_ClearPendingExtInterrupt)
    i.GPIO_GetPendingExtIntSource            0x080008d0   Section        0  ac780x_gpio.o(i.GPIO_GetPendingExtIntSource)
    GPIO_GetPendingExtIntSource              0x080008d1   Thumb Code   134  ac780x_gpio.o(i.GPIO_GetPendingExtIntSource)
    i.GPIO_GetPendingExtInterrupt            0x08000960   Section        0  ac780x_gpio.o(i.GPIO_GetPendingExtInterrupt)
    i.GPIO_SetDir                            0x0800096c   Section        0  ac780x_gpio.o(i.GPIO_SetDir)
    i.GPIO_SetFunc                           0x08000980   Section        0  ac780x_gpio.o(i.GPIO_SetFunc)
    i.GPIO_SetPinLevel                       0x08000a78   Section        0  ac780x_gpio.o(i.GPIO_SetPinLevel)
    i.Hook                                   0x08000a8c   Section        0  teevent.o(i.Hook)
    Hook                                     0x08000a8d   Thumb Code    38  teevent.o(i.Hook)
    i.NMI_Handler                            0x08000abc   Section        0  ac780x_spm.o(i.NMI_Handler)
    i.PVD_IRQHandler                         0x08000b70   Section        0  ac780x_spm.o(i.PVD_IRQHandler)
    i.SPM_EnablePLL                          0x08000b9c   Section        0  ac780x_spm.o(i.SPM_EnablePLL)
    i.SPM_EnableXOSC                         0x08000c0c   Section        0  ac780x_spm.o(i.SPM_EnableXOSC)
    i.SPM_GetModuleWakeupSourceFlag          0x08000ca8   Section        0  ac780x_spm.o(i.SPM_GetModuleWakeupSourceFlag)
    i.SPM_IRQHandler                         0x08000cb8   Section        0  ac780x_spm.o(i.SPM_IRQHandler)
    i.SPM_XOSCOKBypassSet                    0x08000ce4   Section        0  ac780x_spm.o(i.SPM_XOSCOKBypassSet)
    i.SetEflashClock                         0x08000cfc   Section        0  system_ac780x.o(i.SetEflashClock)
    i.SetHSEClock                            0x08000d58   Section        0  system_ac780x.o(i.SetHSEClock)
    i.SetSysClock                            0x08000dbe   Section        0  system_ac780x.o(i.SetSysClock)
    i.SysTickDelay                           0x08000dc8   Section        0  system_ac780x.o(i.SysTickDelay)
    SysTickDelay                             0x08000dc9   Thumb Code    68  system_ac780x.o(i.SysTickDelay)
    i.SysTickRepeatDelay                     0x08000e10   Section        0  system_ac780x.o(i.SysTickRepeatDelay)
    SysTickRepeatDelay                       0x08000e11   Thumb Code    26  system_ac780x.o(i.SysTickRepeatDelay)
    i.SystemInit                             0x08000e2c   Section        0  system_ac780x.o(i.SystemInit)
    i.TECO2_Init                             0x08000e5c   Section        0  teco2_core.o(i.TECO2_Init)
    i.TECom_GetData                          0x08000e70   Section        0  tecom_cache.o(i.TECom_GetData)
    i.TECom_GetDataWithAddr                  0x08000e80   Section        0  tecom_cache.o(i.TECom_GetDataWithAddr)
    i.TECom_Init                             0x08000eac   Section        0  tecom.o(i.TECom_Init)
    i.TECom_SetData                          0x08000ec8   Section        0  tecom_cache.o(i.TECom_SetData)
    i.TECom_SetDataWithAddr                  0x08000ed8   Section        0  tecom_cache.o(i.TECom_SetDataWithAddr)
    i.TEEvent_Start                          0x08000f04   Section        0  teevent.o(i.TEEvent_Start)
    i.TEEvent_Stop                           0x08000f22   Section        0  teevent.o(i.TEEvent_Stop)
    i.TEEvent_Trigger1MS                     0x08000f2c   Section        0  teevent.o(i.TEEvent_Trigger1MS)
    i.TEMCU_Flash_Erase                      0x08000f4c   Section        0  temcu_flash.o(i.TEMCU_Flash_Erase)
    i.TEMCU_Flash_EraseCallBack_Hook         0x08000f88   Section        0  temcu_flash.o(i.TEMCU_Flash_EraseCallBack_Hook)
    i.TEMCU_Flash_EraseVeriftCallBack_Hook   0x08000f94   Section        0  temcu_flash.o(i.TEMCU_Flash_EraseVeriftCallBack_Hook)
    i.TEMCU_Flash_EraseVerify                0x08000fa0   Section        0  temcu_flash.o(i.TEMCU_Flash_EraseVerify)
    i.TEMCU_Flash_Init                       0x08000fdc   Section        0  temcu_flash.o(i.TEMCU_Flash_Init)
    i.TEMCU_Flash_ProgramCallBack_Hook       0x08000ff4   Section        0  temcu_flash.o(i.TEMCU_Flash_ProgramCallBack_Hook)
    i.TEMCU_Flash_Read                       0x08001000   Section        0  temcu_flash.o(i.TEMCU_Flash_Read)
    i.TEMCU_Flash_Write                      0x08001008   Section        0  temcu_flash.o(i.TEMCU_Flash_Write)
    i.TEMCU_IOInit                           0x08001048   Section        0  temcu_ioinit_ac7801x_lqfp48.o(i.TEMCU_IOInit)
    i.TEMCU_NVIC_Init                        0x080010fc   Section        0  temcu_nvic.o(i.TEMCU_NVIC_Init)
    i.TEMCU_Timer_CallBack_Hook              0x08001150   Section        0  temcu_timer.o(i.TEMCU_Timer_CallBack_Hook)
    i.TEMCU_Timer_Init                       0x08001164   Section        0  temcu_timer.o(i.TEMCU_Timer_Init)
    i.TEMCU_Uart_Init                        0x0800119c   Section        0  temcu_uart.o(i.TEMCU_Uart_Init)
    i.TEMCU_Uart_RevCallBack_Hook            0x080011d8   Section        0  temcu_uart.o(i.TEMCU_Uart_RevCallBack_Hook)
    i.TEMCU_Uart_RevStart                    0x080011ec   Section        0  temcu_uart.o(i.TEMCU_Uart_RevStart)
    i.TEMCU_Uart_Send                        0x08001208   Section        0  temcu_uart.o(i.TEMCU_Uart_Send)
    i.TEMainThread_Event                     0x08001254   Section        0  teevent.o(i.TEMainThread_Event)
    i.TEMainThread_Flash                     0x08001294   Section        0  temcu_flash.o(i.TEMainThread_Flash)
    i.TEMainThread_SWEEPRom                  0x080012bc   Section        0  tesw_eeprom.o(i.TEMainThread_SWEEPRom)
    i.TEMem_GetAddr                          0x080012cc   Section        0  temem_cache.o(i.TEMem_GetAddr)
    i.TEMem_GetData                          0x080012dc   Section        0  temem_cache.o(i.TEMem_GetData)
    i.TEMem_Init                             0x080012ec   Section        0  temem.o(i.TEMem_Init)
    i.TEMem_SetData                          0x08001320   Section        0  temem_cache.o(i.TEMem_SetData)
    i.TERevFrame_Handle                      0x08001330   Section        0  tecom.o(i.TERevFrame_Handle)
    i.TESW_EEPROM_Init                       0x080014ac   Section        0  tesw_eeprom.o(i.TESW_EEPROM_Init)
    i.TESW_EEPROM_Read                       0x080014dc   Section        0  tesw_eeprom.o(i.TESW_EEPROM_Read)
    i.TESW_EEPROM_Write                      0x08001550   Section        0  tesw_eeprom.o(i.TESW_EEPROM_Write)
    i.TIMER_Channel0_IRQHandler              0x080015ac   Section        0  ac780x_timer.o(i.TIMER_Channel0_IRQHandler)
    i.TIMER_Channel1_IRQHandler              0x080015bc   Section        0  ac780x_timer.o(i.TIMER_Channel1_IRQHandler)
    i.TIMER_Channel2_IRQHandler              0x080015cc   Section        0  ac780x_timer.o(i.TIMER_Channel2_IRQHandler)
    i.TIMER_Channel3_IRQHandler              0x080015dc   Section        0  ac780x_timer.o(i.TIMER_Channel3_IRQHandler)
    i.TIMER_CommonISR                        0x080015ec   Section        0  ac780x_timer.o(i.TIMER_CommonISR)
    TIMER_CommonISR                          0x080015ed   Thumb Code    60  ac780x_timer.o(i.TIMER_CommonISR)
    i.TIMER_Init                             0x0800162c   Section        0  ac780x_timer.o(i.TIMER_Init)
    i.TIMER_SetChannel                       0x080016c0   Section        0  ac780x_timer.o(i.TIMER_SetChannel)
    TIMER_SetChannel                         0x080016c1   Thumb Code    12  ac780x_timer.o(i.TIMER_SetChannel)
    i.TIMER_SetInterrupt                     0x080016cc   Section        0  ac780x_timer.o(i.TIMER_SetInterrupt)
    TIMER_SetInterrupt                       0x080016cd   Thumb Code    14  ac780x_timer.o(i.TIMER_SetInterrupt)
    i.TIMER_SetLinkMode                      0x080016da   Section        0  ac780x_timer.o(i.TIMER_SetLinkMode)
    TIMER_SetLinkMode                        0x080016db   Thumb Code    14  ac780x_timer.o(i.TIMER_SetLinkMode)
    i.Timer_Task                             0x080016e8   Section        0  temcu_timer.o(i.Timer_Task)
    Timer_Task                               0x080016e9   Thumb Code    42  temcu_timer.o(i.Timer_Task)
    i.UART0_IRQHandler                       0x0800171c   Section        0  ac780x_uart.o(i.UART0_IRQHandler)
    i.UART1_IRQHandler                       0x0800172c   Section        0  ac780x_uart.o(i.UART1_IRQHandler)
    i.UART2_IRQHandler                       0x0800173c   Section        0  ac780x_uart.o(i.UART2_IRQHandler)
    i.UART_EnableDMA                         0x0800174c   Section        0  ac780x_uart.o(i.UART_EnableDMA)
    UART_EnableDMA                           0x0800174d   Thumb Code    96  ac780x_uart.o(i.UART_EnableDMA)
    i.UART_Init                              0x080017ac   Section        0  ac780x_uart.o(i.UART_Init)
    i.UART_InterruptHandler                  0x080018b8   Section        0  ac780x_uart.o(i.UART_InterruptHandler)
    UART_InterruptHandler                    0x080018b9   Thumb Code    66  ac780x_uart.o(i.UART_InterruptHandler)
    i.UART_Set2ByteFIFO                      0x08001900   Section        0  ac780x_uart.o(i.UART_Set2ByteFIFO)
    UART_Set2ByteFIFO                        0x08001901   Thumb Code    12  ac780x_uart.o(i.UART_Set2ByteFIFO)
    i.UART_SetBaudrate                       0x0800190c   Section        0  ac780x_uart.o(i.UART_SetBaudrate)
    i.UART_SetParity                         0x080019d8   Section        0  ac780x_uart.o(i.UART_SetParity)
    i.UART_SetRXNEInterrupt                  0x08001a3a   Section        0  temcu_uart.o(i.UART_SetRXNEInterrupt)
    UART_SetRXNEInterrupt                    0x08001a3b   Thumb Code    12  temcu_uart.o(i.UART_SetRXNEInterrupt)
    i.UART_SetTXEInterrupt                   0x08001a46   Section        0  temcu_uart.o(i.UART_SetTXEInterrupt)
    UART_SetTXEInterrupt                     0x08001a47   Thumb Code    14  temcu_uart.o(i.UART_SetTXEInterrupt)
    i.Uart2_Task                             0x08001a54   Section        0  temcu_uart.o(i.Uart2_Task)
    Uart2_Task                               0x08001a55   Thumb Code   104  temcu_uart.o(i.Uart2_Task)
    i.WDG_IRQHandler                         0x08001acc   Section        0  ac780x_wdg.o(i.WDG_IRQHandler)
    i.__ARM_common_switch8                   0x08001aec   Section        0  tesw_eeprom.o(i.__ARM_common_switch8)
    i.__NVIC_ClearPendingIRQ                 0x08001b08   Section        0  temcu_nvic.o(i.__NVIC_ClearPendingIRQ)
    __NVIC_ClearPendingIRQ                   0x08001b09   Thumb Code    18  temcu_nvic.o(i.__NVIC_ClearPendingIRQ)
    i.__NVIC_DisableIRQ                      0x08001b20   Section        0  temcu_nvic.o(i.__NVIC_DisableIRQ)
    __NVIC_DisableIRQ                        0x08001b21   Thumb Code    50  temcu_nvic.o(i.__NVIC_DisableIRQ)
    i.__NVIC_DisableIRQ                      0x08001b58   Section        0  ac780x_timer.o(i.__NVIC_DisableIRQ)
    __NVIC_DisableIRQ                        0x08001b59   Thumb Code    50  ac780x_timer.o(i.__NVIC_DisableIRQ)
    i.__NVIC_EnableIRQ                       0x08001b90   Section        0  temcu_nvic.o(i.__NVIC_EnableIRQ)
    __NVIC_EnableIRQ                         0x08001b91   Thumb Code    18  temcu_nvic.o(i.__NVIC_EnableIRQ)
    i.__NVIC_SetPriority                     0x08001ba8   Section        0  temcu_nvic.o(i.__NVIC_SetPriority)
    __NVIC_SetPriority                       0x08001ba9   Thumb Code   110  temcu_nvic.o(i.__NVIC_SetPriority)
    i.checkAddress                           0x08001c20   Section        0  temcu_flash.o(i.checkAddress)
    checkAddress                             0x08001c21   Thumb Code    24  temcu_flash.o(i.checkAddress)
    i.checkThread                            0x08001c3c   Section        0  tesw_eeprom.o(i.checkThread)
    checkThread                              0x08001c3d   Thumb Code   582  tesw_eeprom.o(i.checkThread)
    i.copyThread                             0x08001e94   Section        0  tesw_eeprom.o(i.copyThread)
    copyThread                               0x08001e95   Thumb Code   536  tesw_eeprom.o(i.copyThread)
    i.eraseThread                            0x080020b8   Section        0  temcu_flash.o(i.eraseThread)
    eraseThread                              0x080020b9   Thumb Code   292  temcu_flash.o(i.eraseThread)
    i.eraseVerifyThread                      0x080021f0   Section        0  temcu_flash.o(i.eraseVerifyThread)
    eraseVerifyThread                        0x080021f1   Thumb Code   290  temcu_flash.o(i.eraseVerifyThread)
    i.flashEraseEnd                          0x08002328   Section        0  tesw_eeprom.o(i.flashEraseEnd)
    flashEraseEnd                            0x08002329   Thumb Code    52  tesw_eeprom.o(i.flashEraseEnd)
    i.flashWriteEnd                          0x08002364   Section        0  tesw_eeprom.o(i.flashWriteEnd)
    flashWriteEnd                            0x08002365   Thumb Code   100  tesw_eeprom.o(i.flashWriteEnd)
    i.flashcheckEnd                          0x080023d0   Section        0  tesw_eeprom.o(i.flashcheckEnd)
    flashcheckEnd                            0x080023d1   Thumb Code   200  tesw_eeprom.o(i.flashcheckEnd)
    i.getCrc16_Modbus                        0x080024a0   Section        0  tecrc16_modbus.o(i.getCrc16_Modbus)
    i.main                                   0x080024f0   Section        0  main.o(i.main)
    i.mdelay                                 0x0800251c   Section        0  system_ac780x.o(i.mdelay)
    i.memDriverThread_Handle                 0x08002540   Section        0  temem.o(i.memDriverThread_Handle)
    i.memSynThread_Handle                    0x08002548   Section        0  temem.o(i.memSynThread_Handle)
    i.memUpdateThread_Handle                 0x080025b4   Section        0  temem.o(i.memUpdateThread_Handle)
    i.programThread                          0x08002640   Section        0  temcu_flash.o(i.programThread)
    programThread                            0x08002641   Thumb Code   296  temcu_flash.o(i.programThread)
    i.revData                                0x08002780   Section        0  tecom.o(i.revData)
    i.synFromMemThread_Handle                0x0800282c   Section        0  teco2_core.o(i.synFromMemThread_Handle)
    i.synToMemThread_Handle                  0x08002930   Section        0  teco2_core.o(i.synToMemThread_Handle)
    i.unlockThread                           0x08002a24   Section        0  temcu_flash.o(i.unlockThread)
    unlockThread                             0x08002a25   Thumb Code   186  temcu_flash.o(i.unlockThread)
    x$fpl$fadd                               0x08002af0   Section      140  faddsub.o(x$fpl$fadd)
    _fadd1                                   0x08002afd   Thumb Code     0  faddsub.o(x$fpl$fadd)
    x$fpl$fmul                               0x08002b7c   Section      176  fmul.o(x$fpl$fmul)
    x$fpl$frsb                               0x08002c2c   Section       24  faddsub.o(x$fpl$frsb)
    x$fpl$fsub                               0x08002c44   Section      208  faddsub.o(x$fpl$fsub)
    _fsub1                                   0x08002c51   Thumb Code     0  faddsub.o(x$fpl$fsub)
    .constdata                               0x08002d14   Section        4  ac780x_timer.o(.constdata)
    x$fpl$usenofp                            0x08002d14   Section        0  usenofp.o(x$fpl$usenofp)
    s_timerIRQ                               0x08002d14   Data           4  ac780x_timer.o(.constdata)
    .constdata                               0x08002d18   Section       64  fdiv.o(.constdata)
    fdiv_tab                                 0x08002d18   Data          64  fdiv.o(.constdata)
    .data                                    0x20000000   Section       18  temcu_flash.o(.data)
    FlashProgram_CallBack                    0x20000000   Data           4  temcu_flash.o(.data)
    FlashErase_CallBack                      0x20000004   Data           4  temcu_flash.o(.data)
    FlashEraseVerift_CallBack                0x20000008   Data           4  temcu_flash.o(.data)
    .data                                    0x20000014   Section        8  temcu_ioinit_ac7801x_lqfp48.o(.data)
    .data                                    0x2000001c   Section        4  temcu_timer.o(.data)
    TimerCH0_CallBack                        0x2000001c   Data           4  temcu_timer.o(.data)
    .data                                    0x20000020   Section       12  temcu_uart.o(.data)
    uart2TxDataPoint                         0x20000020   Data           4  temcu_uart.o(.data)
    uart2TxDataLen                           0x20000024   Data           2  temcu_uart.o(.data)
    uart2TxDataIndex                         0x20000026   Data           2  temcu_uart.o(.data)
    Uart2Rev_CallBack                        0x20000028   Data           4  temcu_uart.o(.data)
    .data                                    0x2000002c   Section       68  tesw_eeprom.o(.data)
    read_p                                   0x2000006c   Data           4  tesw_eeprom.o(.data)
    .data                                    0x20000070   Section        8  teevent.o(.data)
    .data                                    0x20000078   Section       40  teco2_core.o(.data)
    .data                                    0x200000a0   Section       28  tecom.o(.data)
    ComRev_CallBack                          0x200000a4   Data           4  tecom.o(.data)
    .data                                    0x200000bc   Section       84  tecom_cache.o(.data)
    .data                                    0x20000110   Section       62  temem.o(.data)
    memTabCount                              0x2000014c   Data           1  temem.o(.data)
    memTabCount                              0x2000014d   Data           1  temem.o(.data)
    .data                                    0x2000014e   Section       60  temem_cache.o(.data)
    .data                                    0x2000018c   Section        4  ac780x_adc.o(.data)
    s_adcCallback                            0x2000018c   Data           4  ac780x_adc.o(.data)
    .data                                    0x20000190   Section        8  ac780x_spm.o(.data)
    s_spmCallback                            0x20000190   Data           4  ac780x_spm.o(.data)
    s_pvdCallback                            0x20000194   Data           4  ac780x_spm.o(.data)
    .data                                    0x20000198   Section        4  ac780x_wdg.o(.data)
    s_wdgCallback                            0x20000198   Data           4  ac780x_wdg.o(.data)
    .data                                    0x2000019c   Section       19  system_ac780x.o(.data)
    s_facus                                  0x2000019c   Data           4  system_ac780x.o(.data)
    s_facms                                  0x200001a0   Data           4  system_ac780x.o(.data)
    s_pllPREDIV                              0x200001ac   Data           3  system_ac780x.o(.data)
    .bss                                     0x200001b0   Section       16  temcu_flash.o(.bss)
    .bss                                     0x200001c0   Section       24  tecom.o(.bss)
    .bss                                     0x200001d8   Section       16  ac780x_dma.o(.bss)
    .bss                                     0x200001e8   Section       20  ac780x_gpio.o(.bss)
    .bss                                     0x200001fc   Section       16  ac780x_timer.o(.bss)
    s_timerCallback                          0x200001fc   Data          16  ac780x_timer.o(.bss)
    .bss                                     0x2000020c   Section       12  ac780x_uart.o(.bss)
    .bss                                     0x20000218   Section       96  libspace.o(.bss)
    HEAP                                     0x20000278   Section        0  startup_ac780x.o(HEAP)
    STACK                                    0x20000278   Section     1024  startup_ac780x.o(STACK)
    Heap_Mem                                 0x20000278   Data           0  startup_ac780x.o(HEAP)
    Stack_Mem                                0x20000278   Data        1024  startup_ac780x.o(STACK)
    __initial_sp                             0x20000678   Data           0  startup_ac780x.o(STACK)

    Global Symbols

    Symbol Name                              Value     Ov Type        Size  Object(Section)

    BuildAttributes$$THM_ISAv3M$S$PE$A:L22$X:L11$S22$IEEE1$IW$USESV6$~STKCKD$USESV7$~SHL$OSPACE$ROPI$EBA8$UX$STANDARDLIB$REQ8$PRES8$EABIv2 0x00000000   Number         0  anon$$obj.o ABSOLUTE
    __ARM_use_no_argv                        0x00000000   Number         0  main.o ABSOLUTE
    __ARM_exceptions_init                     - Undefined Weak Reference
    __alloca_initialize                       - Undefined Weak Reference
    __arm_preinit_                            - Undefined Weak Reference
    __cpp_initialize__aeabi_                  - Undefined Weak Reference
    __cxa_finalize                            - Undefined Weak Reference
    __rt_locale                               - Undefined Weak Reference
    __sigvec_lookup                           - Undefined Weak Reference
    _atexit_init                              - Undefined Weak Reference
    _call_atexit_fns                          - Undefined Weak Reference
    _clock_init                               - Undefined Weak Reference
    _fp_trap_init                             - Undefined Weak Reference
    _fp_trap_shutdown                         - Undefined Weak Reference
    _get_lc_collate                           - Undefined Weak Reference
    _get_lc_ctype                             - Undefined Weak Reference
    _get_lc_monetary                          - Undefined Weak Reference
    _get_lc_numeric                           - Undefined Weak Reference
    _get_lc_time                              - Undefined Weak Reference
    _getenv_init                              - Undefined Weak Reference
    _handle_redirection                       - Undefined Weak Reference
    _init_alloc                               - Undefined Weak Reference
    _init_user_alloc                          - Undefined Weak Reference
    _initio                                   - Undefined Weak Reference
    _rand_init                                - Undefined Weak Reference
    _signal_finish                            - Undefined Weak Reference
    _signal_init                              - Undefined Weak Reference
    _terminate_alloc                          - Undefined Weak Reference
    _terminate_user_alloc                     - Undefined Weak Reference
    _terminateio                              - Undefined Weak Reference
    __Vectors_Size                           0x000000c0   Number         0  startup_ac780x.o ABSOLUTE
    __Vectors                                0x08000000   Data           4  startup_ac780x.o(RESET)
    __Vectors_End                            0x080000c0   Data           0  startup_ac780x.o(RESET)
    __main                                   0x080000c1   Thumb Code     8  __main.o(!!!main)
    __scatterload                            0x080000c9   Thumb Code     0  __scatter.o(!!!scatter)
    __scatterload_rt2                        0x080000c9   Thumb Code    52  __scatter.o(!!!scatter)
    __scatterload_rt2_thumb_only             0x080000c9   Thumb Code     0  __scatter.o(!!!scatter)
    __scatterload_null                       0x080000d9   Thumb Code     0  __scatter.o(!!!scatter)
    __scatterload_zeroinit                   0x08000105   Thumb Code    28  __scatter_zi.o(!!handler_zi)
    __rt_lib_init                            0x08000121   Thumb Code     0  libinit.o(.ARM.Collect$$libinit$$00000000)
    __rt_lib_init_alloca_1                   0x08000123   Thumb Code     0  libinit2.o(.ARM.Collect$$libinit$$0000002E)
    __rt_lib_init_argv_1                     0x08000123   Thumb Code     0  libinit2.o(.ARM.Collect$$libinit$$0000002C)
    __rt_lib_init_atexit_1                   0x08000123   Thumb Code     0  libinit2.o(.ARM.Collect$$libinit$$0000001B)
    __rt_lib_init_clock_1                    0x08000123   Thumb Code     0  libinit2.o(.ARM.Collect$$libinit$$00000021)
    __rt_lib_init_cpp_1                      0x08000123   Thumb Code     0  libinit2.o(.ARM.Collect$$libinit$$00000032)
    __rt_lib_init_exceptions_1               0x08000123   Thumb Code     0  libinit2.o(.ARM.Collect$$libinit$$00000030)
    __rt_lib_init_fp_1                       0x08000123   Thumb Code     0  libinit2.o(.ARM.Collect$$libinit$$00000002)
    __rt_lib_init_fp_trap_1                  0x08000123   Thumb Code     0  libinit2.o(.ARM.Collect$$libinit$$0000001F)
    __rt_lib_init_getenv_1                   0x08000123   Thumb Code     0  libinit2.o(.ARM.Collect$$libinit$$00000023)
    __rt_lib_init_heap_1                     0x08000123   Thumb Code     0  libinit2.o(.ARM.Collect$$libinit$$0000000A)
    __rt_lib_init_lc_collate_1               0x08000123   Thumb Code     0  libinit2.o(.ARM.Collect$$libinit$$00000011)
    __rt_lib_init_lc_ctype_1                 0x08000123   Thumb Code     0  libinit2.o(.ARM.Collect$$libinit$$00000013)
    __rt_lib_init_lc_monetary_1              0x08000123   Thumb Code     0  libinit2.o(.ARM.Collect$$libinit$$00000015)
    __rt_lib_init_lc_numeric_1               0x08000123   Thumb Code     0  libinit2.o(.ARM.Collect$$libinit$$00000017)
    __rt_lib_init_lc_time_1                  0x08000123   Thumb Code     0  libinit2.o(.ARM.Collect$$libinit$$00000019)
    __rt_lib_init_preinit_1                  0x08000123   Thumb Code     0  libinit2.o(.ARM.Collect$$libinit$$00000004)
    __rt_lib_init_rand_1                     0x08000123   Thumb Code     0  libinit2.o(.ARM.Collect$$libinit$$0000000E)
    __rt_lib_init_return                     0x08000123   Thumb Code     0  libinit2.o(.ARM.Collect$$libinit$$00000033)
    __rt_lib_init_signal_1                   0x08000123   Thumb Code     0  libinit2.o(.ARM.Collect$$libinit$$0000001D)
    __rt_lib_init_stdio_1                    0x08000123   Thumb Code     0  libinit2.o(.ARM.Collect$$libinit$$00000025)
    __rt_lib_init_user_alloc_1               0x08000123   Thumb Code     0  libinit2.o(.ARM.Collect$$libinit$$0000000C)
    __rt_lib_shutdown                        0x08000125   Thumb Code     0  libshutdown.o(.ARM.Collect$$libshutdown$$00000000)
    __rt_lib_shutdown_cpp_1                  0x08000127   Thumb Code     0  libshutdown2.o(.ARM.Collect$$libshutdown$$00000002)
    __rt_lib_shutdown_fp_trap_1              0x08000127   Thumb Code     0  libshutdown2.o(.ARM.Collect$$libshutdown$$00000007)
    __rt_lib_shutdown_heap_1                 0x08000127   Thumb Code     0  libshutdown2.o(.ARM.Collect$$libshutdown$$0000000F)
    __rt_lib_shutdown_return                 0x08000127   Thumb Code     0  libshutdown2.o(.ARM.Collect$$libshutdown$$00000010)
    __rt_lib_shutdown_signal_1               0x08000127   Thumb Code     0  libshutdown2.o(.ARM.Collect$$libshutdown$$0000000A)
    __rt_lib_shutdown_stdio_1                0x08000127   Thumb Code     0  libshutdown2.o(.ARM.Collect$$libshutdown$$00000004)
    __rt_lib_shutdown_user_alloc_1           0x08000127   Thumb Code     0  libshutdown2.o(.ARM.Collect$$libshutdown$$0000000C)
    __rt_entry                               0x08000129   Thumb Code     0  __rtentry.o(.ARM.Collect$$rtentry$$00000000)
    __rt_entry_presh_1                       0x08000129   Thumb Code     0  __rtentry2.o(.ARM.Collect$$rtentry$$00000002)
    __rt_entry_sh                            0x08000129   Thumb Code     0  __rtentry4.o(.ARM.Collect$$rtentry$$00000004)
    __rt_entry_li                            0x0800012f   Thumb Code     0  __rtentry2.o(.ARM.Collect$$rtentry$$0000000A)
    __rt_entry_postsh_1                      0x0800012f   Thumb Code     0  __rtentry2.o(.ARM.Collect$$rtentry$$00000009)
    __rt_entry_main                          0x08000133   Thumb Code     0  __rtentry2.o(.ARM.Collect$$rtentry$$0000000D)
    __rt_entry_postli_1                      0x08000133   Thumb Code     0  __rtentry2.o(.ARM.Collect$$rtentry$$0000000C)
    __rt_exit                                0x0800013b   Thumb Code     0  rtexit.o(.ARM.Collect$$rtexit$$00000000)
    __rt_exit_ls                             0x0800013d   Thumb Code     0  rtexit2.o(.ARM.Collect$$rtexit$$00000003)
    __rt_exit_prels_1                        0x0800013d   Thumb Code     0  rtexit2.o(.ARM.Collect$$rtexit$$00000002)
    __rt_exit_exit                           0x08000141   Thumb Code     0  rtexit2.o(.ARM.Collect$$rtexit$$00000004)
    Reset_Handler                            0x08000149   Thumb Code    26  startup_ac780x.o(.text)
    HardFault_Handler                        0x08000165   Thumb Code     2  startup_ac780x.o(.text)
    SVC_Handler                              0x08000167   Thumb Code     2  startup_ac780x.o(.text)
    PendSV_Handler                           0x08000169   Thumb Code     2  startup_ac780x.o(.text)
    SysTick_Handler                          0x0800016b   Thumb Code     2  startup_ac780x.o(.text)
    ACMP0_IRQHandler                         0x0800016d   Thumb Code     0  startup_ac780x.o(.text)
    CAN0_Handler                             0x0800016d   Thumb Code     0  startup_ac780x.o(.text)
    ECC_SRAM_IRQHandler                      0x0800016d   Thumb Code     0  startup_ac780x.o(.text)
    I2C0_IRQHandler                          0x0800016d   Thumb Code     0  startup_ac780x.o(.text)
    I2C1_IRQHandler                          0x0800016d   Thumb Code     0  startup_ac780x.o(.text)
    PWDT0_IRQHandler                         0x0800016d   Thumb Code     0  startup_ac780x.o(.text)
    PWDT1_IRQHandler                         0x0800016d   Thumb Code     0  startup_ac780x.o(.text)
    PWM0_IRQHandler                          0x0800016d   Thumb Code     0  startup_ac780x.o(.text)
    PWM1_IRQHandler                          0x0800016d   Thumb Code     0  startup_ac780x.o(.text)
    RTC_IRQHandler                           0x0800016d   Thumb Code     0  startup_ac780x.o(.text)
    SPI0_IRQHandler                          0x0800016d   Thumb Code     0  startup_ac780x.o(.text)
    SPI1_IRQHandler                          0x0800016d   Thumb Code     0  startup_ac780x.o(.text)
    __user_initial_stackheap                 0x08000171   Thumb Code    10  startup_ac780x.o(.text)
    __use_two_region_memory                  0x080001a5   Thumb Code     2  heapauxi.o(.text)
    __rt_heap_escrow$2region                 0x080001a7   Thumb Code     2  heapauxi.o(.text)
    __rt_heap_expand$2region                 0x080001a9   Thumb Code     2  heapauxi.o(.text)
    __aeabi_fdiv                             0x080001ad   Thumb Code     0  fdiv.o(.text)
    _fdiv                                    0x080001ad   Thumb Code   334  fdiv.o(.text)
    _frdiv                                   0x080002fb   Thumb Code     8  fdiv.o(.text)
    __aeabi_f2uiz                            0x0800030d   Thumb Code     0  ffixui.o(.text)
    _ffixu                                   0x0800030d   Thumb Code    48  ffixui.o(.text)
    __aeabi_f2ulz                            0x0800033d   Thumb Code     0  ffixul.o(.text)
    _ll_ufrom_f                              0x0800033d   Thumb Code    74  ffixul.o(.text)
    __aeabi_i2f_normalise                    0x08000387   Thumb Code    72  fflti.o(.text)
    __aeabi_i2f                              0x080003cf   Thumb Code    16  fflti.o(.text)
    _fflt                                    0x080003cf   Thumb Code     0  fflti.o(.text)
    __aeabi_ui2f                             0x080003df   Thumb Code     6  fflti.o(.text)
    _ffltu                                   0x080003df   Thumb Code     0  fflti.o(.text)
    __user_setup_stackheap                   0x080003e5   Thumb Code    62  sys_stackheap_outer.o(.text)
    exit                                     0x08000423   Thumb Code    16  exit.o(.text)
    __user_libspace                          0x08000435   Thumb Code     8  libspace.o(.text)
    __user_perproc_libspace                  0x08000435   Thumb Code     0  libspace.o(.text)
    __user_perthread_libspace                0x08000435   Thumb Code     0  libspace.o(.text)
    _sys_exit                                0x0800043d   Thumb Code     8  sys_exit.o(.text)
    __I$use$semihosting                      0x08000449   Thumb Code     0  use_no_semi.o(.text)
    __use_no_semihosting_swi                 0x08000449   Thumb Code     2  use_no_semi.o(.text)
    __decompress                             0x0800044b   Thumb Code     0  __dczerorl2.o(.text)
    __decompress1                            0x0800044b   Thumb Code    86  __dczerorl2.o(.text)
    __semihosting_library_function           0x0800044b   Thumb Code     0  indicate_semi.o(.text)
    ADC0_IRQHandler                          0x080004a1   Thumb Code    10  ac780x_adc.o(i.ADC0_IRQHandler)
    CKGEN_Enable                             0x080004e5   Thumb Code   110  ac780x_ckgen.o(i.CKGEN_Enable)
    CKGEN_SetAPBClockDivider                 0x08000553   Thumb Code    24  ac780x_ckgen.o(i.CKGEN_SetAPBClockDivider)
    CKGEN_SetPLLReference                    0x0800056b   Thumb Code    24  ac780x_ckgen.o(i.CKGEN_SetPLLReference)
    CKGEN_SetPllFeedbackDiv                  0x08000585   Thumb Code    20  ac780x_ckgen.o(i.CKGEN_SetPllFeedbackDiv)
    CKGEN_SetPllPostDiv                      0x0800059d   Thumb Code    20  ac780x_ckgen.o(i.CKGEN_SetPllPostDiv)
    CKGEN_SetPllPrevDiv                      0x080005b5   Thumb Code    18  ac780x_ckgen.o(i.CKGEN_SetPllPrevDiv)
    CKGEN_SetSysclkDiv                       0x080005cd   Thumb Code    22  ac780x_ckgen.o(i.CKGEN_SetSysclkDiv)
    CKGEN_SetSysclkSrc                       0x080005e3   Thumb Code    20  ac780x_ckgen.o(i.CKGEN_SetSysclkSrc)
    CKGEN_SoftReset                          0x080005f7   Thumb Code   110  ac780x_ckgen.o(i.CKGEN_SoftReset)
    DMA0_Channel0_IRQHandler                 0x08000665   Thumb Code    32  ac780x_dma.o(i.DMA0_Channel0_IRQHandler)
    DMA0_Channel1_IRQHandler                 0x0800068d   Thumb Code    32  ac780x_dma.o(i.DMA0_Channel1_IRQHandler)
    DMA0_Channel2_IRQHandler                 0x080006b5   Thumb Code    32  ac780x_dma.o(i.DMA0_Channel2_IRQHandler)
    DMA0_Channel3_IRQHandler                 0x080006dd   Thumb Code    32  ac780x_dma.o(i.DMA0_Channel3_IRQHandler)
    DMA_ClearFlag                            0x08000715   Thumb Code    30  ac780x_dma.o(i.DMA_ClearFlag)
    EXTI0_IRQHandler                         0x08000781   Thumb Code    40  ac780x_gpio.o(i.EXTI0_IRQHandler)
    EXTI1_IRQHandler                         0x080007b1   Thumb Code    40  ac780x_gpio.o(i.EXTI1_IRQHandler)
    EXTI2_IRQHandler                         0x080007e1   Thumb Code    40  ac780x_gpio.o(i.EXTI2_IRQHandler)
    EXTI3_8_IRQHandler                       0x08000811   Thumb Code    78  ac780x_gpio.o(i.EXTI3_8_IRQHandler)
    EXTI9_15_IRQHandler                      0x08000869   Thumb Code    78  ac780x_gpio.o(i.EXTI9_15_IRQHandler)
    GPIO_ClearPendingExtInterrupt            0x080008c1   Thumb Code    10  ac780x_gpio.o(i.GPIO_ClearPendingExtInterrupt)
    GPIO_GetPendingExtInterrupt              0x08000961   Thumb Code     8  ac780x_gpio.o(i.GPIO_GetPendingExtInterrupt)
    GPIO_SetDir                              0x0800096d   Thumb Code    20  ac780x_gpio.o(i.GPIO_SetDir)
    GPIO_SetFunc                             0x08000981   Thumb Code   238  ac780x_gpio.o(i.GPIO_SetFunc)
    GPIO_SetPinLevel                         0x08000a79   Thumb Code    20  ac780x_gpio.o(i.GPIO_SetPinLevel)
    NMI_Handler                              0x08000abd   Thumb Code   174  ac780x_spm.o(i.NMI_Handler)
    PVD_IRQHandler                           0x08000b71   Thumb Code    36  ac780x_spm.o(i.PVD_IRQHandler)
    SPM_EnablePLL                            0x08000b9d   Thumb Code   104  ac780x_spm.o(i.SPM_EnablePLL)
    SPM_EnableXOSC                           0x08000c0d   Thumb Code   144  ac780x_spm.o(i.SPM_EnableXOSC)
    SPM_GetModuleWakeupSourceFlag            0x08000ca9   Thumb Code    12  ac780x_spm.o(i.SPM_GetModuleWakeupSourceFlag)
    SPM_IRQHandler                           0x08000cb9   Thumb Code    36  ac780x_spm.o(i.SPM_IRQHandler)
    SPM_XOSCOKBypassSet                      0x08000ce5   Thumb Code    20  ac780x_spm.o(i.SPM_XOSCOKBypassSet)
    SetEflashClock                           0x08000cfd   Thumb Code    80  system_ac780x.o(i.SetEflashClock)
    SetHSEClock                              0x08000d59   Thumb Code   102  system_ac780x.o(i.SetHSEClock)
    SetSysClock                              0x08000dbf   Thumb Code     8  system_ac780x.o(i.SetSysClock)
    SystemInit                               0x08000e2d   Thumb Code    30  system_ac780x.o(i.SystemInit)
    TECO2_Init                               0x08000e5d   Thumb Code    14  teco2_core.o(i.TECO2_Init)
    TECom_GetData                            0x08000e71   Thumb Code    12  tecom_cache.o(i.TECom_GetData)
    TECom_GetDataWithAddr                    0x08000e81   Thumb Code    38  tecom_cache.o(i.TECom_GetDataWithAddr)
    TECom_Init                               0x08000ead   Thumb Code    22  tecom.o(i.TECom_Init)
    TECom_SetData                            0x08000ec9   Thumb Code    10  tecom_cache.o(i.TECom_SetData)
    TECom_SetDataWithAddr                    0x08000ed9   Thumb Code    40  tecom_cache.o(i.TECom_SetDataWithAddr)
    TEEvent_Start                            0x08000f05   Thumb Code    30  teevent.o(i.TEEvent_Start)
    TEEvent_Stop                             0x08000f23   Thumb Code    10  teevent.o(i.TEEvent_Stop)
    TEEvent_Trigger1MS                       0x08000f2d   Thumb Code    26  teevent.o(i.TEEvent_Trigger1MS)
    TEMCU_Flash_Erase                        0x08000f4d   Thumb Code    48  temcu_flash.o(i.TEMCU_Flash_Erase)
    TEMCU_Flash_EraseCallBack_Hook           0x08000f89   Thumb Code     6  temcu_flash.o(i.TEMCU_Flash_EraseCallBack_Hook)
    TEMCU_Flash_EraseVeriftCallBack_Hook     0x08000f95   Thumb Code     6  temcu_flash.o(i.TEMCU_Flash_EraseVeriftCallBack_Hook)
    TEMCU_Flash_EraseVerify                  0x08000fa1   Thumb Code    46  temcu_flash.o(i.TEMCU_Flash_EraseVerify)
    TEMCU_Flash_Init                         0x08000fdd   Thumb Code    16  temcu_flash.o(i.TEMCU_Flash_Init)
    TEMCU_Flash_ProgramCallBack_Hook         0x08000ff5   Thumb Code     6  temcu_flash.o(i.TEMCU_Flash_ProgramCallBack_Hook)
    TEMCU_Flash_Read                         0x08001001   Thumb Code     6  temcu_flash.o(i.TEMCU_Flash_Read)
    TEMCU_Flash_Write                        0x08001009   Thumb Code    50  temcu_flash.o(i.TEMCU_Flash_Write)
    TEMCU_IOInit                             0x08001049   Thumb Code   170  temcu_ioinit_ac7801x_lqfp48.o(i.TEMCU_IOInit)
    TEMCU_NVIC_Init                          0x080010fd   Thumb Code    82  temcu_nvic.o(i.TEMCU_NVIC_Init)
    TEMCU_Timer_CallBack_Hook                0x08001151   Thumb Code    16  temcu_timer.o(i.TEMCU_Timer_CallBack_Hook)
    TEMCU_Timer_Init                         0x08001165   Thumb Code    44  temcu_timer.o(i.TEMCU_Timer_Init)
    TEMCU_Uart_Init                          0x0800119d   Thumb Code    52  temcu_uart.o(i.TEMCU_Uart_Init)
    TEMCU_Uart_RevCallBack_Hook              0x080011d9   Thumb Code    16  temcu_uart.o(i.TEMCU_Uart_RevCallBack_Hook)
    TEMCU_Uart_RevStart                      0x080011ed   Thumb Code    24  temcu_uart.o(i.TEMCU_Uart_RevStart)
    TEMCU_Uart_Send                          0x08001209   Thumb Code    60  temcu_uart.o(i.TEMCU_Uart_Send)
    TEMainThread_Event                       0x08001255   Thumb Code    58  teevent.o(i.TEMainThread_Event)
    TEMainThread_Flash                       0x08001295   Thumb Code    36  temcu_flash.o(i.TEMainThread_Flash)
    TEMainThread_SWEEPRom                    0x080012bd   Thumb Code    16  tesw_eeprom.o(i.TEMainThread_SWEEPRom)
    TEMem_GetAddr                            0x080012cd   Thumb Code    10  temem_cache.o(i.TEMem_GetAddr)
    TEMem_GetData                            0x080012dd   Thumb Code    12  temem_cache.o(i.TEMem_GetData)
    TEMem_Init                               0x080012ed   Thumb Code    38  temem.o(i.TEMem_Init)
    TEMem_SetData                            0x08001321   Thumb Code    10  temem_cache.o(i.TEMem_SetData)
    TERevFrame_Handle                        0x08001331   Thumb Code   358  tecom.o(i.TERevFrame_Handle)
    TESW_EEPROM_Init                         0x080014ad   Thumb Code    32  tesw_eeprom.o(i.TESW_EEPROM_Init)
    TESW_EEPROM_Read                         0x080014dd   Thumb Code   104  tesw_eeprom.o(i.TESW_EEPROM_Read)
    TESW_EEPROM_Write                        0x08001551   Thumb Code    80  tesw_eeprom.o(i.TESW_EEPROM_Write)
    TIMER_Channel0_IRQHandler                0x080015ad   Thumb Code    10  ac780x_timer.o(i.TIMER_Channel0_IRQHandler)
    TIMER_Channel1_IRQHandler                0x080015bd   Thumb Code    10  ac780x_timer.o(i.TIMER_Channel1_IRQHandler)
    TIMER_Channel2_IRQHandler                0x080015cd   Thumb Code    10  ac780x_timer.o(i.TIMER_Channel2_IRQHandler)
    TIMER_Channel3_IRQHandler                0x080015dd   Thumb Code    10  ac780x_timer.o(i.TIMER_Channel3_IRQHandler)
    TIMER_Init                               0x0800162d   Thumb Code   132  ac780x_timer.o(i.TIMER_Init)
    UART0_IRQHandler                         0x0800171d   Thumb Code    10  ac780x_uart.o(i.UART0_IRQHandler)
    UART1_IRQHandler                         0x0800172d   Thumb Code    10  ac780x_uart.o(i.UART1_IRQHandler)
    UART2_IRQHandler                         0x0800173d   Thumb Code    10  ac780x_uart.o(i.UART2_IRQHandler)
    UART_Init                                0x080017ad   Thumb Code   260  ac780x_uart.o(i.UART_Init)
    UART_SetBaudrate                         0x0800190d   Thumb Code   198  ac780x_uart.o(i.UART_SetBaudrate)
    UART_SetParity                           0x080019d9   Thumb Code    98  ac780x_uart.o(i.UART_SetParity)
    WDG_IRQHandler                           0x08001acd   Thumb Code    24  ac780x_wdg.o(i.WDG_IRQHandler)
    __ARM_common_switch8                     0x08001aed   Thumb Code    28  tesw_eeprom.o(i.__ARM_common_switch8)
    getCrc16_Modbus                          0x080024a1   Thumb Code    72  tecrc16_modbus.o(i.getCrc16_Modbus)
    main                                     0x080024f1   Thumb Code    40  main.o(i.main)
    mdelay                                   0x0800251d   Thumb Code    32  system_ac780x.o(i.mdelay)
    memDriverThread_Handle                   0x08002541   Thumb Code     8  temem.o(i.memDriverThread_Handle)
    memSynThread_Handle                      0x08002549   Thumb Code    98  temem.o(i.memSynThread_Handle)
    memUpdateThread_Handle                   0x080025b5   Thumb Code   134  temem.o(i.memUpdateThread_Handle)
    revData                                  0x08002781   Thumb Code   156  tecom.o(i.revData)
    synFromMemThread_Handle                  0x0800282d   Thumb Code   254  teco2_core.o(i.synFromMemThread_Handle)
    synToMemThread_Handle                    0x08002931   Thumb Code   244  teco2_core.o(i.synToMemThread_Handle)
    __aeabi_fadd                             0x08002af1   Thumb Code     0  faddsub.o(x$fpl$fadd)
    _fadd                                    0x08002af1   Thumb Code   134  faddsub.o(x$fpl$fadd)
    __aeabi_fmul                             0x08002b7d   Thumb Code     0  fmul.o(x$fpl$fmul)
    _fmul                                    0x08002b7d   Thumb Code   172  fmul.o(x$fpl$fmul)
    __aeabi_frsub                            0x08002c2d   Thumb Code     0  faddsub.o(x$fpl$frsb)
    _frsb                                    0x08002c2d   Thumb Code    24  faddsub.o(x$fpl$frsb)
    __aeabi_fsub                             0x08002c45   Thumb Code     0  faddsub.o(x$fpl$fsub)
    _fsub                                    0x08002c45   Thumb Code   204  faddsub.o(x$fpl$fsub)
    __I$use$fp                               0x08002d14   Number         0  usenofp.o(x$fpl$usenofp)
    Region$$Table$$Base                      0x08002d58   Number         0  anon$$obj.o(Region$$Table)
    Region$$Table$$Limit                     0x08002d78   Number         0  anon$$obj.o(Region$$Table)
    st_flash_s                               0x2000000c   Data           3  temcu_flash.o(.data)
    un_flash_c                               0x20000010   Data           2  temcu_flash.o(.data)
    Pin                                      0x20000014   Data           8  temcu_ioinit_ac7801x_lqfp48.o(.data)
    block1                                   0x2000002c   Data          24  tesw_eeprom.o(.data)
    block2                                   0x20000044   Data          24  tesw_eeprom.o(.data)
    st_eeprom_s                              0x2000005c   Data           8  tesw_eeprom.o(.data)
    st_blockCopy_s                           0x20000064   Data           4  tesw_eeprom.o(.data)
    st_blockCheck_s                          0x20000068   Data           4  tesw_eeprom.o(.data)
    PQueueHead                               0x20000070   Data           4  teevent.o(.data)
    PQueueTail                               0x20000074   Data           4  teevent.o(.data)
    synToMemThread                           0x20000078   Data          20  teco2_core.o(.data)
    synFromMemThread                         0x2000008c   Data          20  teco2_core.o(.data)
    uartStep                                 0x200000a0   Data           2  tecom.o(.data)
    TERevFrame                               0x200000a8   Data          20  tecom.o(.data)
    TECOM_StackAddr                          0x200000bc   Data          84  tecom_cache.o(.data)
    memDriverThread                          0x20000110   Data          20  temem.o(.data)
    memUpdateThread                          0x20000124   Data          20  temem.o(.data)
    memSynThread                             0x20000138   Data          20  temem.o(.data)
    TEMem_NVMTab                             0x2000014e   Data          60  temem_cache.o(.data)
    SystemCoreClock                          0x200001a4   Data           4  system_ac780x.o(.data)
    g_periphAPBClock                         0x200001a8   Data           4  system_ac780x.o(.data)
    st_flash_d                               0x200001b0   Data          16  temcu_flash.o(.bss)
    comBuf                                   0x200001c0   Data          12  tecom.o(.bss)
    sendBuf                                  0x200001cc   Data          12  tecom.o(.bss)
    g_dmaCallbackArray                       0x200001d8   Data          16  ac780x_dma.o(.bss)
    g_gpioCallbackArray                      0x200001e8   Data          20  ac780x_gpio.o(.bss)
    s_uartCallback                           0x2000020c   Data          12  ac780x_uart.o(.bss)
    __libspace_start                         0x20000218   Data          96  libspace.o(.bss)
    __temporary_stack_top$libspace           0x20000278   Data           0  libspace.o(.bss)



==============================================================================

Memory Map of the image

  Image Entry point : 0x080000c1

  Load Region LR_IROM1 (Base: 0x08000000, Size: 0x00002f28, Max: 0x00020000, ABSOLUTE, COMPRESSED[0x00002e1c])

    Execution Region ER_IROM1 (Base: 0x08000000, Size: 0x00002d78, Max: 0x00020000, ABSOLUTE)

    Base Addr    Size         Type   Attr      Idx    E Section Name        Object

    0x08000000   0x000000c0   Data   RO         1889    RESET               startup_ac780x.o
    0x080000c0   0x00000008   Code   RO         2049  * !!!main             c_p.l(__main.o)
    0x080000c8   0x0000003c   Code   RO         2238    !!!scatter          c_p.l(__scatter.o)
    0x08000104   0x0000001c   Code   RO         2240    !!handler_zi        c_p.l(__scatter_zi.o)
    0x08000120   0x00000002   Code   RO         2105    .ARM.Collect$$libinit$$00000000  c_p.l(libinit.o)
    0x08000122   0x00000000   Code   RO         2119    .ARM.Collect$$libinit$$00000002  c_p.l(libinit2.o)
    0x08000122   0x00000000   Code   RO         2121    .ARM.Collect$$libinit$$00000004  c_p.l(libinit2.o)
    0x08000122   0x00000000   Code   RO         2124    .ARM.Collect$$libinit$$0000000A  c_p.l(libinit2.o)
    0x08000122   0x00000000   Code   RO         2126    .ARM.Collect$$libinit$$0000000C  c_p.l(libinit2.o)
    0x08000122   0x00000000   Code   RO         2128    .ARM.Collect$$libinit$$0000000E  c_p.l(libinit2.o)
    0x08000122   0x00000000   Code   RO         2131    .ARM.Collect$$libinit$$00000011  c_p.l(libinit2.o)
    0x08000122   0x00000000   Code   RO         2133    .ARM.Collect$$libinit$$00000013  c_p.l(libinit2.o)
    0x08000122   0x00000000   Code   RO         2135    .ARM.Collect$$libinit$$00000015  c_p.l(libinit2.o)
    0x08000122   0x00000000   Code   RO         2137    .ARM.Collect$$libinit$$00000017  c_p.l(libinit2.o)
    0x08000122   0x00000000   Code   RO         2139    .ARM.Collect$$libinit$$00000019  c_p.l(libinit2.o)
    0x08000122   0x00000000   Code   RO         2141    .ARM.Collect$$libinit$$0000001B  c_p.l(libinit2.o)
    0x08000122   0x00000000   Code   RO         2143    .ARM.Collect$$libinit$$0000001D  c_p.l(libinit2.o)
    0x08000122   0x00000000   Code   RO         2145    .ARM.Collect$$libinit$$0000001F  c_p.l(libinit2.o)
    0x08000122   0x00000000   Code   RO         2147    .ARM.Collect$$libinit$$00000021  c_p.l(libinit2.o)
    0x08000122   0x00000000   Code   RO         2149    .ARM.Collect$$libinit$$00000023  c_p.l(libinit2.o)
    0x08000122   0x00000000   Code   RO         2151    .ARM.Collect$$libinit$$00000025  c_p.l(libinit2.o)
    0x08000122   0x00000000   Code   RO         2155    .ARM.Collect$$libinit$$0000002C  c_p.l(libinit2.o)
    0x08000122   0x00000000   Code   RO         2157    .ARM.Collect$$libinit$$0000002E  c_p.l(libinit2.o)
    0x08000122   0x00000000   Code   RO         2159    .ARM.Collect$$libinit$$00000030  c_p.l(libinit2.o)
    0x08000122   0x00000000   Code   RO         2161    .ARM.Collect$$libinit$$00000032  c_p.l(libinit2.o)
    0x08000122   0x00000002   Code   RO         2162    .ARM.Collect$$libinit$$00000033  c_p.l(libinit2.o)
    0x08000124   0x00000002   Code   RO         2193    .ARM.Collect$$libshutdown$$00000000  c_p.l(libshutdown.o)
    0x08000126   0x00000000   Code   RO         2219    .ARM.Collect$$libshutdown$$00000002  c_p.l(libshutdown2.o)
    0x08000126   0x00000000   Code   RO         2221    .ARM.Collect$$libshutdown$$00000004  c_p.l(libshutdown2.o)
    0x08000126   0x00000000   Code   RO         2224    .ARM.Collect$$libshutdown$$00000007  c_p.l(libshutdown2.o)
    0x08000126   0x00000000   Code   RO         2227    .ARM.Collect$$libshutdown$$0000000A  c_p.l(libshutdown2.o)
    0x08000126   0x00000000   Code   RO         2229    .ARM.Collect$$libshutdown$$0000000C  c_p.l(libshutdown2.o)
    0x08000126   0x00000000   Code   RO         2232    .ARM.Collect$$libshutdown$$0000000F  c_p.l(libshutdown2.o)
    0x08000126   0x00000002   Code   RO         2233    .ARM.Collect$$libshutdown$$00000010  c_p.l(libshutdown2.o)
    0x08000128   0x00000000   Code   RO         2068    .ARM.Collect$$rtentry$$00000000  c_p.l(__rtentry.o)
    0x08000128   0x00000000   Code   RO         2075    .ARM.Collect$$rtentry$$00000002  c_p.l(__rtentry2.o)
    0x08000128   0x00000006   Code   RO         2087    .ARM.Collect$$rtentry$$00000004  c_p.l(__rtentry4.o)
    0x0800012e   0x00000000   Code   RO         2077    .ARM.Collect$$rtentry$$00000009  c_p.l(__rtentry2.o)
    0x0800012e   0x00000004   Code   RO         2078    .ARM.Collect$$rtentry$$0000000A  c_p.l(__rtentry2.o)
    0x08000132   0x00000000   Code   RO         2080    .ARM.Collect$$rtentry$$0000000C  c_p.l(__rtentry2.o)
    0x08000132   0x00000008   Code   RO         2081    .ARM.Collect$$rtentry$$0000000D  c_p.l(__rtentry2.o)
    0x0800013a   0x00000002   Code   RO         2110    .ARM.Collect$$rtexit$$00000000  c_p.l(rtexit.o)
    0x0800013c   0x00000000   Code   RO         2166    .ARM.Collect$$rtexit$$00000002  c_p.l(rtexit2.o)
    0x0800013c   0x00000004   Code   RO         2167    .ARM.Collect$$rtexit$$00000003  c_p.l(rtexit2.o)
    0x08000140   0x00000006   Code   RO         2168    .ARM.Collect$$rtexit$$00000004  c_p.l(rtexit2.o)
    0x08000146   0x00000002   PAD
    0x08000148   0x0000005c   Code   RO         1890    .text               startup_ac780x.o
    0x080001a4   0x00000006   Code   RO         2047    .text               c_p.l(heapauxi.o)
    0x080001aa   0x00000002   PAD
    0x080001ac   0x00000160   Code   RO         2057    .text               fz_ps.l(fdiv.o)
    0x0800030c   0x00000030   Code   RO         2060    .text               fz_ps.l(ffixui.o)
    0x0800033c   0x0000004a   Code   RO         2062    .text               fz_ps.l(ffixul.o)
    0x08000386   0x0000005e   Code   RO         2064    .text               fz_ps.l(fflti.o)
    0x080003e4   0x0000003e   Code   RO         2091    .text               c_p.l(sys_stackheap_outer.o)
    0x08000422   0x00000010   Code   RO         2094    .text               c_p.l(exit.o)
    0x08000432   0x00000002   PAD
    0x08000434   0x00000008   Code   RO         2106    .text               c_p.l(libspace.o)
    0x0800043c   0x0000000c   Code   RO         2163    .text               c_p.l(sys_exit.o)
    0x08000448   0x00000002   Code   RO         2182    .text               c_p.l(use_no_semi.o)
    0x0800044a   0x00000000   Code   RO         2184    .text               c_p.l(indicate_semi.o)
    0x0800044a   0x00000056   Code   RO         2236    .text               c_p.l(__dczerorl2.o)
    0x080004a0   0x00000010   Code   RO          808    i.ADC0_IRQHandler   ac780x_adc.o
    0x080004b0   0x00000034   Code   RO          809    i.ADC_CommonISR     ac780x_adc.o
    0x080004e4   0x0000006e   Code   RO          904    i.CKGEN_Enable      ac780x_ckgen.o
    0x08000552   0x00000018   Code   RO          905    i.CKGEN_SetAPBClockDivider  ac780x_ckgen.o
    0x0800056a   0x00000018   Code   RO          908    i.CKGEN_SetPLLReference  ac780x_ckgen.o
    0x08000582   0x00000002   PAD
    0x08000584   0x00000018   Code   RO          909    i.CKGEN_SetPllFeedbackDiv  ac780x_ckgen.o
    0x0800059c   0x00000018   Code   RO          910    i.CKGEN_SetPllPostDiv  ac780x_ckgen.o
    0x080005b4   0x00000018   Code   RO          911    i.CKGEN_SetPllPrevDiv  ac780x_ckgen.o
    0x080005cc   0x00000016   Code   RO          912    i.CKGEN_SetSysclkDiv  ac780x_ckgen.o
    0x080005e2   0x00000014   Code   RO          913    i.CKGEN_SetSysclkSrc  ac780x_ckgen.o
    0x080005f6   0x0000006e   Code   RO          914    i.CKGEN_SoftReset   ac780x_ckgen.o
    0x08000664   0x00000028   Code   RO          984    i.DMA0_Channel0_IRQHandler  ac780x_dma.o
    0x0800068c   0x00000028   Code   RO          985    i.DMA0_Channel1_IRQHandler  ac780x_dma.o
    0x080006b4   0x00000028   Code   RO          986    i.DMA0_Channel2_IRQHandler  ac780x_dma.o
    0x080006dc   0x00000028   Code   RO          987    i.DMA0_Channel3_IRQHandler  ac780x_dma.o
    0x08000704   0x00000010   Code   RO          989    i.DMA_ChannelHardRst  ac780x_dma.o
    0x08000714   0x0000001e   Code   RO          990    i.DMA_ClearFlag     ac780x_dma.o
    0x08000732   0x00000002   PAD
    0x08000734   0x00000010   Code   RO          128    i.EFLASH_GetEopReg  temcu_flash.o
    0x08000744   0x0000000c   Code   RO          129    i.EFLASH_SetCtrlReg1  temcu_flash.o
    0x08000750   0x0000000c   Code   RO          130    i.EFLASH_SetKeyReg  temcu_flash.o
    0x0800075c   0x00000010   Code   RO          131    i.EFLASH_SetStartAddressReg  temcu_flash.o
    0x0800076c   0x00000014   Code   RO          132    i.EFLASH_TrigCtrlCmdReg  temcu_flash.o
    0x08000780   0x00000030   Code   RO         1245    i.EXTI0_IRQHandler  ac780x_gpio.o
    0x080007b0   0x00000030   Code   RO         1246    i.EXTI1_IRQHandler  ac780x_gpio.o
    0x080007e0   0x00000030   Code   RO         1247    i.EXTI2_IRQHandler  ac780x_gpio.o
    0x08000810   0x00000058   Code   RO         1248    i.EXTI3_8_IRQHandler  ac780x_gpio.o
    0x08000868   0x00000058   Code   RO         1249    i.EXTI9_15_IRQHandler  ac780x_gpio.o
    0x080008c0   0x00000010   Code   RO         1250    i.GPIO_ClearPendingExtInterrupt  ac780x_gpio.o
    0x080008d0   0x00000090   Code   RO         1255    i.GPIO_GetPendingExtIntSource  ac780x_gpio.o
    0x08000960   0x0000000c   Code   RO         1256    i.GPIO_GetPendingExtInterrupt  ac780x_gpio.o
    0x0800096c   0x00000014   Code   RO         1263    i.GPIO_SetDir       ac780x_gpio.o
    0x08000980   0x000000f8   Code   RO         1266    i.GPIO_SetFunc      ac780x_gpio.o
    0x08000a78   0x00000014   Code   RO         1272    i.GPIO_SetPinLevel  ac780x_gpio.o
    0x08000a8c   0x00000030   Code   RO          537    i.Hook              teevent.o
    0x08000abc   0x000000b4   Code   RO         1459    i.NMI_Handler       ac780x_spm.o
    0x08000b70   0x0000002c   Code   RO         1460    i.PVD_IRQHandler    ac780x_spm.o
    0x08000b9c   0x00000070   Code   RO         1468    i.SPM_EnablePLL     ac780x_spm.o
    0x08000c0c   0x0000009c   Code   RO         1470    i.SPM_EnableXOSC    ac780x_spm.o
    0x08000ca8   0x00000010   Code   RO         1473    i.SPM_GetModuleWakeupSourceFlag  ac780x_spm.o
    0x08000cb8   0x0000002c   Code   RO         1474    i.SPM_IRQHandler    ac780x_spm.o
    0x08000ce4   0x00000018   Code   RO         1477    i.SPM_XOSCOKBypassSet  ac780x_spm.o
    0x08000cfc   0x0000005c   Code   RO         1902    i.SetEflashClock    system_ac780x.o
    0x08000d58   0x00000066   Code   RO         1904    i.SetHSEClock       system_ac780x.o
    0x08000dbe   0x00000008   Code   RO         1906    i.SetSysClock       system_ac780x.o
    0x08000dc6   0x00000002   PAD
    0x08000dc8   0x00000048   Code   RO         1911    i.SysTickDelay      system_ac780x.o
    0x08000e10   0x0000001a   Code   RO         1912    i.SysTickRepeatDelay  system_ac780x.o
    0x08000e2a   0x00000002   PAD
    0x08000e2c   0x00000030   Code   RO         1914    i.SystemInit        system_ac780x.o
    0x08000e5c   0x00000014   Code   RO          578    i.TECO2_Init        teco2_core.o
    0x08000e70   0x00000010   Code   RO          702    i.TECom_GetData     tecom_cache.o
    0x08000e80   0x0000002c   Code   RO          703    i.TECom_GetDataWithAddr  tecom_cache.o
    0x08000eac   0x0000001c   Code   RO          652    i.TECom_Init        tecom.o
    0x08000ec8   0x00000010   Code   RO          704    i.TECom_SetData     tecom_cache.o
    0x08000ed8   0x0000002c   Code   RO          705    i.TECom_SetDataWithAddr  tecom_cache.o
    0x08000f04   0x0000001e   Code   RO          538    i.TEEvent_Start     teevent.o
    0x08000f22   0x0000000a   Code   RO          539    i.TEEvent_Stop      teevent.o
    0x08000f2c   0x00000020   Code   RO          540    i.TEEvent_Trigger1MS  teevent.o
    0x08000f4c   0x0000003c   Code   RO          133    i.TEMCU_Flash_Erase  temcu_flash.o
    0x08000f88   0x0000000c   Code   RO          134    i.TEMCU_Flash_EraseCallBack_Hook  temcu_flash.o
    0x08000f94   0x0000000c   Code   RO          135    i.TEMCU_Flash_EraseVeriftCallBack_Hook  temcu_flash.o
    0x08000fa0   0x0000003c   Code   RO          136    i.TEMCU_Flash_EraseVerify  temcu_flash.o
    0x08000fdc   0x00000018   Code   RO          137    i.TEMCU_Flash_Init  temcu_flash.o
    0x08000ff4   0x0000000c   Code   RO          138    i.TEMCU_Flash_ProgramCallBack_Hook  temcu_flash.o
    0x08001000   0x00000006   Code   RO          139    i.TEMCU_Flash_Read  temcu_flash.o
    0x08001006   0x00000002   PAD
    0x08001008   0x00000040   Code   RO          140    i.TEMCU_Flash_Write  temcu_flash.o
    0x08001048   0x000000b4   Code   RO          262    i.TEMCU_IOInit      temcu_ioinit_ac7801x_lqfp48.o
    0x080010fc   0x00000052   Code   RO          291    i.TEMCU_NVIC_Init   temcu_nvic.o
    0x0800114e   0x00000002   PAD
    0x08001150   0x00000014   Code   RO          337    i.TEMCU_Timer_CallBack_Hook  temcu_timer.o
    0x08001164   0x00000038   Code   RO          338    i.TEMCU_Timer_Init  temcu_timer.o
    0x0800119c   0x0000003c   Code   RO          386    i.TEMCU_Uart_Init   temcu_uart.o
    0x080011d8   0x00000014   Code   RO          387    i.TEMCU_Uart_RevCallBack_Hook  temcu_uart.o
    0x080011ec   0x0000001c   Code   RO          388    i.TEMCU_Uart_RevStart  temcu_uart.o
    0x08001208   0x0000004c   Code   RO          390    i.TEMCU_Uart_Send   temcu_uart.o
    0x08001254   0x00000040   Code   RO          541    i.TEMainThread_Event  teevent.o
    0x08001294   0x00000028   Code   RO          141    i.TEMainThread_Flash  temcu_flash.o
    0x080012bc   0x00000010   Code   RO          456    i.TEMainThread_SWEEPRom  tesw_eeprom.o
    0x080012cc   0x00000010   Code   RO          773    i.TEMem_GetAddr     temem_cache.o
    0x080012dc   0x00000010   Code   RO          774    i.TEMem_GetData     temem_cache.o
    0x080012ec   0x00000034   Code   RO          740    i.TEMem_Init        temem.o
    0x08001320   0x00000010   Code   RO          775    i.TEMem_SetData     temem_cache.o
    0x08001330   0x0000017c   Code   RO          654    i.TERevFrame_Handle  tecom.o
    0x080014ac   0x00000030   Code   RO          459    i.TESW_EEPROM_Init  tesw_eeprom.o
    0x080014dc   0x00000074   Code   RO          460    i.TESW_EEPROM_Read  tesw_eeprom.o
    0x08001550   0x0000005c   Code   RO          461    i.TESW_EEPROM_Write  tesw_eeprom.o
    0x080015ac   0x00000010   Code   RO         1597    i.TIMER_Channel0_IRQHandler  ac780x_timer.o
    0x080015bc   0x00000010   Code   RO         1598    i.TIMER_Channel1_IRQHandler  ac780x_timer.o
    0x080015cc   0x00000010   Code   RO         1599    i.TIMER_Channel2_IRQHandler  ac780x_timer.o
    0x080015dc   0x00000010   Code   RO         1600    i.TIMER_Channel3_IRQHandler  ac780x_timer.o
    0x080015ec   0x00000040   Code   RO         1601    i.TIMER_CommonISR   ac780x_timer.o
    0x0800162c   0x00000094   Code   RO         1604    i.TIMER_Init        ac780x_timer.o
    0x080016c0   0x0000000c   Code   RO         1606    i.TIMER_SetChannel  ac780x_timer.o
    0x080016cc   0x0000000e   Code   RO         1607    i.TIMER_SetInterrupt  ac780x_timer.o
    0x080016da   0x0000000e   Code   RO         1608    i.TIMER_SetLinkMode  ac780x_timer.o
    0x080016e8   0x00000034   Code   RO          339    i.Timer_Task        temcu_timer.o
    0x0800171c   0x00000010   Code   RO         1695    i.UART0_IRQHandler  ac780x_uart.o
    0x0800172c   0x00000010   Code   RO         1696    i.UART1_IRQHandler  ac780x_uart.o
    0x0800173c   0x00000010   Code   RO         1697    i.UART2_IRQHandler  ac780x_uart.o
    0x0800174c   0x00000060   Code   RO         1699    i.UART_EnableDMA    ac780x_uart.o
    0x080017ac   0x0000010c   Code   RO         1701    i.UART_Init         ac780x_uart.o
    0x080018b8   0x00000048   Code   RO         1702    i.UART_InterruptHandler  ac780x_uart.o
    0x08001900   0x0000000c   Code   RO         1707    i.UART_Set2ByteFIFO  ac780x_uart.o
    0x0800190c   0x000000cc   Code   RO         1708    i.UART_SetBaudrate  ac780x_uart.o
    0x080019d8   0x00000062   Code   RO         1711    i.UART_SetParity    ac780x_uart.o
    0x08001a3a   0x0000000c   Code   RO          391    i.UART_SetRXNEInterrupt  temcu_uart.o
    0x08001a46   0x0000000e   Code   RO          392    i.UART_SetTXEInterrupt  temcu_uart.o
    0x08001a54   0x00000078   Code   RO          393    i.Uart2_Task        temcu_uart.o
    0x08001acc   0x00000020   Code   RO         1834    i.WDG_IRQHandler    ac780x_wdg.o
    0x08001aec   0x0000001c   Code   RO          529    i.__ARM_common_switch8  tesw_eeprom.o
    0x08001b08   0x00000018   Code   RO          292    i.__NVIC_ClearPendingIRQ  temcu_nvic.o
    0x08001b20   0x00000038   Code   RO          293    i.__NVIC_DisableIRQ  temcu_nvic.o
    0x08001b58   0x00000038   Code   RO         1610    i.__NVIC_DisableIRQ  ac780x_timer.o
    0x08001b90   0x00000018   Code   RO          294    i.__NVIC_EnableIRQ  temcu_nvic.o
    0x08001ba8   0x00000078   Code   RO          295    i.__NVIC_SetPriority  temcu_nvic.o
    0x08001c20   0x0000001c   Code   RO          142    i.checkAddress      temcu_flash.o
    0x08001c3c   0x00000258   Code   RO          462    i.checkThread       tesw_eeprom.o
    0x08001e94   0x00000224   Code   RO          463    i.copyThread        tesw_eeprom.o
    0x080020b8   0x00000138   Code   RO          143    i.eraseThread       temcu_flash.o
    0x080021f0   0x00000138   Code   RO          144    i.eraseVerifyThread  temcu_flash.o
    0x08002328   0x0000003c   Code   RO          464    i.flashEraseEnd     tesw_eeprom.o
    0x08002364   0x0000006c   Code   RO          465    i.flashWriteEnd     tesw_eeprom.o
    0x080023d0   0x000000d0   Code   RO          466    i.flashcheckEnd     tesw_eeprom.o
    0x080024a0   0x00000050   Code   RO          689    i.getCrc16_Modbus   tecrc16_modbus.o
    0x080024f0   0x0000002c   Code   RO          616    i.main              main.o
    0x0800251c   0x00000024   Code   RO         1915    i.mdelay            system_ac780x.o
    0x08002540   0x00000008   Code   RO          741    i.memDriverThread_Handle  temem.o
    0x08002548   0x0000006c   Code   RO          742    i.memSynThread_Handle  temem.o
    0x080025b4   0x0000008c   Code   RO          743    i.memUpdateThread_Handle  temem.o
    0x08002640   0x00000140   Code   RO          145    i.programThread     temcu_flash.o
    0x08002780   0x000000ac   Code   RO          655    i.revData           tecom.o
    0x0800282c   0x00000104   Code   RO          579    i.synFromMemThread_Handle  teco2_core.o
    0x08002930   0x000000f4   Code   RO          580    i.synToMemThread_Handle  teco2_core.o
    0x08002a24   0x000000cc   Code   RO          146    i.unlockThread      temcu_flash.o
    0x08002af0   0x0000008c   Code   RO         2051    x$fpl$fadd          fz_ps.l(faddsub.o)
    0x08002b7c   0x000000b0   Code   RO         2066    x$fpl$fmul          fz_ps.l(fmul.o)
    0x08002c2c   0x00000018   Code   RO         2052    x$fpl$frsb          fz_ps.l(faddsub.o)
    0x08002c44   0x000000d0   Code   RO         2053    x$fpl$fsub          fz_ps.l(faddsub.o)
    0x08002d14   0x00000000   Code   RO         2073    x$fpl$usenofp       fz_ps.l(usenofp.o)
    0x08002d14   0x00000004   Data   RO         1612    .constdata          ac780x_timer.o
    0x08002d18   0x00000040   Data   RO         2058    .constdata          fz_ps.l(fdiv.o)
    0x08002d58   0x00000020   Data   RO         2234    Region$$Table       anon$$obj.o


    Execution Region RW_IRAM1 (Base: 0x20000000, Size: 0x00000678, Max: 0x00005000, ABSOLUTE, COMPRESSED[0x000000a4])

    Base Addr    Size         Type   Attr      Idx    E Section Name        Object

    0x20000000   0x00000012   Data   RW          148    .data               temcu_flash.o
    0x20000012   0x00000002   PAD
    0x20000014   0x00000008   Data   RW          263    .data               temcu_ioinit_ac7801x_lqfp48.o
    0x2000001c   0x00000004   Data   RW          340    .data               temcu_timer.o
    0x20000020   0x0000000c   Data   RW          394    .data               temcu_uart.o
    0x2000002c   0x00000044   Data   RW          467    .data               tesw_eeprom.o
    0x20000070   0x00000008   Data   RW          542    .data               teevent.o
    0x20000078   0x00000028   Data   RW          581    .data               teco2_core.o
    0x200000a0   0x0000001c   Data   RW          657    .data               tecom.o
    0x200000bc   0x00000054   Data   RW          706    .data               tecom_cache.o
    0x20000110   0x0000003e   Data   RW          744    .data               temem.o
    0x2000014e   0x0000003c   Data   RW          777    .data               temem_cache.o
    0x2000018a   0x00000002   PAD
    0x2000018c   0x00000004   Data   RW          822    .data               ac780x_adc.o
    0x20000190   0x00000008   Data   RW         1478    .data               ac780x_spm.o
    0x20000198   0x00000004   Data   RW         1839    .data               ac780x_wdg.o
    0x2000019c   0x00000013   Data   RW         1917    .data               system_ac780x.o
    0x200001af   0x00000001   PAD
    0x200001b0   0x00000010   Zero   RW          147    .bss                temcu_flash.o
    0x200001c0   0x00000018   Zero   RW          656    .bss                tecom.o
    0x200001d8   0x00000010   Zero   RW          998    .bss                ac780x_dma.o
    0x200001e8   0x00000014   Zero   RW         1278    .bss                ac780x_gpio.o
    0x200001fc   0x00000010   Zero   RW         1611    .bss                ac780x_timer.o
    0x2000020c   0x0000000c   Zero   RW         1715    .bss                ac780x_uart.o
    0x20000218   0x00000060   Zero   RW         2107    .bss                c_p.l(libspace.o)
    0x20000278   0x00000000   Zero   RW         1888    HEAP                startup_ac780x.o
    0x20000278   0x00000400   Zero   RW         1887    STACK               startup_ac780x.o


==============================================================================

Image component sizes


      Code (inc. data)   RO Data    RW Data    ZI Data      Debug   Object Name

        68         14          0          4          0      10710   ac780x_adc.o
       382         14          0          0          0       5516   ac780x_ckgen.o
       206         32          0          0         16       9986   ac780x_dma.o
       780         74          0          0         20       8000   ac780x_gpio.o
       576         50          0          8          0       5707   ac780x_spm.o
       372         50          4          0         16       7437   ac780x_timer.o
       798         38          0          0         12       9150   ac780x_uart.o
        32          8          0          4          0        721   ac780x_wdg.o
        44          4          0          0          0        427   main.o
        92         44        192          0       1024        700   startup_ac780x.o
       384         38          0         19          0       4866   system_ac780x.o
       524         12          0         40          0       3221   teco2_core.o
       580         56          0         28         24       2752   tecom.o
       120         20          0         84          0       2690   tecom_cache.o
        80          8          0          0          0       1006   tecrc16_modbus.o
       184         22          0          8          0       3557   teevent.o
         0          0          0          0          0      92096   temcu_adc.o
      1542        186          0         18         16      14651   temcu_flash.o
       180         10          0          8          0       3925   temcu_ioinit_ac7801x_lqfp48.o
       306         28          0          0          0      11194   temcu_nvic.o
       128         26          0          4          0       3439   temcu_timer.o
       330         48          0         12          0       9396   temcu_uart.o
       308         30          0         62          0       2360   temem.o
        48         16          0         60          0       2031   temem_cache.o
      1824        104          0         68          0       7881   tesw_eeprom.o

    ----------------------------------------------------------------------
      9900        932        228        432       1128     223419   Object Totals
         0          0         32          0          0          0   (incl. Generated)
        12          0          0          5          0          0   (incl. Padding)

    ----------------------------------------------------------------------

      Code (inc. data)   RO Data    RW Data    ZI Data      Debug   Library Member Name

        86          0          0          0          0          0   __dczerorl2.o
         8          0          0          0          0         68   __main.o
         0          0          0          0          0          0   __rtentry.o
        12          0          0          0          0          0   __rtentry2.o
         6          0          0          0          0          0   __rtentry4.o
        60          8          0          0          0          0   __scatter.o
        28          0          0          0          0          0   __scatter_zi.o
        16          0          0          0          0         68   exit.o
         6          0          0          0          0        136   heapauxi.o
         0          0          0          0          0          0   indicate_semi.o
         2          0          0          0          0          0   libinit.o
         2          0          0          0          0          0   libinit2.o
         2          0          0          0          0          0   libshutdown.o
         2          0          0          0          0          0   libshutdown2.o
         8          4          0          0         96         68   libspace.o
         2          0          0          0          0          0   rtexit.o
        10          0          0          0          0          0   rtexit2.o
        12          4          0          0          0         60   sys_exit.o
        62          0          0          0          0         80   sys_stackheap_outer.o
         2          0          0          0          0         68   use_no_semi.o
       372          8          0          0          0        240   faddsub.o
       352         10         64          0          0         92   fdiv.o
        48          0          0          0          0         60   ffixui.o
        74          0          0          0          0         68   ffixul.o
        94          0          0          0          0         92   fflti.o
       176          4          0          0          0         80   fmul.o
         0          0          0          0          0          0   usenofp.o

    ----------------------------------------------------------------------
      1448         38         64          0         96       1180   Library Totals
         6          0          0          0          0          0   (incl. Padding)

    ----------------------------------------------------------------------

      Code (inc. data)   RO Data    RW Data    ZI Data      Debug   Library Name

       326         16          0          0         96        548   c_p.l
      1116         22         64          0          0        632   fz_ps.l

    ----------------------------------------------------------------------
      1448         38         64          0         96       1180   Library Totals

    ----------------------------------------------------------------------

==============================================================================


      Code (inc. data)   RO Data    RW Data    ZI Data      Debug   

     11348        970        292        432       1224     218539   Grand Totals
     11348        970        292        164       1224     218539   ELF Image Totals (compressed)
     11348        970        292        164          0          0   ROM Totals

==============================================================================

    Total RO  Size (Code + RO Data)                11640 (  11.37kB)
    Total RW  Size (RW Data + ZI Data)              1656 (   1.62kB)
    Total ROM Size (Code + RO Data + RW Data)      11804 (  11.53kB)

==============================================================================

