Component: ARM Compiler 5.06 update 1 (build 61) Tool: armlink [4d35a8]

==============================================================================

Section Cross References

    temcu_adc.o(i.TEMCU_ADC_Init) refers to ac780x_adc.o(i.ADC_Init) for ADC_Init
    temcu_adc.o(i.TEMCU_ADC_Init) refers to ac780x_adc.o(i.ADC_SetRegularGroupChannel) for ADC_SetRegularGroupChannel
    temcu_dma.o(i.DMA_Task) refers to temcu_dma.o(.data) for DMA_CH0_CallBack
    temcu_dma.o(i.TEDMA_CallBack_Hook) refers to temcu_dma.o(.data) for DMA_CH0_CallBack
    temcu_dma.o(i.TEDMA_MemBuf_Set) refers to temcu_dma.o(.data) for memStartAddr_ch0
    temcu_dma.o(i.TEMCU_DMA_Init) refers to rt_memclr.o(.text) for __aeabi_memclr4
    temcu_dma.o(i.TEMCU_DMA_Init) refers to ac780x_dma.o(i.DMA_Init) for DMA_Init
    temcu_dma.o(i.TEMCU_DMA_Init) refers to temcu_dma.o(.data) for memStartAddr_ch0
    temcu_dma.o(i.TEMCU_DMA_Init) refers to temcu_dma.o(i.DMA_Task) for DMA_Task
    temcu_flash.o(i.TEMCU_Flash_Erase) refers to temcu_flash.o(.data) for un_flash_c
    temcu_flash.o(i.TEMCU_Flash_Erase) refers to temcu_flash.o(.bss) for st_flash_d
    temcu_flash.o(i.TEMCU_Flash_EraseCallBack_Hook) refers to temcu_flash.o(.data) for FlashErase_CallBack
    temcu_flash.o(i.TEMCU_Flash_EraseVeriftCallBack_Hook) refers to temcu_flash.o(.data) for FlashEraseVerift_CallBack
    temcu_flash.o(i.TEMCU_Flash_EraseVerify) refers to temcu_flash.o(.data) for un_flash_c
    temcu_flash.o(i.TEMCU_Flash_EraseVerify) refers to temcu_flash.o(.bss) for st_flash_d
    temcu_flash.o(i.TEMCU_Flash_Init) refers to temcu_flash.o(.data) for un_flash_c
    temcu_flash.o(i.TEMCU_Flash_ProgramCallBack_Hook) refers to temcu_flash.o(.data) for FlashProgram_CallBack
    temcu_flash.o(i.TEMCU_Flash_Write) refers to temcu_flash.o(.data) for un_flash_c
    temcu_flash.o(i.TEMCU_Flash_Write) refers to temcu_flash.o(.bss) for st_flash_d
    temcu_flash.o(i.TEMainThread_Flash) refers to temcu_flash.o(i.unlockThread) for unlockThread
    temcu_flash.o(i.TEMainThread_Flash) refers to temcu_flash.o(i.eraseThread) for eraseThread
    temcu_flash.o(i.TEMainThread_Flash) refers to temcu_flash.o(i.eraseVerifyThread) for eraseVerifyThread
    temcu_flash.o(i.TEMainThread_Flash) refers to temcu_flash.o(i.programThread) for programThread
    temcu_flash.o(i.eraseThread) refers to temcu_flash.o(i.checkAddress) for checkAddress
    temcu_flash.o(i.eraseThread) refers to temcu_flash.o(i.EFLASH_SetStartAddressReg) for EFLASH_SetStartAddressReg
    temcu_flash.o(i.eraseThread) refers to temcu_flash.o(i.EFLASH_SetCtrlReg1) for EFLASH_SetCtrlReg1
    temcu_flash.o(i.eraseThread) refers to temcu_flash.o(i.EFLASH_TrigCtrlCmdReg) for EFLASH_TrigCtrlCmdReg
    temcu_flash.o(i.eraseThread) refers to temcu_flash.o(i.EFLASH_GetEopReg) for EFLASH_GetEopReg
    temcu_flash.o(i.eraseThread) refers to temcu_flash.o(.data) for un_flash_c
    temcu_flash.o(i.eraseThread) refers to temcu_flash.o(.bss) for st_flash_d
    temcu_flash.o(i.eraseVerifyThread) refers to temcu_flash.o(i.checkAddress) for checkAddress
    temcu_flash.o(i.eraseVerifyThread) refers to temcu_flash.o(i.EFLASH_SetStartAddressReg) for EFLASH_SetStartAddressReg
    temcu_flash.o(i.eraseVerifyThread) refers to temcu_flash.o(i.EFLASH_SetCtrlReg1) for EFLASH_SetCtrlReg1
    temcu_flash.o(i.eraseVerifyThread) refers to temcu_flash.o(i.EFLASH_TrigCtrlCmdReg) for EFLASH_TrigCtrlCmdReg
    temcu_flash.o(i.eraseVerifyThread) refers to temcu_flash.o(i.EFLASH_GetEopReg) for EFLASH_GetEopReg
    temcu_flash.o(i.eraseVerifyThread) refers to temcu_flash.o(.data) for un_flash_c
    temcu_flash.o(i.eraseVerifyThread) refers to temcu_flash.o(.bss) for st_flash_d
    temcu_flash.o(i.programThread) refers to temcu_flash.o(i.checkAddress) for checkAddress
    temcu_flash.o(i.programThread) refers to temcu_flash.o(i.EFLASH_SetStartAddressReg) for EFLASH_SetStartAddressReg
    temcu_flash.o(i.programThread) refers to temcu_flash.o(i.EFLASH_SetCtrlReg1) for EFLASH_SetCtrlReg1
    temcu_flash.o(i.programThread) refers to temcu_flash.o(i.EFLASH_TrigCtrlCmdReg) for EFLASH_TrigCtrlCmdReg
    temcu_flash.o(i.programThread) refers to temcu_flash.o(i.EFLASH_GetEopReg) for EFLASH_GetEopReg
    temcu_flash.o(i.programThread) refers to temcu_flash.o(.data) for un_flash_c
    temcu_flash.o(i.programThread) refers to temcu_flash.o(.bss) for st_flash_d
    temcu_flash.o(i.unlockThread) refers to temcu_flash.o(i.EFLASH_SetKeyReg) for EFLASH_SetKeyReg
    temcu_flash.o(i.unlockThread) refers to temcu_flash.o(.data) for un_flash_c
    temcu_ioinit_ac7801x_lqfp48.o(i.TEMCU_IOInit) refers to ac780x_gpio.o(i.GPIO_SetFunc) for GPIO_SetFunc
    temcu_ioinit_ac7801x_lqfp48.o(i.TEMCU_IOInit) refers to ac780x_gpio.o(i.GPIO_SetDir) for GPIO_SetDir
    temcu_ioinit_ac7801x_lqfp48.o(i.TEMCU_IOInit) refers to ac780x_gpio.o(i.GPIO_SetPinLevel) for GPIO_SetPinLevel
    temcu_ioinit_ac7801x_lqfp48.o(i.TEMCU_IOInit) refers to temcu_ioinit_ac7801x_lqfp48.o(.data) for Pin
[...]
    sys_command.o(.text) refers (Special) to use_no_semi.o(.text) for __I$use$semihosting
    sys_command.o(.text) refers (Special) to indicate_semi.o(.text) for __semihosting_library_function
    defsig_abrt_inner.o(.text) refers to defsig_general.o(.text) for __default_signal_display
    defsig_rtred_inner.o(.text) refers to defsig_general.o(.text) for __default_signal_display
    defsig_rtmem_inner.o(.text) refers to defsig_general.o(.text) for __default_signal_display
    defsig_rtmem_outer.o(.text) refers to defsig_rtmem_inner.o(.text) for __rt_SIGRTMEM_inner
    defsig_rtmem_outer.o(.text) refers to defsig_exit.o(.text) for __sig_exit
    defsig_rtmem_formal.o(.text) refers to rt_raise.o(.text) for __rt_raise
    defsig_stak_inner.o(.text) refers to defsig_general.o(.text) for __default_signal_display
    defsig_pvfn_inner.o(.text) refers to defsig_general.o(.text) for __default_signal_display
    defsig_cppl_inner.o(.text) refers to defsig_general.o(.text) for __default_signal_display
    defsig_segv_inner.o(.text) refers to defsig_general.o(.text) for __default_signal_display
    defsig_other.o(.text) refers to defsig_general.o(.text) for __default_signal_display


==============================================================================

Removing Unused input sections from the image.

    Removing temcu_adc.o(.rev16_text), (4 bytes).
    Removing temcu_adc.o(.revsh_text), (4 bytes).
    Removing temcu_adc.o(i.TEMCU_ADC_Init), (88 bytes).
    Removing temcu_dma.o(.rev16_text), (4 bytes).
    Removing temcu_dma.o(.revsh_text), (4 bytes).
    Removing temcu_dma.o(i.DMA_Task), (88 bytes).
    Removing temcu_dma.o(i.TEDMA_CallBack_Hook), (20 bytes).
    Removing temcu_dma.o(i.TEDMA_MemBuf_Set), (44 bytes).
    Removing temcu_dma.o(i.TEMCU_DMA_Init), (128 bytes).
    Removing temcu_dma.o(.data), (16 bytes).
    Removing temcu_flash.o(.rev16_text), (4 bytes).
    Removing temcu_flash.o(.revsh_text), (4 bytes).
    Removing temcu_flash.o(i.EFLASH_GetEopReg), (16 bytes).
    Removing temcu_flash.o(i.EFLASH_SetCtrlReg1), (12 bytes).
    Removing temcu_flash.o(i.EFLASH_SetKeyReg), (12 bytes).
    Removing temcu_flash.o(i.EFLASH_SetStartAddressReg), (16 bytes).
    Removing temcu_flash.o(i.EFLASH_TrigCtrlCmdReg), (20 bytes).
    Removing temcu_flash.o(i.TEMCU_Flash_Erase), (60 bytes).
    Removing temcu_flash.o(i.TEMCU_Flash_EraseCallBack_Hook), (12 bytes).
    Removing temcu_flash.o(i.TEMCU_Flash_EraseVeriftCallBack_Hook), (12 bytes).
    Removing temcu_flash.o(i.TEMCU_Flash_EraseVerify), (60 bytes).
    Removing temcu_flash.o(i.TEMCU_Flash_Init), (24 bytes).
    Removing temcu_flash.o(i.TEMCU_Flash_ProgramCallBack_Hook), (12 bytes).
    Removing temcu_flash.o(i.TEMCU_Flash_Read), (6 bytes).
    Removing temcu_flash.o(i.TEMCU_Flash_Write), (64 bytes).
    Removing temcu_flash.o(i.TEMainThread_Flash), (40 bytes).
    Removing temcu_flash.o(i.checkAddress), (28 bytes).
    Removing temcu_flash.o(i.eraseThread), (312 bytes).
    Removing temcu_flash.o(i.eraseVerifyThread), (312 bytes).
    Removing temcu_flash.o(i.programThread), (320 bytes).
    Removing temcu_flash.o(i.unlockThread), (204 bytes).
    Removing temcu_flash.o(.bss), (16 bytes).
    Removing temcu_flash.o(.data), (18 bytes).
    Removing temcu_ioinit_ac7801x_lqfp48.o(.rev16_text), (4 bytes).
    Removing temcu_ioinit_ac7801x_lqfp48.o(.revsh_text), (4 bytes).
    Removing temcu_nvic.o(.rev16_text), (4 bytes).
    Removing temcu_nvic.o(.revsh_text), (4 bytes).
    Removing temcu_timer.o(.rev16_text), (4 bytes).
    Removing temcu_timer.o(.revsh_text), (4 bytes).
    Removing temcu_uart.o(.rev16_text), (4 bytes).
    Removing temcu_uart.o(.revsh_text), (4 bytes).
    Removing temcu_uart.o(i.TEMCU_Uart_RevStop), (28 bytes).
    Removing tesw_eeprom.o(.rev16_text), (4 bytes).
    Removing tesw_eeprom.o(.revsh_text), (4 bytes).
    Removing tesw_eeprom.o(i.TEMainThread_SWEEPRom), (12 bytes).
    Removing tesw_eeprom.o(i.TESW_EEPROM_Init), (48 bytes).
    Removing tesw_eeprom.o(i.TESW_EEPROM_Read), (6 bytes).
    Removing tesw_eeprom.o(i.TESW_EEPROM_Write), (92 bytes).
    Removing tesw_eeprom.o(i.checkThread), (600 bytes).
    Removing tesw_eeprom.o(i.copyThread), (548 bytes).
    Removing tesw_eeprom.o(i.flashEraseEnd), (60 bytes).
    Removing tesw_eeprom.o(i.flashWriteEnd), (108 bytes).
    Removing tesw_eeprom.o(i.flashcheckEnd), (208 bytes).
    Removing tesw_eeprom.o(.data), (68 bytes).
    Removing teevent.o(i.TEEvent_Stop), (10 bytes).
    Removing main.o(.rev16_text), (4 bytes).
    Removing main.o(.revsh_text), (4 bytes).
    Removing tecom.o(i.TECom_RevCallBack_Request_Hook), (12 bytes).
    Removing tecom_cache.o(i.TECom_CheckAddress), (40 bytes).
    Removing tecom_cache.o(i.TECom_GetData), (16 bytes).
    Removing tecom_cache.o(i.TECom_SetData), (16 bytes).
    Removing ac780x_adc.o(.rev16_text), (4 bytes).
    Removing ac780x_adc.o(.revsh_text), (4 bytes).
    Removing ac780x_adc.o(i.ADC_DeInit), (72 bytes).
    Removing ac780x_adc.o(i.ADC_Init), (416 bytes).
    Removing ac780x_adc.o(i.ADC_SetAnalogMonitor), (164 bytes).
    Removing ac780x_adc.o(i.ADC_SetCallback), (28 bytes).
    Removing ac780x_adc.o(i.ADC_SetChannelSampleTime), (66 bytes).
    Removing ac780x_adc.o(i.ADC_SetInjectGroupChannel), (50 bytes).
    Removing ac780x_adc.o(i.ADC_SetInjectLength), (16 bytes).
    Removing ac780x_adc.o(i.ADC_SetReceiveDMA), (96 bytes).
    Removing ac780x_adc.o(i.ADC_SetRegularGroupChannel), (88 bytes).
    Removing ac780x_adc.o(i.ADC_SetRegularLength), (16 bytes).
    Removing ac780x_adc.o(i.__NVIC_DisableIRQ), (56 bytes).
    Removing ac780x_adc.o(.constdata), (1 bytes).
    Removing ac780x_ckgen.o(.rev16_text), (4 bytes).
    Removing ac780x_ckgen.o(.revsh_text), (4 bytes).
    Removing ac780x_ckgen.o(i.CKGEN_SetCANClock), (26 bytes).
    Removing ac780x_ckgen.o(i.CKGEN_SetCANTimeDivider), (26 bytes).
    Removing ac780x_dma.o(.rev16_text), (4 bytes).
    Removing ac780x_dma.o(.revsh_text), (4 bytes).
    Removing ac780x_dma.o(i.DMA_ChannelFlush), (10 bytes).
    Removing ac780x_dma.o(i.DMA_DeInit), (152 bytes).
    Removing ac780x_dma.o(i.DMA_GetInterFIFODataLeftNum), (10 bytes).
    Removing ac780x_dma.o(i.DMA_GetTransferedDataNum), (8 bytes).
    Removing ac780x_dma.o(i.DMA_GetTransmissionLength), (8 bytes).
    Removing ac780x_dma.o(i.DMA_Init), (364 bytes).
    Removing ac780x_dma.o(i.DMA_SetCallback), (24 bytes).
    Removing ac780x_dma.o(i.DMA_SetChannel), (12 bytes).
    Removing ac780x_dma.o(.constdata), (32 bytes).
    Removing ac780x_eflash.o(.rev16_text), (4 bytes).
    Removing ac780x_eflash.o(.revsh_text), (4 bytes).
    Removing ac780x_eflash.o(i.EFLASH_ConfigWdg), (108 bytes).
    Removing ac780x_eflash.o(i.EFLASH_DisableReadOut), (76 bytes).
    Removing ac780x_eflash.o(i.EFLASH_EnableReadOut), (72 bytes).
    Removing ac780x_eflash.o(i.EFLASH_GetCtrlLockBitReg), (12 bytes).
    Removing ac780x_eflash.o(i.EFLASH_GetEopReg), (16 bytes).
    Removing ac780x_eflash.o(i.EFLASH_GetStatusReg), (12 bytes).
    Removing ac780x_eflash.o(i.EFLASH_LockCtrl), (24 bytes).
    Removing ac780x_eflash.o(i.EFLASH_MassErase), (96 bytes).
    Removing ac780x_eflash.o(i.EFLASH_MassEraseVerify), (84 bytes).
    Removing ac780x_eflash.o(i.EFLASH_OptionPageErase), (88 bytes).
    Removing ac780x_eflash.o(i.EFLASH_OptionPageProgram), (126 bytes).
    Removing ac780x_eflash.o(i.EFLASH_PageErase), (104 bytes).
    Removing ac780x_eflash.o(i.EFLASH_PageEraseVerify), (94 bytes).
    Removing ac780x_eflash.o(i.EFLASH_PageProgram), (152 bytes).
    Removing ac780x_eflash.o(i.EFLASH_Read), (32 bytes).
    Removing ac780x_eflash.o(i.EFLASH_ReadDWord), (6 bytes).
    Removing ac780x_eflash.o(i.EFLASH_SetCtrlReg1), (12 bytes).
    Removing ac780x_eflash.o(i.EFLASH_SetKeyReg), (12 bytes).
    Removing ac780x_eflash.o(i.EFLASH_SetStartAddressReg), (16 bytes).
    Removing ac780x_eflash.o(i.EFLASH_SetWriteProtect), (164 bytes).
    Removing ac780x_eflash.o(i.EFLASH_TrigCtrlCmdReg), (20 bytes).
    Removing ac780x_eflash.o(i.EFLASH_UnlockCtrl), (64 bytes).
    Removing ac780x_eflash.o(i.EFLASH_WaitEop), (32 bytes).
    Removing ac780x_eflash.o(i.EFLASH_WaitForLastOperation), (56 bytes).
    Removing ac780x_gpio.o(.rev16_text), (4 bytes).
    Removing ac780x_gpio.o(.revsh_text), (4 bytes).
    Removing ac780x_gpio.o(i.GPIO_DeInit), (140 bytes).
    Removing ac780x_gpio.o(i.GPIO_DisableExtInterrupt), (30 bytes).
    Removing ac780x_gpio.o(i.GPIO_EnableExtInterrupt), (142 bytes).
    Removing ac780x_gpio.o(i.GPIO_GetDir), (16 bytes).
    Removing ac780x_gpio.o(i.GPIO_GetPinFunc), (164 bytes).
    Removing ac780x_gpio.o(i.GPIO_GetPinLevel), (18 bytes).
    Removing ac780x_gpio.o(i.GPIO_GetPortLevel), (8 bytes).
    Removing ac780x_gpio.o(i.GPIO_Init), (210 bytes).
    Removing ac780x_gpio.o(i.GPIO_ResetPinBit), (12 bytes).
    Removing ac780x_gpio.o(i.GPIO_SetCallback), (36 bytes).
    Removing ac780x_gpio.o(i.GPIO_SetDirGroup), (64 bytes).
    Removing ac780x_gpio.o(i.GPIO_SetDrivingAbility), (24 bytes).
    Removing ac780x_gpio.o(i.GPIO_SetFuncGroup), (54 bytes).
    Removing ac780x_gpio.o(i.GPIO_SetPinBit), (84 bytes).
    Removing ac780x_gpio.o(i.GPIO_SetPinExtIntMask), (36 bytes).
    Removing ac780x_gpio.o(i.GPIO_SetPinExtIntSource), (228 bytes).
    Removing ac780x_gpio.o(i.GPIO_SetPinFallingEdge), (36 bytes).
    Removing ac780x_gpio.o(i.GPIO_SetPinRisingEdge), (36 bytes).
    Removing ac780x_gpio.o(i.GPIO_SetPortLevel), (4 bytes).
    Removing ac780x_gpio.o(i.GPIO_SetPulldown), (20 bytes).
    Removing ac780x_gpio.o(i.GPIO_SetPullup), (20 bytes).
    Removing ac780x_gpio.o(i.__NVIC_EnableIRQ), (24 bytes).
    Removing ac780x_gpio.o(.constdata), (5 bytes).
    Removing ac780x_spm.o(.rev16_text), (4 bytes).
    Removing ac780x_spm.o(.revsh_text), (4 bytes).
    Removing ac780x_spm.o(i.EnablePLLDetectorFunction), (56 bytes).
    Removing ac780x_spm.o(i.PVD_SetCallback), (12 bytes).
    Removing ac780x_spm.o(i.SPM_ClearWakeupSourceFlag), (20 bytes).
    Removing ac780x_spm.o(i.SPM_EnableCANLowpassFilter), (36 bytes).
    Removing ac780x_spm.o(i.SPM_EnableFastBoot), (24 bytes).
    Removing ac780x_spm.o(i.SPM_EnableLVD), (24 bytes).
    Removing ac780x_spm.o(i.SPM_EnableModuleSleepACK), (40 bytes).
    Removing ac780x_spm.o(i.SPM_EnableModuleWakeup), (40 bytes).
    Removing ac780x_spm.o(i.SPM_EnablePVD), (24 bytes).
    Removing ac780x_spm.o(i.SPM_EnableXOSCBypassMode), (24 bytes).
    Removing ac780x_spm.o(i.SPM_GetModuleSleepACKStatus), (16 bytes).
    Removing ac780x_spm.o(i.SPM_SetCallback), (12 bytes).
    Removing ac780x_spm.o(i.SPM_SetLowPowerMode), (108 bytes).
    Removing ac780x_timer.o(.rev16_text), (4 bytes).
    Removing ac780x_timer.o(.revsh_text), (4 bytes).
    Removing ac780x_timer.o(i.TIMER_DeInit), (68 bytes).
    Removing ac780x_timer.o(i.TIMER_DeInitChannel), (88 bytes).
    Removing ac780x_timer.o(i.TIMER_SetCallback), (28 bytes).
    Removing ac780x_timer.o(i.__NVIC_ClearPendingIRQ), (24 bytes).
    Removing ac780x_uart.o(.rev16_text), (4 bytes).
    Removing ac780x_uart.o(.revsh_text), (4 bytes).
    Removing ac780x_uart.o(i.UART_DeInit), (148 bytes).
    Removing ac780x_uart.o(i.UART_GetUARTCtrl), (20 bytes).
    Removing ac780x_uart.o(i.UART_IsNineDataBits), (12 bytes).
    Removing ac780x_uart.o(i.UART_ReceiveDMA), (196 bytes).
    Removing ac780x_uart.o(i.UART_ReceiveData), (10 bytes).
    Removing ac780x_uart.o(i.UART_SendData), (52 bytes).
    Removing ac780x_uart.o(i.UART_SetCTSRTS), (96 bytes).
    Removing ac780x_uart.o(i.UART_SetCallback), (48 bytes).
    Removing ac780x_uart.o(i.UART_TransmitDMA), (200 bytes).
    Removing ac780x_uart.o(i.__NVIC_ClearPendingIRQ), (24 bytes).
    Removing ac780x_uart.o(i.__NVIC_DisableIRQ), (56 bytes).
    Removing ac780x_uart.o(.constdata), (12 bytes).
    Removing ac780x_wdg.o(.rev16_text), (4 bytes).
    Removing ac780x_wdg.o(.revsh_text), (4 bytes).
    Removing ac780x_wdg.o(i.WDG_DeInit), (44 bytes).
    Removing ac780x_wdg.o(i.WDG_Init), (284 bytes).
    Removing ac780x_wdg.o(i.WDG_SetCallback), (12 bytes).
    Removing ac780x_wdg.o(i.__NVIC_ClearPendingIRQ), (24 bytes).
    Removing ac780x_wdg.o(i.__NVIC_DisableIRQ), (56 bytes).
    Removing system_ac780x.o(.rev16_text), (4 bytes).
    Removing system_ac780x.o(.revsh_text), (4 bytes).
    Removing system_ac780x.o(i.ClearAllResetStatus), (18 bytes).
    Removing system_ac780x.o(i.GetCPUID), (12 bytes).
    Removing system_ac780x.o(i.GetCpuType), (12 bytes).
    Removing system_ac780x.o(i.GetResetStatus), (8 bytes).
    Removing system_ac780x.o(i.GetUUID), (40 bytes).
    Removing system_ac780x.o(i.InitDelay), (32 bytes).
    Removing system_ac780x.o(i.SetHSEBYPClock), (108 bytes).
    Removing system_ac780x.o(i.SetHSIClock), (56 bytes).
    Removing system_ac780x.o(i.SetXOSCClock), (34 bytes).
    Removing system_ac780x.o(i.SysSleep), (20 bytes).
    Removing system_ac780x.o(i.SysStandby), (36 bytes).
    Removing system_ac780x.o(i.SysStop), (36 bytes).
    Removing system_ac780x.o(i.SystemCoreClockUpdate), (276 bytes).
    Removing system_ac780x.o(i.udelay), (36 bytes).

199 unused section(s) (total 11276 bytes) removed from the image.

==============================================================================

Image Symbol Table

    Local Symbols

    Symbol Name                              Value     Ov Type        Size  Object(Section)

    ../clib/angel/boardlib.s                 0x00000000   Number         0  boardinit2.o ABSOLUTE
    ../clib/angel/boardlib.s                 0x00000000   Number         0  boardinit3.o ABSOLUTE
    ../clib/angel/boardlib.s                 0x00000000   Number         0  boardinit1.o ABSOLUTE
    ../clib/angel/boardlib.s                 0x00000000   Number         0  boardshut.o ABSOLUTE
    ../clib/angel/handlers.s                 0x00000000   Number         0  __scatter_copy.o ABSOLUTE
    ../clib/angel/handlers.s                 0x00000000   Number         0  __scatter_zi.o ABSOLUTE
    ../clib/angel/kernel.s                   0x00000000   Number         0  __rtentry2.o ABSOLUTE
    ../clib/angel/kernel.s                   0x00000000   Number         0  __rtentry.o ABSOLUTE
    ../clib/angel/kernel.s                   0x00000000   Number         0  rtexit2.o ABSOLUTE
    ../clib/angel/kernel.s                   0x00000000   Number         0  rtexit.o ABSOLUTE
    ../clib/angel/kernel.s                   0x00000000   Number         0  __rtentry4.o ABSOLUTE
    ../clib/angel/rt.s                       0x00000000   Number         0  aeabi_idiv0_sigfpe.o ABSOLUTE
    ../clib/angel/rt.s                       0x00000000   Number         0  aeabi_idiv0.o ABSOLUTE
    ../clib/angel/rt.s                       0x00000000   Number         0  rt_raise.o ABSOLUTE
    ../clib/angel/rt.s                       0x00000000   Number         0  rt_div0.o ABSOLUTE
    ../clib/angel/scatterp.s                 0x00000000   Number         0  __scatter.o ABSOLUTE
    ../clib/angel/startup.s                  0x00000000   Number         0  __main.o ABSOLUTE
    ../clib/angel/sys.s                      0x00000000   Number         0  use_no_semi.o ABSOLUTE
    ../clib/angel/sys.s                      0x00000000   Number         0  tempstk.o ABSOLUTE
    ../clib/angel/sys.s                      0x00000000   Number         0  libspace.o ABSOLUTE
    ../clib/angel/sys.s                      0x00000000   Number         0  sys_stackheap_outer.o ABSOLUTE
    ../clib/angel/sys.s                      0x00000000   Number         0  indicate_semi.o ABSOLUTE
    ../clib/angel/sysapp.c                   0x00000000   Number         0  sys_command.o ABSOLUTE
    ../clib/angel/sysapp.c                   0x00000000   Number         0  sys_exit.o ABSOLUTE
    ../clib/angel/sysapp.c                   0x00000000   Number         0  sys_wrch.o ABSOLUTE
    ../clib/armsys.c                         0x00000000   Number         0  argv_veneer.o ABSOLUTE
    ../clib/armsys.c                         0x00000000   Number         0  _get_argv_nomalloc.o ABSOLUTE
    ../clib/armsys.c                         0x00000000   Number         0  no_argv.o ABSOLUTE
    ../clib/division.s                       0x00000000   Number         0  aeabi_sdiv_div0.o ABSOLUTE
    ../clib/division.s                       0x00000000   Number         0  aeabi_sdiv.o ABSOLUTE
    ../clib/heapalloc.c                      0x00000000   Number         0  hrguard.o ABSOLUTE
    ../clib/heapaux.c                        0x00000000   Number         0  heapauxi.o ABSOLUTE
    ../clib/libinit.s                        0x00000000   Number         0  libinit.o ABSOLUTE
    ../clib/libinit.s                        0x00000000   Number         0  libshutdown.o ABSOLUTE
    ../clib/libinit.s                        0x00000000   Number         0  libshutdown2.o ABSOLUTE
    ../clib/libinit.s                        0x00000000   Number         0  libinit2.o ABSOLUTE
    ../clib/memcpset.c                       0x00000000   Number         0  rt_memclr.o ABSOLUTE
    ../clib/signal.c                         0x00000000   Number         0  defsig_general.o ABSOLUTE
    ../clib/signal.c                         0x00000000   Number         0  defsig_fpe_inner.o ABSOLUTE
    ../clib/signal.c                         0x00000000   Number         0  defsig_segv_inner.o ABSOLUTE
    ../clib/signal.c                         0x00000000   Number         0  __raise.o ABSOLUTE
    ../clib/signal.c                         0x00000000   Number         0  defsig_other.o ABSOLUTE
    ../clib/signal.c                         0x00000000   Number         0  defsig_abrt_inner.o ABSOLUTE
    ../clib/signal.c                         0x00000000   Number         0  defsig_fpe_formal.o ABSOLUTE
    ../clib/signal.c                         0x00000000   Number         0  defsig_fpe_outer.o ABSOLUTE
    ../clib/signal.c                         0x00000000   Number         0  defsig_exit.o ABSOLUTE
    ../clib/signal.c                         0x00000000   Number         0  defsig_cppl_inner.o ABSOLUTE
    ../clib/signal.c                         0x00000000   Number         0  defsig_pvfn_inner.o ABSOLUTE
    ../clib/signal.c                         0x00000000   Number         0  defsig_stak_inner.o ABSOLUTE
    ../clib/signal.c                         0x00000000   Number         0  defsig_rtmem_formal.o ABSOLUTE
    ../clib/signal.c                         0x00000000   Number         0  defsig_rtmem_outer.o ABSOLUTE
    ../clib/signal.c                         0x00000000   Number         0  defsig_rtmem_inner.o ABSOLUTE
    ../clib/signal.c                         0x00000000   Number         0  defsig_rtred_inner.o ABSOLUTE
    ../clib/signal.s                         0x00000000   Number         0  defsig.o ABSOLUTE
    ../clib/stdlib.c                         0x00000000   Number         0  exit.o ABSOLUTE
    ../fplib/cfplib/fdiv.c                   0x00000000   Number         0  fdiv.o ABSOLUTE
    ../fplib/cfplib/ffix.c                   0x00000000   Number         0  ffixul.o ABSOLUTE
    ../fplib/cfplib/ffix.c                   0x00000000   Number         0  ffixui.o ABSOLUTE
    ../fplib/cfplib/fflt.c                   0x00000000   Number         0  fflti.o ABSOLUTE
    ../fplib/cfplib/fpinit.c                 0x00000000   Number         0  fpinit.o ABSOLUTE
    ../fplib/faddsub6m.s                     0x00000000   Number         0  faddsub.o ABSOLUTE
    ../fplib/fmul6m.s                        0x00000000   Number         0  fmul.o ABSOLUTE
    ../fplib/usenofp.s                       0x00000000   Number         0  usenofp.o ABSOLUTE
    C:\Program Files\Keil_v5\ARM\PACK\AutoChips\AC780x_DFP\1.0.3\ATC_Driver\src\ac780x_adc.c 0x00000000   Number         0  ac780x_adc.o ABSOLUTE
    C:\Program Files\Keil_v5\ARM\PACK\AutoChips\AC780x_DFP\1.0.3\ATC_Driver\src\ac780x_ckgen.c 0x00000000   Number         0  ac780x_ckgen.o ABSOLUTE
    C:\Program Files\Keil_v5\ARM\PACK\AutoChips\AC780x_DFP\1.0.3\ATC_Driver\src\ac780x_dma.c 0x00000000   Number         0  ac780x_dma.o ABSOLUTE
    C:\Program Files\Keil_v5\ARM\PACK\AutoChips\AC780x_DFP\1.0.3\ATC_Driver\src\ac780x_eflash.c 0x00000000   Number         0  ac780x_eflash.o ABSOLUTE
    C:\Program Files\Keil_v5\ARM\PACK\AutoChips\AC780x_DFP\1.0.3\ATC_Driver\src\ac780x_gpio.c 0x00000000   Number         0  ac780x_gpio.o ABSOLUTE
    C:\Program Files\Keil_v5\ARM\PACK\AutoChips\AC780x_DFP\1.0.3\ATC_Driver\src\ac780x_spm.c 0x00000000   Number         0  ac780x_spm.o ABSOLUTE
    C:\Program Files\Keil_v5\ARM\PACK\AutoChips\AC780x_DFP\1.0.3\ATC_Driver\src\ac780x_timer.c 0x00000000   Number         0  ac780x_timer.o ABSOLUTE
    C:\Program Files\Keil_v5\ARM\PACK\AutoChips\AC780x_DFP\1.0.3\ATC_Driver\src\ac780x_uart.c 0x00000000   Number         0  ac780x_uart.o ABSOLUTE
    C:\Program Files\Keil_v5\ARM\PACK\AutoChips\AC780x_DFP\1.0.3\ATC_Driver\src\ac780x_wdg.c 0x00000000   Number         0  ac780x_wdg.o ABSOLUTE
    C:\\Program Files\\Keil_v5\\ARM\\PACK\\AutoChips\\AC780x_DFP\\1.0.3\\ATC_Driver\\src\\ac780x_adc.c 0x00000000   Number         0  ac780x_adc.o ABSOLUTE
    C:\\Program Files\\Keil_v5\\ARM\\PACK\\AutoChips\\AC780x_DFP\\1.0.3\\ATC_Driver\\src\\ac780x_ckgen.c 0x00000000   Number         0  ac780x_ckgen.o ABSOLUTE
    C:\\Program Files\\Keil_v5\\ARM\\PACK\\AutoChips\\AC780x_DFP\\1.0.3\\ATC_Driver\\src\\ac780x_dma.c 0x00000000   Number         0  ac780x_dma.o ABSOLUTE
    C:\\Program Files\\Keil_v5\\ARM\\PACK\\AutoChips\\AC780x_DFP\\1.0.3\\ATC_Driver\\src\\ac780x_eflash.c 0x00000000   Number         0  ac780x_eflash.o ABSOLUTE
    C:\\Program Files\\Keil_v5\\ARM\\PACK\\AutoChips\\AC780x_DFP\\1.0.3\\ATC_Driver\\src\\ac780x_gpio.c 0x00000000   Number         0  ac780x_gpio.o ABSOLUTE
    C:\\Program Files\\Keil_v5\\ARM\\PACK\\AutoChips\\AC780x_DFP\\1.0.3\\ATC_Driver\\src\\ac780x_spm.c 0x00000000   Number         0  ac780x_spm.o ABSOLUTE
    C:\\Program Files\\Keil_v5\\ARM\\PACK\\AutoChips\\AC780x_DFP\\1.0.3\\ATC_Driver\\src\\ac780x_timer.c 0x00000000   Number         0  ac780x_timer.o ABSOLUTE
    C:\\Program Files\\Keil_v5\\ARM\\PACK\\AutoChips\\AC780x_DFP\\1.0.3\\ATC_Driver\\src\\ac780x_uart.c 0x00000000   Number         0  ac780x_uart.o ABSOLUTE
    C:\\Program Files\\Keil_v5\\ARM\\PACK\\AutoChips\\AC780x_DFP\\1.0.3\\ATC_Driver\\src\\ac780x_wdg.c 0x00000000   Number         0  ac780x_wdg.o ABSOLUTE
    RTE\Device\AC78013MDQA\startup_ac780x.s  0x00000000   Number         0  startup_ac780x.o ABSOLUTE
    RTE\Device\AC78013MDQA\system_ac780x.c   0x00000000   Number         0  system_ac780x.o ABSOLUTE
    RTE\\Device\\AC78013MDQA\\system_ac780x.c 0x00000000   Number         0  system_ac780x.o ABSOLUTE
    dc.s                                     0x00000000   Number         0  dc.o ABSOLUTE
    soure\CO2\com\TECom.c                    0x00000000   Number         0  tecom.o ABSOLUTE
    soure\CO2\com\TECom_Cache.c              0x00000000   Number         0  tecom_cache.o ABSOLUTE
    soure\CO2\com\TECrc16_modbus.c           0x00000000   Number         0  tecrc16_modbus.o ABSOLUTE
    soure\CO2\mem\TEMem.c                    0x00000000   Number         0  temem.o ABSOLUTE
    soure\MCU\TEMCU_ADC.c                    0x00000000   Number         0  temcu_adc.o ABSOLUTE
    soure\MCU\TEMCU_DMA.c                    0x00000000   Number         0  temcu_dma.o ABSOLUTE
    soure\MCU\TEMCU_Flash.c                  0x00000000   Number         0  temcu_flash.o ABSOLUTE
    soure\MCU\TEMCU_IOInit_AC7801x_LQFP48.c  0x00000000   Number         0  temcu_ioinit_ac7801x_lqfp48.o ABSOLUTE
    soure\MCU\TEMCU_NVIC.c                   0x00000000   Number         0  temcu_nvic.o ABSOLUTE
    soure\MCU\TEMCU_Timer.c                  0x00000000   Number         0  temcu_timer.o ABSOLUTE
    soure\MCU\TEMCU_Uart.c                   0x00000000   Number         0  temcu_uart.o ABSOLUTE
    soure\Sys\TEEvent.c                      0x00000000   Number         0  teevent.o ABSOLUTE
    soure\Sys\TESW_EEPROM.c                  0x00000000   Number         0  tesw_eeprom.o ABSOLUTE
    soure\\MCU\\TEMCU_ADC.c                  0x00000000   Number         0  temcu_adc.o ABSOLUTE
    soure\\MCU\\TEMCU_DMA.c                  0x00000000   Number         0  temcu_dma.o ABSOLUTE
    soure\\MCU\\TEMCU_Flash.c                0x00000000   Number         0  temcu_flash.o ABSOLUTE
    soure\\MCU\\TEMCU_IOInit_AC7801x_LQFP48.c 0x00000000   Number         0  temcu_ioinit_ac7801x_lqfp48.o ABSOLUTE
    soure\\MCU\\TEMCU_NVIC.c                 0x00000000   Number         0  temcu_nvic.o ABSOLUTE
    soure\\MCU\\TEMCU_Timer.c                0x00000000   Number         0  temcu_timer.o ABSOLUTE
    soure\\MCU\\TEMCU_Uart.c                 0x00000000   Number         0  temcu_uart.o ABSOLUTE
    soure\\Sys\\TESW_EEPROM.c                0x00000000   Number         0  tesw_eeprom.o ABSOLUTE
    soure\\main.c                            0x00000000   Number         0  main.o ABSOLUTE
    soure\main.c                             0x00000000   Number         0  main.o ABSOLUTE
    RESET                                    0x08000000   Section      192  startup_ac780x.o(RESET)
    !!!main                                  0x080000c0   Section        8  __main.o(!!!main)
    !!!scatter                               0x080000c8   Section       60  __scatter.o(!!!scatter)
    !!handler_copy                           0x08000104   Section       26  __scatter_copy.o(!!handler_copy)
    !!handler_zi                             0x08000120   Section       28  __scatter_zi.o(!!handler_zi)
    .ARM.Collect$$libinit$$00000000          0x0800013c   Section        2  libinit.o(.ARM.Collect$$libinit$$00000000)
    .ARM.Collect$$libinit$$00000002          0x0800013e   Section        0  libinit2.o(.ARM.Collect$$libinit$$00000002)
    .ARM.Collect$$libinit$$00000004          0x0800013e   Section        0  libinit2.o(.ARM.Collect$$libinit$$00000004)
    .ARM.Collect$$libinit$$0000000A          0x0800013e   Section        0  libinit2.o(.ARM.Collect$$libinit$$0000000A)
    .ARM.Collect$$libinit$$0000000C          0x0800013e   Section        0  libinit2.o(.ARM.Collect$$libinit$$0000000C)
    .ARM.Collect$$libinit$$0000000E          0x0800013e   Section        0  libinit2.o(.ARM.Collect$$libinit$$0000000E)
    .ARM.Collect$$libinit$$00000011          0x0800013e   Section        0  libinit2.o(.ARM.Collect$$libinit$$00000011)
    .ARM.Collect$$libinit$$00000013          0x0800013e   Section        0  libinit2.o(.ARM.Collect$$libinit$$00000013)
    .ARM.Collect$$libinit$$00000015          0x0800013e   Section        0  libinit2.o(.ARM.Collect$$libinit$$00000015)
    .ARM.Collect$$libinit$$00000017          0x0800013e   Section        0  libinit2.o(.ARM.Collect$$libinit$$00000017)
    .ARM.Collect$$libinit$$00000019          0x0800013e   Section        0  libinit2.o(.ARM.Collect$$libinit$$00000019)
    .ARM.Collect$$libinit$$0000001B          0x0800013e   Section        0  libinit2.o(.ARM.Collect$$libinit$$0000001B)
    .ARM.Collect$$libinit$$0000001D          0x0800013e   Section        0  libinit2.o(.ARM.Collect$$libinit$$0000001D)
    .ARM.Collect$$libinit$$0000001F          0x0800013e   Section        0  libinit2.o(.ARM.Collect$$libinit$$0000001F)
    .ARM.Collect$$libinit$$00000021          0x0800013e   Section        0  libinit2.o(.ARM.Collect$$libinit$$00000021)
    .ARM.Collect$$libinit$$00000023          0x0800013e   Section        0  libinit2.o(.ARM.Collect$$libinit$$00000023)
    .ARM.Collect$$libinit$$00000025          0x0800013e   Section        0  libinit2.o(.ARM.Collect$$libinit$$00000025)
    .ARM.Collect$$libinit$$0000002C          0x0800013e   Section        0  libinit2.o(.ARM.Collect$$libinit$$0000002C)
    .ARM.Collect$$libinit$$0000002E          0x0800013e   Section        0  libinit2.o(.ARM.Collect$$libinit$$0000002E)
    .ARM.Collect$$libinit$$00000030          0x0800013e   Section        0  libinit2.o(.ARM.Collect$$libinit$$00000030)
    .ARM.Collect$$libinit$$00000032          0x0800013e   Section        0  libinit2.o(.ARM.Collect$$libinit$$00000032)
    .ARM.Collect$$libinit$$00000033          0x0800013e   Section        2  libinit2.o(.ARM.Collect$$libinit$$00000033)
    .ARM.Collect$$libshutdown$$00000000      0x08000140   Section        2  libshutdown.o(.ARM.Collect$$libshutdown$$00000000)
    .ARM.Collect$$libshutdown$$00000002      0x08000142   Section        0  libshutdown2.o(.ARM.Collect$$libshutdown$$00000002)
    .ARM.Collect$$libshutdown$$00000004      0x08000142   Section        0  libshutdown2.o(.ARM.Collect$$libshutdown$$00000004)
    .ARM.Collect$$libshutdown$$00000007      0x08000142   Section        0  libshutdown2.o(.ARM.Collect$$libshutdown$$00000007)
    .ARM.Collect$$libshutdown$$0000000A      0x08000142   Section        0  libshutdown2.o(.ARM.Collect$$libshutdown$$0000000A)
    .ARM.Collect$$libshutdown$$0000000C      0x08000142   Section        0  libshutdown2.o(.ARM.Collect$$libshutdown$$0000000C)
    .ARM.Collect$$libshutdown$$0000000F      0x08000142   Section        0  libshutdown2.o(.ARM.Collect$$libshutdown$$0000000F)
    .ARM.Collect$$libshutdown$$00000010      0x08000142   Section        2  libshutdown2.o(.ARM.Collect$$libshutdown$$00000010)
    .ARM.Collect$$rtentry$$00000000          0x08000144   Section        0  __rtentry.o(.ARM.Collect$$rtentry$$00000000)
    .ARM.Collect$$rtentry$$00000002          0x08000144   Section        0  __rtentry2.o(.ARM.Collect$$rtentry$$00000002)
    .ARM.Collect$$rtentry$$00000004          0x08000144   Section        6  __rtentry4.o(.ARM.Collect$$rtentry$$00000004)
    .ARM.Collect$$rtentry$$00000009          0x0800014a   Section        0  __rtentry2.o(.ARM.Collect$$rtentry$$00000009)
    .ARM.Collect$$rtentry$$0000000A          0x0800014a   Section        4  __rtentry2.o(.ARM.Collect$$rtentry$$0000000A)
    .ARM.Collect$$rtentry$$0000000C          0x0800014e   Section        0  __rtentry2.o(.ARM.Collect$$rtentry$$0000000C)
    .ARM.Collect$$rtentry$$0000000D          0x0800014e   Section        8  __rtentry2.o(.ARM.Collect$$rtentry$$0000000D)
    .ARM.Collect$$rtexit$$00000000           0x08000156   Section        2  rtexit.o(.ARM.Collect$$rtexit$$00000000)
    .ARM.Collect$$rtexit$$00000002           0x08000158   Section        0  rtexit2.o(.ARM.Collect$$rtexit$$00000002)
    .ARM.Collect$$rtexit$$00000003           0x08000158   Section        4  rtexit2.o(.ARM.Collect$$rtexit$$00000003)
    .ARM.Collect$$rtexit$$00000004           0x0800015c   Section        6  rtexit2.o(.ARM.Collect$$rtexit$$00000004)
    .text                                    0x08000164   Section       92  startup_ac780x.o(.text)
    .text                                    0x080001c0   Section        0  heapauxi.o(.text)
    .text                                    0x080001c8   Section        0  fdiv.o(.text)
    .text                                    0x08000328   Section        0  ffixui.o(.text)
    .text                                    0x08000358   Section        0  ffixul.o(.text)
    .text                                    0x080003a2   Section        0  fflti.o(.text)
    .text                                    0x08000400   Section       62  sys_stackheap_outer.o(.text)
    .text                                    0x0800043e   Section        0  exit.o(.text)
    .text                                    0x08000450   Section        8  libspace.o(.text)
    .text                                    0x08000458   Section        0  sys_exit.o(.text)
    .text                                    0x08000464   Section        2  use_no_semi.o(.text)
    .text                                    0x08000466   Section        0  indicate_semi.o(.text)
    i.ADC0_IRQHandler                        0x08000468   Section        0  ac780x_adc.o(i.ADC0_IRQHandler)
    i.ADC_CommonISR                          0x08000478   Section        0  ac780x_adc.o(i.ADC_CommonISR)
    ADC_CommonISR                            0x08000479   Thumb Code    44  ac780x_adc.o(i.ADC_CommonISR)
    i.CKGEN_Enable                           0x080004ac   Section        0  ac780x_ckgen.o(i.CKGEN_Enable)
    i.CKGEN_SetAPBClockDivider               0x0800051a   Section        0  ac780x_ckgen.o(i.CKGEN_SetAPBClockDivider)
    i.CKGEN_SetPLLReference                  0x08000532   Section        0  ac780x_ckgen.o(i.CKGEN_SetPLLReference)
    i.CKGEN_SetPllFeedbackDiv                0x0800054c   Section        0  ac780x_ckgen.o(i.CKGEN_SetPllFeedbackDiv)
    i.CKGEN_SetPllPostDiv                    0x08000564   Section        0  ac780x_ckgen.o(i.CKGEN_SetPllPostDiv)
    i.CKGEN_SetPllPrevDiv                    0x0800057c   Section        0  ac780x_ckgen.o(i.CKGEN_SetPllPrevDiv)
    i.CKGEN_SetSysclkDiv                     0x08000594   Section        0  ac780x_ckgen.o(i.CKGEN_SetSysclkDiv)
    i.CKGEN_SetSysclkSrc                     0x080005aa   Section        0  ac780x_ckgen.o(i.CKGEN_SetSysclkSrc)
    i.CKGEN_SoftReset                        0x080005be   Section        0  ac780x_ckgen.o(i.CKGEN_SoftReset)
    i.DMA0_Channel0_IRQHandler               0x0800062c   Section        0  ac780x_dma.o(i.DMA0_Channel0_IRQHandler)
    i.DMA0_Channel1_IRQHandler               0x08000654   Section        0  ac780x_dma.o(i.DMA0_Channel1_IRQHandler)
    i.DMA0_Channel2_IRQHandler               0x0800067c   Section        0  ac780x_dma.o(i.DMA0_Channel2_IRQHandler)
    i.DMA0_Channel3_IRQHandler               0x080006a4   Section        0  ac780x_dma.o(i.DMA0_Channel3_IRQHandler)
    i.DMA_ChannelHardRst                     0x080006cc   Section        0  ac780x_dma.o(i.DMA_ChannelHardRst)
    DMA_ChannelHardRst                       0x080006cd   Thumb Code    16  ac780x_dma.o(i.DMA_ChannelHardRst)
    i.DMA_ClearFlag                          0x080006dc   Section        0  ac780x_dma.o(i.DMA_ClearFlag)
    i.EXTI0_IRQHandler                       0x080006fc   Section        0  ac780x_gpio.o(i.EXTI0_IRQHandler)
    i.EXTI1_IRQHandler                       0x0800072c   Section        0  ac780x_gpio.o(i.EXTI1_IRQHandler)
    i.EXTI2_IRQHandler                       0x0800075c   Section        0  ac780x_gpio.o(i.EXTI2_IRQHandler)
    i.EXTI3_8_IRQHandler                     0x0800078c   Section        0  ac780x_gpio.o(i.EXTI3_8_IRQHandler)
    i.EXTI9_15_IRQHandler                    0x080007e4   Section        0  ac780x_gpio.o(i.EXTI9_15_IRQHandler)
    i.GPIO_ClearPendingExtInterrupt          0x0800083c   Section        0  ac780x_gpio.o(i.GPIO_ClearPendingExtInterrupt)
    i.GPIO_GetPendingExtIntSource            0x0800084c   Section        0  ac780x_gpio.o(i.GPIO_GetPendingExtIntSource)
    GPIO_GetPendingExtIntSource              0x0800084d   Thumb Code   134  ac780x_gpio.o(i.GPIO_GetPendingExtIntSource)
    i.GPIO_GetPendingExtInterrupt            0x080008dc   Section        0  ac780x_gpio.o(i.GPIO_GetPendingExtInterrupt)
    i.GPIO_SetDir                            0x080008e8   Section        0  ac780x_gpio.o(i.GPIO_SetDir)
    i.GPIO_SetFunc                           0x080008fc   Section        0  ac780x_gpio.o(i.GPIO_SetFunc)
    i.GPIO_SetPinLevel                       0x080009f4   Section        0  ac780x_gpio.o(i.GPIO_SetPinLevel)
    i.Hook                                   0x08000a08   Section        0  teevent.o(i.Hook)
    Hook                                     0x08000a09   Thumb Code    38  teevent.o(i.Hook)
    i.NMI_Handler                            0x08000a38   Section        0  ac780x_spm.o(i.NMI_Handler)
    i.PVD_IRQHandler                         0x08000aec   Section        0  ac780x_spm.o(i.PVD_IRQHandler)
    i.SPM_EnablePLL                          0x08000b18   Section        0  ac780x_spm.o(i.SPM_EnablePLL)
    i.SPM_EnableXOSC                         0x08000b88   Section        0  ac780x_spm.o(i.SPM_EnableXOSC)
    i.SPM_GetModuleWakeupSourceFlag          0x08000c24   Section        0  ac780x_spm.o(i.SPM_GetModuleWakeupSourceFlag)
    i.SPM_IRQHandler                         0x08000c34   Section        0  ac780x_spm.o(i.SPM_IRQHandler)
    i.SPM_XOSCOKBypassSet                    0x08000c60   Section        0  ac780x_spm.o(i.SPM_XOSCOKBypassSet)
    i.SetEflashClock                         0x08000c78   Section        0  system_ac780x.o(i.SetEflashClock)
    i.SetHSEClock                            0x08000cd4   Section        0  system_ac780x.o(i.SetHSEClock)
    i.SetSysClock                            0x08000d3a   Section        0  system_ac780x.o(i.SetSysClock)
    i.SysTickDelay                           0x08000d44   Section        0  system_ac780x.o(i.SysTickDelay)
    SysTickDelay                             0x08000d45   Thumb Code    68  system_ac780x.o(i.SysTickDelay)
    i.SysTickRepeatDelay                     0x08000d8c   Section        0  system_ac780x.o(i.SysTickRepeatDelay)
    SysTickRepeatDelay                       0x08000d8d   Thumb Code    26  system_ac780x.o(i.SysTickRepeatDelay)
    i.SystemInit                             0x08000da8   Section        0  system_ac780x.o(i.SystemInit)
    i.TECom_GetDataWithAddr                  0x08000dd8   Section        0  tecom_cache.o(i.TECom_GetDataWithAddr)
    i.TECom_Init                             0x08000e04   Section        0  tecom.o(i.TECom_Init)
    i.TECom_SetDataWithAddr                  0x08000e20   Section        0  tecom_cache.o(i.TECom_SetDataWithAddr)
    i.TEEvent_Start                          0x08000e4c   Section        0  teevent.o(i.TEEvent_Start)
    i.TEEvent_Trigger1MS                     0x08000e6c   Section        0  teevent.o(i.TEEvent_Trigger1MS)
    i.TEMCU_IOInit                           0x08000e8c   Section        0  temcu_ioinit_ac7801x_lqfp48.o(i.TEMCU_IOInit)
    i.TEMCU_NVIC_Init                        0x08000f40   Section        0  temcu_nvic.o(i.TEMCU_NVIC_Init)
    i.TEMCU_Timer_CallBack_Hook              0x08000f94   Section        0  temcu_timer.o(i.TEMCU_Timer_CallBack_Hook)
    i.TEMCU_Timer_Init                       0x08000fa8   Section        0  temcu_timer.o(i.TEMCU_Timer_Init)
    i.TEMCU_Uart_Init                        0x08000fe0   Section        0  temcu_uart.o(i.TEMCU_Uart_Init)
    i.TEMCU_Uart_RevCallBack_Hook            0x0800101c   Section        0  temcu_uart.o(i.TEMCU_Uart_RevCallBack_Hook)
    i.TEMCU_Uart_RevStart                    0x08001030   Section        0  temcu_uart.o(i.TEMCU_Uart_RevStart)
    i.TEMCU_Uart_Send                        0x0800104c   Section        0  temcu_uart.o(i.TEMCU_Uart_Send)
    i.TEMainThread_Event                     0x08001098   Section        0  teevent.o(i.TEMainThread_Event)
    i.TERevFrame_Handle                      0x080010d8   Section        0  tecom.o(i.TERevFrame_Handle)
    i.TIMER_Channel0_IRQHandler              0x08001254   Section        0  ac780x_timer.o(i.TIMER_Channel0_IRQHandler)
    i.TIMER_Channel1_IRQHandler              0x08001264   Section        0  ac780x_timer.o(i.TIMER_Channel1_IRQHandler)
    i.TIMER_Channel2_IRQHandler              0x08001274   Section        0  ac780x_timer.o(i.TIMER_Channel2_IRQHandler)
    i.TIMER_Channel3_IRQHandler              0x08001284   Section        0  ac780x_timer.o(i.TIMER_Channel3_IRQHandler)
    i.TIMER_CommonISR                        0x08001294   Section        0  ac780x_timer.o(i.TIMER_CommonISR)
    TIMER_CommonISR                          0x08001295   Thumb Code    60  ac780x_timer.o(i.TIMER_CommonISR)
    i.TIMER_Init                             0x080012d4   Section        0  ac780x_timer.o(i.TIMER_Init)
    i.TIMER_SetChannel                       0x08001368   Section        0  ac780x_timer.o(i.TIMER_SetChannel)
    TIMER_SetChannel                         0x08001369   Thumb Code    12  ac780x_timer.o(i.TIMER_SetChannel)
    i.TIMER_SetInterrupt                     0x08001374   Section        0  ac780x_timer.o(i.TIMER_SetInterrupt)
    TIMER_SetInterrupt                       0x08001375   Thumb Code    14  ac780x_timer.o(i.TIMER_SetInterrupt)
    i.TIMER_SetLinkMode                      0x08001382   Section        0  ac780x_timer.o(i.TIMER_SetLinkMode)
    TIMER_SetLinkMode                        0x08001383   Thumb Code    14  ac780x_timer.o(i.TIMER_SetLinkMode)
    i.Timer_Task                             0x08001390   Section        0  temcu_timer.o(i.Timer_Task)
    Timer_Task                               0x08001391   Thumb Code    42  temcu_timer.o(i.Timer_Task)
    i.UART0_IRQHandler                       0x080013c4   Section        0  ac780x_uart.o(i.UART0_IRQHandler)
    i.UART1_IRQHandler                       0x080013d4   Section        0  ac780x_uart.o(i.UART1_IRQHandler)
    i.UART2_IRQHandler                       0x080013e4   Section        0  ac780x_uart.o(i.UART2_IRQHandler)
    i.UART_EnableDMA                         0x080013f4   Section        0  ac780x_uart.o(i.UART_EnableDMA)
    UART_EnableDMA                           0x080013f5   Thumb Code    96  ac780x_uart.o(i.UART_EnableDMA)
    i.UART_Init                              0x08001454   Section        0  ac780x_uart.o(i.UART_Init)
    i.UART_InterruptHandler                  0x08001560   Section        0  ac780x_uart.o(i.UART_InterruptHandler)
    UART_InterruptHandler                    0x08001561   Thumb Code    66  ac780x_uart.o(i.UART_InterruptHandler)
    i.UART_Set2ByteFIFO                      0x080015a8   Section        0  ac780x_uart.o(i.UART_Set2ByteFIFO)
    UART_Set2ByteFIFO                        0x080015a9   Thumb Code    12  ac780x_uart.o(i.UART_Set2ByteFIFO)
    i.UART_SetBaudrate                       0x080015b4   Section        0  ac780x_uart.o(i.UART_SetBaudrate)
    i.UART_SetParity                         0x08001680   Section        0  ac780x_uart.o(i.UART_SetParity)
    i.UART_SetRXNEInterrupt                  0x080016e2   Section        0  temcu_uart.o(i.UART_SetRXNEInterrupt)
    UART_SetRXNEInterrupt                    0x080016e3   Thumb Code    12  temcu_uart.o(i.UART_SetRXNEInterrupt)
    i.UART_SetTXEInterrupt                   0x080016ee   Section        0  temcu_uart.o(i.UART_SetTXEInterrupt)
    UART_SetTXEInterrupt                     0x080016ef   Thumb Code    14  temcu_uart.o(i.UART_SetTXEInterrupt)
    i.Uart2_Task                             0x080016fc   Section        0  temcu_uart.o(i.Uart2_Task)
    Uart2_Task                               0x080016fd   Thumb Code   104  temcu_uart.o(i.Uart2_Task)
    i.WDG_IRQHandler                         0x08001774   Section        0  ac780x_wdg.o(i.WDG_IRQHandler)
    i.__ARM_common_switch8                   0x08001794   Section        0  tesw_eeprom.o(i.__ARM_common_switch8)
    i.__NVIC_ClearPendingIRQ                 0x080017b0   Section        0  temcu_nvic.o(i.__NVIC_ClearPendingIRQ)
    __NVIC_ClearPendingIRQ                   0x080017b1   Thumb Code    18  temcu_nvic.o(i.__NVIC_ClearPendingIRQ)
    i.__NVIC_DisableIRQ                      0x080017c8   Section        0  temcu_nvic.o(i.__NVIC_DisableIRQ)
    __NVIC_DisableIRQ                        0x080017c9   Thumb Code    50  temcu_nvic.o(i.__NVIC_DisableIRQ)
    i.__NVIC_DisableIRQ                      0x08001800   Section        0  ac780x_timer.o(i.__NVIC_DisableIRQ)
    __NVIC_DisableIRQ                        0x08001801   Thumb Code    50  ac780x_timer.o(i.__NVIC_DisableIRQ)
    i.__NVIC_EnableIRQ                       0x08001838   Section        0  temcu_nvic.o(i.__NVIC_EnableIRQ)
    __NVIC_EnableIRQ                         0x08001839   Thumb Code    18  temcu_nvic.o(i.__NVIC_EnableIRQ)
    i.__NVIC_SetPriority                     0x08001850   Section        0  temcu_nvic.o(i.__NVIC_SetPriority)
    __NVIC_SetPriority                       0x08001851   Thumb Code   110  temcu_nvic.o(i.__NVIC_SetPriority)
    i.getCrc16_Modbus                        0x080018c8   Section        0  tecrc16_modbus.o(i.getCrc16_Modbus)
    i.main                                   0x08001918   Section        0  main.o(i.main)
    i.mdelay                                 0x0800193c   Section        0  system_ac780x.o(i.mdelay)
    i.revData                                0x08001960   Section        0  tecom.o(i.revData)
    x$fpl$fadd                               0x08001a0c   Section      140  faddsub.o(x$fpl$fadd)
    _fadd1                                   0x08001a19   Thumb Code     0  faddsub.o(x$fpl$fadd)
    x$fpl$fmul                               0x08001a98   Section      176  fmul.o(x$fpl$fmul)
    x$fpl$frsb                               0x08001b48   Section       24  faddsub.o(x$fpl$frsb)
    x$fpl$fsub                               0x08001b60   Section      208  faddsub.o(x$fpl$fsub)
    _fsub1                                   0x08001b6d   Thumb Code     0  faddsub.o(x$fpl$fsub)
    .constdata                               0x08001c30   Section        4  ac780x_timer.o(.constdata)
    x$fpl$usenofp                            0x08001c30   Section        0  usenofp.o(x$fpl$usenofp)
    s_timerIRQ                               0x08001c30   Data           4  ac780x_timer.o(.constdata)
    .constdata                               0x08001c34   Section       64  fdiv.o(.constdata)
    fdiv_tab                                 0x08001c34   Data          64  fdiv.o(.constdata)
    .data                                    0x20000000   Section        8  temcu_ioinit_ac7801x_lqfp48.o(.data)
    .data                                    0x20000008   Section        4  temcu_timer.o(.data)
    TimerCH0_CallBack                        0x20000008   Data           4  temcu_timer.o(.data)
    .data                                    0x2000000c   Section       12  temcu_uart.o(.data)
    uart2TxDataPoint                         0x2000000c   Data           4  temcu_uart.o(.data)
    uart2TxDataLen                           0x20000010   Data           2  temcu_uart.o(.data)
    uart2TxDataIndex                         0x20000012   Data           2  temcu_uart.o(.data)
    Uart2Rev_CallBack                        0x20000014   Data           4  temcu_uart.o(.data)
    .data                                    0x20000018   Section        8  teevent.o(.data)
    .data                                    0x20000020   Section       28  tecom.o(.data)
    ComRev_CallBack                          0x20000024   Data           4  tecom.o(.data)
    .data                                    0x2000003c   Section       84  tecom_cache.o(.data)
    .data                                    0x20000090   Section        4  ac780x_adc.o(.data)
    s_adcCallback                            0x20000090   Data           4  ac780x_adc.o(.data)
    .data                                    0x20000094   Section        8  ac780x_spm.o(.data)
    s_spmCallback                            0x20000094   Data           4  ac780x_spm.o(.data)
    s_pvdCallback                            0x20000098   Data           4  ac780x_spm.o(.data)
    .data                                    0x2000009c   Section        4  ac780x_wdg.o(.data)
    s_wdgCallback                            0x2000009c   Data           4  ac780x_wdg.o(.data)
    .data                                    0x200000a0   Section       19  system_ac780x.o(.data)
    s_facus                                  0x200000a0   Data           4  system_ac780x.o(.data)
    s_facms                                  0x200000a4   Data           4  system_ac780x.o(.data)
    s_pllPREDIV                              0x200000b0   Data           3  system_ac780x.o(.data)
    .bss                                     0x200000b4   Section       24  tecom.o(.bss)
    .bss                                     0x200000cc   Section       16  ac780x_dma.o(.bss)
    .bss                                     0x200000dc   Section       20  ac780x_gpio.o(.bss)
    .bss                                     0x200000f0   Section       16  ac780x_timer.o(.bss)
    s_timerCallback                          0x200000f0   Data          16  ac780x_timer.o(.bss)
    .bss                                     0x20000100   Section       12  ac780x_uart.o(.bss)
    .bss                                     0x2000010c   Section       96  libspace.o(.bss)
    HEAP                                     0x20000170   Section        0  startup_ac780x.o(HEAP)
    STACK                                    0x20000170   Section     1024  startup_ac780x.o(STACK)
    Heap_Mem                                 0x20000170   Data           0  startup_ac780x.o(HEAP)
    Stack_Mem                                0x20000170   Data        1024  startup_ac780x.o(STACK)
    __initial_sp                             0x20000570   Data           0  startup_ac780x.o(STACK)

    Global Symbols

    Symbol Name                              Value     Ov Type        Size  Object(Section)

    BuildAttributes$$THM_ISAv3M$S$PE$A:L22$X:L11$S22$IEEE1$IW$USESV6$~STKCKD$USESV7$~SHL$OSPACE$ROPI$EBA8$UX$STANDARDLIB$REQ8$PRES8$EABIv2 0x00000000   Number         0  anon$$obj.o ABSOLUTE
    __ARM_use_no_argv                        0x00000000   Number         0  main.o ABSOLUTE
    __ARM_exceptions_init                     - Undefined Weak Reference
    __alloca_initialize                       - Undefined Weak Reference
    __arm_preinit_                            - Undefined Weak Reference
    __cpp_initialize__aeabi_                  - Undefined Weak Reference
    __cxa_finalize                            - Undefined Weak Reference
    __rt_locale                               - Undefined Weak Reference
    __sigvec_lookup                           - Undefined Weak Reference
    _atexit_init                              - Undefined Weak Reference
    _call_atexit_fns                          - Undefined Weak Reference
    _clock_init                               - Undefined Weak Reference
    _fp_trap_init                             - Undefined Weak Reference
    _fp_trap_shutdown                         - Undefined Weak Reference
    _get_lc_collate                           - Undefined Weak Reference
    _get_lc_ctype                             - Undefined Weak Reference
    _get_lc_monetary                          - Undefined Weak Reference
    _get_lc_numeric                           - Undefined Weak Reference
    _get_lc_time                              - Undefined Weak Reference
    _getenv_init                              - Undefined Weak Reference
    _handle_redirection                       - Undefined Weak Reference
    _init_alloc                               - Undefined Weak Reference
    _init_user_alloc                          - Undefined Weak Reference
    _initio                                   - Undefined Weak Reference
    _rand_init                                - Undefined Weak Reference
    _signal_finish                            - Undefined Weak Reference
    _signal_init                              - Undefined Weak Reference
    _terminate_alloc                          - Undefined Weak Reference
    _terminate_user_alloc                     - Undefined Weak Reference
    _terminateio                              - Undefined Weak Reference
    __Vectors_Size                           0x000000c0   Number         0  startup_ac780x.o ABSOLUTE
    __Vectors                                0x08000000   Data           4  startup_ac780x.o(RESET)
    __Vectors_End                            0x080000c0   Data           0  startup_ac780x.o(RESET)
    __main                                   0x080000c1   Thumb Code     8  __main.o(!!!main)
    __scatterload                            0x080000c9   Thumb Code     0  __scatter.o(!!!scatter)
    __scatterload_rt2                        0x080000c9   Thumb Code    52  __scatter.o(!!!scatter)
    __scatterload_rt2_thumb_only             0x080000c9   Thumb Code     0  __scatter.o(!!!scatter)
    __scatterload_null                       0x080000d9   Thumb Code     0  __scatter.o(!!!scatter)
    __scatterload_copy                       0x08000105   Thumb Code    26  __scatter_copy.o(!!handler_copy)
    __scatterload_zeroinit                   0x08000121   Thumb Code    28  __scatter_zi.o(!!handler_zi)
    __rt_lib_init                            0x0800013d   Thumb Code     0  libinit.o(.ARM.Collect$$libinit$$00000000)
    __rt_lib_init_alloca_1                   0x0800013f   Thumb Code     0  libinit2.o(.ARM.Collect$$libinit$$0000002E)
    __rt_lib_init_argv_1                     0x0800013f   Thumb Code     0  libinit2.o(.ARM.Collect$$libinit$$0000002C)
    __rt_lib_init_atexit_1                   0x0800013f   Thumb Code     0  libinit2.o(.ARM.Collect$$libinit$$0000001B)
    __rt_lib_init_clock_1                    0x0800013f   Thumb Code     0  libinit2.o(.ARM.Collect$$libinit$$00000021)
    __rt_lib_init_cpp_1                      0x0800013f   Thumb Code     0  libinit2.o(.ARM.Collect$$libinit$$00000032)
    __rt_lib_init_exceptions_1               0x0800013f   Thumb Code     0  libinit2.o(.ARM.Collect$$libinit$$00000030)
    __rt_lib_init_fp_1                       0x0800013f   Thumb Code     0  libinit2.o(.ARM.Collect$$libinit$$00000002)
    __rt_lib_init_fp_trap_1                  0x0800013f   Thumb Code     0  libinit2.o(.ARM.Collect$$libinit$$0000001F)
    __rt_lib_init_getenv_1                   0x0800013f   Thumb Code     0  libinit2.o(.ARM.Collect$$libinit$$00000023)
    __rt_lib_init_heap_1                     0x0800013f   Thumb Code     0  libinit2.o(.ARM.Collect$$libinit$$0000000A)
    __rt_lib_init_lc_collate_1               0x0800013f   Thumb Code     0  libinit2.o(.ARM.Collect$$libinit$$00000011)
    __rt_lib_init_lc_ctype_1                 0x0800013f   Thumb Code     0  libinit2.o(.ARM.Collect$$libinit$$00000013)
    __rt_lib_init_lc_monetary_1              0x0800013f   Thumb Code     0  libinit2.o(.ARM.Collect$$libinit$$00000015)
    __rt_lib_init_lc_numeric_1               0x0800013f   Thumb Code     0  libinit2.o(.ARM.Collect$$libinit$$00000017)
    __rt_lib_init_lc_time_1                  0x0800013f   Thumb Code     0  libinit2.o(.ARM.Collect$$libinit$$00000019)
    __rt_lib_init_preinit_1                  0x0800013f   Thumb Code     0  libinit2.o(.ARM.Collect$$libinit$$00000004)
    __rt_lib_init_rand_1                     0x0800013f   Thumb Code     0  libinit2.o(.ARM.Collect$$libinit$$0000000E)
    __rt_lib_init_return                     0x0800013f   Thumb Code     0  libinit2.o(.ARM.Collect$$libinit$$00000033)
    __rt_lib_init_signal_1                   0x0800013f   Thumb Code     0  libinit2.o(.ARM.Collect$$libinit$$0000001D)
    __rt_lib_init_stdio_1                    0x0800013f   Thumb Code     0  libinit2.o(.ARM.Collect$$libinit$$00000025)
    __rt_lib_init_user_alloc_1               0x0800013f   Thumb Code     0  libinit2.o(.ARM.Collect$$libinit$$0000000C)
    __rt_lib_shutdown                        0x08000141   Thumb Code     0  libshutdown.o(.ARM.Collect$$libshutdown$$00000000)
    __rt_lib_shutdown_cpp_1                  0x08000143   Thumb Code     0  libshutdown2.o(.ARM.Collect$$libshutdown$$00000002)
    __rt_lib_shutdown_fp_trap_1              0x08000143   Thumb Code     0  libshutdown2.o(.ARM.Collect$$libshutdown$$00000007)
    __rt_lib_shutdown_heap_1                 0x08000143   Thumb Code     0  libshutdown2.o(.ARM.Collect$$libshutdown$$0000000F)
    __rt_lib_shutdown_return                 0x08000143   Thumb Code     0  libshutdown2.o(.ARM.Collect$$libshutdown$$00000010)
    __rt_lib_shutdown_signal_1               0x08000143   Thumb Code     0  libshutdown2.o(.ARM.Collect$$libshutdown$$0000000A)
    __rt_lib_shutdown_stdio_1                0x08000143   Thumb Code     0  libshutdown2.o(.ARM.Collect$$libshutdown$$00000004)
    __rt_lib_shutdown_user_alloc_1           0x08000143   Thumb Code     0  libshutdown2.o(.ARM.Collect$$libshutdown$$0000000C)
    __rt_entry                               0x08000145   Thumb Code     0  __rtentry.o(.ARM.Collect$$rtentry$$00000000)
    __rt_entry_presh_1                       0x08000145   Thumb Code     0  __rtentry2.o(.ARM.Collect$$rtentry$$00000002)
    __rt_entry_sh                            0x08000145   Thumb Code     0  __rtentry4.o(.ARM.Collect$$rtentry$$00000004)
    __rt_entry_li                            0x0800014b   Thumb Code     0  __rtentry2.o(.ARM.Collect$$rtentry$$0000000A)
    __rt_entry_postsh_1                      0x0800014b   Thumb Code     0  __rtentry2.o(.ARM.Collect$$rtentry$$00000009)
    __rt_entry_main                          0x0800014f   Thumb Code     0  __rtentry2.o(.ARM.Collect$$rtentry$$0000000D)
    __rt_entry_postli_1                      0x0800014f   Thumb Code     0  __rtentry2.o(.ARM.Collect$$rtentry$$0000000C)
    __rt_exit                                0x08000157   Thumb Code     0  rtexit.o(.ARM.Collect$$rtexit$$00000000)
    __rt_exit_ls                             0x08000159   Thumb Code     0  rtexit2.o(.ARM.Collect$$rtexit$$00000003)
    __rt_exit_prels_1                        0x08000159   Thumb Code     0  rtexit2.o(.ARM.Collect$$rtexit$$00000002)
    __rt_exit_exit                           0x0800015d   Thumb Code     0  rtexit2.o(.ARM.Collect$$rtexit$$00000004)
    Reset_Handler                            0x08000165   Thumb Code    26  startup_ac780x.o(.text)
    HardFault_Handler                        0x08000181   Thumb Code     2  startup_ac780x.o(.text)
    SVC_Handler                              0x08000183   Thumb Code     2  startup_ac780x.o(.text)
    PendSV_Handler                           0x08000185   Thumb Code     2  startup_ac780x.o(.text)
    SysTick_Handler                          0x08000187   Thumb Code     2  startup_ac780x.o(.text)
    ACMP0_IRQHandler                         0x08000189   Thumb Code     0  startup_ac780x.o(.text)
    CAN0_Handler                             0x08000189   Thumb Code     0  startup_ac780x.o(.text)
    ECC_SRAM_IRQHandler                      0x08000189   Thumb Code     0  startup_ac780x.o(.text)
    I2C0_IRQHandler                          0x08000189   Thumb Code     0  startup_ac780x.o(.text)
    I2C1_IRQHandler                          0x08000189   Thumb Code     0  startup_ac780x.o(.text)
    PWDT0_IRQHandler                         0x08000189   Thumb Code     0  startup_ac780x.o(.text)
    PWDT1_IRQHandler                         0x08000189   Thumb Code     0  startup_ac780x.o(.text)
    PWM0_IRQHandler                          0x08000189   Thumb Code     0  startup_ac780x.o(.text)
    PWM1_IRQHandler                          0x08000189   Thumb Code     0  startup_ac780x.o(.text)
    RTC_IRQHandler                           0x08000189   Thumb Code     0  startup_ac780x.o(.text)
    SPI0_IRQHandler                          0x08000189   Thumb Code     0  startup_ac780x.o(.text)
    SPI1_IRQHandler                          0x08000189   Thumb Code     0  startup_ac780x.o(.text)
    __user_initial_stackheap                 0x0800018d   Thumb Code    10  startup_ac780x.o(.text)
    __use_two_region_memory                  0x080001c1   Thumb Code     2  heapauxi.o(.text)
    __rt_heap_escrow$2region                 0x080001c3   Thumb Code     2  heapauxi.o(.text)
    __rt_heap_expand$2region                 0x080001c5   Thumb Code     2  heapauxi.o(.text)
    __aeabi_fdiv                             0x080001c9   Thumb Code     0  fdiv.o(.text)
    _fdiv                                    0x080001c9   Thumb Code   334  fdiv.o(.text)
    _frdiv                                   0x08000317   Thumb Code     8  fdiv.o(.text)
    __aeabi_f2uiz                            0x08000329   Thumb Code     0  ffixui.o(.text)
    _ffixu                                   0x08000329   Thumb Code    48  ffixui.o(.text)
    __aeabi_f2ulz                            0x08000359   Thumb Code     0  ffixul.o(.text)
    _ll_ufrom_f                              0x08000359   Thumb Code    74  ffixul.o(.text)
    __aeabi_i2f_normalise                    0x080003a3   Thumb Code    72  fflti.o(.text)
    __aeabi_i2f                              0x080003eb   Thumb Code    16  fflti.o(.text)
    _fflt                                    0x080003eb   Thumb Code     0  fflti.o(.text)
    __aeabi_ui2f                             0x080003fb   Thumb Code     6  fflti.o(.text)
    _ffltu                                   0x080003fb   Thumb Code     0  fflti.o(.text)
    __user_setup_stackheap                   0x08000401   Thumb Code    62  sys_stackheap_outer.o(.text)
    exit                                     0x0800043f   Thumb Code    16  exit.o(.text)
    __user_libspace                          0x08000451   Thumb Code     8  libspace.o(.text)
    __user_perproc_libspace                  0x08000451   Thumb Code     0  libspace.o(.text)
    __user_perthread_libspace                0x08000451   Thumb Code     0  libspace.o(.text)
    _sys_exit                                0x08000459   Thumb Code     8  sys_exit.o(.text)
    __I$use$semihosting                      0x08000465   Thumb Code     0  use_no_semi.o(.text)
    __use_no_semihosting_swi                 0x08000465   Thumb Code     2  use_no_semi.o(.text)
    __semihosting_library_function           0x08000467   Thumb Code     0  indicate_semi.o(.text)
    ADC0_IRQHandler                          0x08000469   Thumb Code    10  ac780x_adc.o(i.ADC0_IRQHandler)
    CKGEN_Enable                             0x080004ad   Thumb Code   110  ac780x_ckgen.o(i.CKGEN_Enable)
    CKGEN_SetAPBClockDivider                 0x0800051b   Thumb Code    24  ac780x_ckgen.o(i.CKGEN_SetAPBClockDivider)
    CKGEN_SetPLLReference                    0x08000533   Thumb Code    24  ac780x_ckgen.o(i.CKGEN_SetPLLReference)
    CKGEN_SetPllFeedbackDiv                  0x0800054d   Thumb Code    20  ac780x_ckgen.o(i.CKGEN_SetPllFeedbackDiv)
    CKGEN_SetPllPostDiv                      0x08000565   Thumb Code    20  ac780x_ckgen.o(i.CKGEN_SetPllPostDiv)
    CKGEN_SetPllPrevDiv                      0x0800057d   Thumb Code    18  ac780x_ckgen.o(i.CKGEN_SetPllPrevDiv)
    CKGEN_SetSysclkDiv                       0x08000595   Thumb Code    22  ac780x_ckgen.o(i.CKGEN_SetSysclkDiv)
    CKGEN_SetSysclkSrc                       0x080005ab   Thumb Code    20  ac780x_ckgen.o(i.CKGEN_SetSysclkSrc)
    CKGEN_SoftReset                          0x080005bf   Thumb Code   110  ac780x_ckgen.o(i.CKGEN_SoftReset)
    DMA0_Channel0_IRQHandler                 0x0800062d   Thumb Code    32  ac780x_dma.o(i.DMA0_Channel0_IRQHandler)
    DMA0_Channel1_IRQHandler                 0x08000655   Thumb Code    32  ac780x_dma.o(i.DMA0_Channel1_IRQHandler)
    DMA0_Channel2_IRQHandler                 0x0800067d   Thumb Code    32  ac780x_dma.o(i.DMA0_Channel2_IRQHandler)
    DMA0_Channel3_IRQHandler                 0x080006a5   Thumb Code    32  ac780x_dma.o(i.DMA0_Channel3_IRQHandler)
    DMA_ClearFlag                            0x080006dd   Thumb Code    30  ac780x_dma.o(i.DMA_ClearFlag)
    EXTI0_IRQHandler                         0x080006fd   Thumb Code    40  ac780x_gpio.o(i.EXTI0_IRQHandler)
    EXTI1_IRQHandler                         0x0800072d   Thumb Code    40  ac780x_gpio.o(i.EXTI1_IRQHandler)
    EXTI2_IRQHandler                         0x0800075d   Thumb Code    40  ac780x_gpio.o(i.EXTI2_IRQHandler)
    EXTI3_8_IRQHandler                       0x0800078d   Thumb Code    78  ac780x_gpio.o(i.EXTI3_8_IRQHandler)
    EXTI9_15_IRQHandler                      0x080007e5   Thumb Code    78  ac780x_gpio.o(i.EXTI9_15_IRQHandler)
    GPIO_ClearPendingExtInterrupt            0x0800083d   Thumb Code    10  ac780x_gpio.o(i.GPIO_ClearPendingExtInterrupt)
    GPIO_GetPendingExtInterrupt              0x080008dd   Thumb Code     8  ac780x_gpio.o(i.GPIO_GetPendingExtInterrupt)
    GPIO_SetDir                              0x080008e9   Thumb Code    20  ac780x_gpio.o(i.GPIO_SetDir)
    GPIO_SetFunc                             0x080008fd   Thumb Code   238  ac780x_gpio.o(i.GPIO_SetFunc)
    GPIO_SetPinLevel                         0x080009f5   Thumb Code    20  ac780x_gpio.o(i.GPIO_SetPinLevel)
    NMI_Handler                              0x08000a39   Thumb Code   174  ac780x_spm.o(i.NMI_Handler)
    PVD_IRQHandler                           0x08000aed   Thumb Code    36  ac780x_spm.o(i.PVD_IRQHandler)
    SPM_EnablePLL                            0x08000b19   Thumb Code   104  ac780x_spm.o(i.SPM_EnablePLL)
    SPM_EnableXOSC                           0x08000b89   Thumb Code   144  ac780x_spm.o(i.SPM_EnableXOSC)
    SPM_GetModuleWakeupSourceFlag            0x08000c25   Thumb Code    12  ac780x_spm.o(i.SPM_GetModuleWakeupSourceFlag)
    SPM_IRQHandler                           0x08000c35   Thumb Code    36  ac780x_spm.o(i.SPM_IRQHandler)
    SPM_XOSCOKBypassSet                      0x08000c61   Thumb Code    20  ac780x_spm.o(i.SPM_XOSCOKBypassSet)
    SetEflashClock                           0x08000c79   Thumb Code    80  system_ac780x.o(i.SetEflashClock)
    SetHSEClock                              0x08000cd5   Thumb Code   102  system_ac780x.o(i.SetHSEClock)
    SetSysClock                              0x08000d3b   Thumb Code     8  system_ac780x.o(i.SetSysClock)
    SystemInit                               0x08000da9   Thumb Code    30  system_ac780x.o(i.SystemInit)
    TECom_GetDataWithAddr                    0x08000dd9   Thumb Code    38  tecom_cache.o(i.TECom_GetDataWithAddr)
    TECom_Init                               0x08000e05   Thumb Code    22  tecom.o(i.TECom_Init)
    TECom_SetDataWithAddr                    0x08000e21   Thumb Code    40  tecom_cache.o(i.TECom_SetDataWithAddr)
    TEEvent_Start                            0x08000e4d   Thumb Code    30  teevent.o(i.TEEvent_Start)
    TEEvent_Trigger1MS                       0x08000e6d   Thumb Code    26  teevent.o(i.TEEvent_Trigger1MS)
    TEMCU_IOInit                             0x08000e8d   Thumb Code   170  temcu_ioinit_ac7801x_lqfp48.o(i.TEMCU_IOInit)
    TEMCU_NVIC_Init                          0x08000f41   Thumb Code    82  temcu_nvic.o(i.TEMCU_NVIC_Init)
    TEMCU_Timer_CallBack_Hook                0x08000f95   Thumb Code    16  temcu_timer.o(i.TEMCU_Timer_CallBack_Hook)
    TEMCU_Timer_Init                         0x08000fa9   Thumb Code    44  temcu_timer.o(i.TEMCU_Timer_Init)
    TEMCU_Uart_Init                          0x08000fe1   Thumb Code    52  temcu_uart.o(i.TEMCU_Uart_Init)
    TEMCU_Uart_RevCallBack_Hook              0x0800101d   Thumb Code    16  temcu_uart.o(i.TEMCU_Uart_RevCallBack_Hook)
    TEMCU_Uart_RevStart                      0x08001031   Thumb Code    24  temcu_uart.o(i.TEMCU_Uart_RevStart)
    TEMCU_Uart_Send                          0x0800104d   Thumb Code    60  temcu_uart.o(i.TEMCU_Uart_Send)
    TEMainThread_Event                       0x08001099   Thumb Code    58  teevent.o(i.TEMainThread_Event)
    TERevFrame_Handle                        0x080010d9   Thumb Code   358  tecom.o(i.TERevFrame_Handle)
    TIMER_Channel0_IRQHandler                0x08001255   Thumb Code    10  ac780x_timer.o(i.TIMER_Channel0_IRQHandler)
    TIMER_Channel1_IRQHandler                0x08001265   Thumb Code    10  ac780x_timer.o(i.TIMER_Channel1_IRQHandler)
    TIMER_Channel2_IRQHandler                0x08001275   Thumb Code    10  ac780x_timer.o(i.TIMER_Channel2_IRQHandler)
    TIMER_Channel3_IRQHandler                0x08001285   Thumb Code    10  ac780x_timer.o(i.TIMER_Channel3_IRQHandler)
    TIMER_Init                               0x080012d5   Thumb Code   132  ac780x_timer.o(i.TIMER_Init)
    UART0_IRQHandler                         0x080013c5   Thumb Code    10  ac780x_uart.o(i.UART0_IRQHandler)
    UART1_IRQHandler                         0x080013d5   Thumb Code    10  ac780x_uart.o(i.UART1_IRQHandler)
    UART2_IRQHandler                         0x080013e5   Thumb Code    10  ac780x_uart.o(i.UART2_IRQHandler)
    UART_Init                                0x08001455   Thumb Code   260  ac780x_uart.o(i.UART_Init)
    UART_SetBaudrate                         0x080015b5   Thumb Code   198  ac780x_uart.o(i.UART_SetBaudrate)
    UART_SetParity                           0x08001681   Thumb Code    98  ac780x_uart.o(i.UART_SetParity)
    WDG_IRQHandler                           0x08001775   Thumb Code    24  ac780x_wdg.o(i.WDG_IRQHandler)
    __ARM_common_switch8                     0x08001795   Thumb Code    28  tesw_eeprom.o(i.__ARM_common_switch8)
    getCrc16_Modbus                          0x080018c9   Thumb Code    72  tecrc16_modbus.o(i.getCrc16_Modbus)
    main                                     0x08001919   Thumb Code    32  main.o(i.main)
    mdelay                                   0x0800193d   Thumb Code    32  system_ac780x.o(i.mdelay)
    revData                                  0x08001961   Thumb Code   156  tecom.o(i.revData)
    __aeabi_fadd                             0x08001a0d   Thumb Code     0  faddsub.o(x$fpl$fadd)
    _fadd                                    0x08001a0d   Thumb Code   134  faddsub.o(x$fpl$fadd)
    __aeabi_fmul                             0x08001a99   Thumb Code     0  fmul.o(x$fpl$fmul)
    _fmul                                    0x08001a99   Thumb Code   172  fmul.o(x$fpl$fmul)
    __aeabi_frsub                            0x08001b49   Thumb Code     0  faddsub.o(x$fpl$frsb)
    _frsb                                    0x08001b49   Thumb Code    24  faddsub.o(x$fpl$frsb)
    __aeabi_fsub                             0x08001b61   Thumb Code     0  faddsub.o(x$fpl$fsub)
    _fsub                                    0x08001b61   Thumb Code   204  faddsub.o(x$fpl$fsub)
    __I$use$fp                               0x08001c30   Number         0  usenofp.o(x$fpl$usenofp)
    Region$$Table$$Base                      0x08001c74   Number         0  anon$$obj.o(Region$$Table)
    Region$$Table$$Limit                     0x08001c94   Number         0  anon$$obj.o(Region$$Table)
    Pin                                      0x20000000   Data           8  temcu_ioinit_ac7801x_lqfp48.o(.data)
    PQueueHead                               0x20000018   Data           4  teevent.o(.data)
    PQueueTail                               0x2000001c   Data           4  teevent.o(.data)
    uartStep                                 0x20000020   Data           2  tecom.o(.data)
    TERevFrame                               0x20000028   Data          20  tecom.o(.data)
    TECOM_StackAddr                          0x2000003c   Data          84  tecom_cache.o(.data)
    SystemCoreClock                          0x200000a8   Data           4  system_ac780x.o(.data)
    g_periphAPBClock                         0x200000ac   Data           4  system_ac780x.o(.data)
    comBuf                                   0x200000b4   Data          12  tecom.o(.bss)
    sendBuf                                  0x200000c0   Data          12  tecom.o(.bss)
    g_dmaCallbackArray                       0x200000cc   Data          16  ac780x_dma.o(.bss)
    g_gpioCallbackArray                      0x200000dc   Data          20  ac780x_gpio.o(.bss)
    s_uartCallback                           0x20000100   Data          12  ac780x_uart.o(.bss)
    __libspace_start                         0x2000010c   Data          96  libspace.o(.bss)
    __temporary_stack_top$libspace           0x2000016c   Data           0  libspace.o(.bss)



==============================================================================

Memory Map of the image

  Image Entry point : 0x080000c1

  Load Region LR_IROM1 (Base: 0x08000000, Size: 0x00001d48, Max: 0x00020000, ABSOLUTE)

    Execution Region ER_IROM1 (Base: 0x08000000, Size: 0x00001c94, Max: 0x00020000, ABSOLUTE)

    Base Addr    Size         Type   Attr      Idx    E Section Name        Object

    0x08000000   0x000000c0   Data   RO         1769    RESET               startup_ac780x.o
    0x080000c0   0x00000008   Code   RO         1929  * !!!main             c_p.l(__main.o)
    0x080000c8   0x0000003c   Code   RO         2116    !!!scatter          c_p.l(__scatter.o)
    0x08000104   0x0000001a   Code   RO         2118    !!handler_copy      c_p.l(__scatter_copy.o)
    0x0800011e   0x00000002   PAD
    0x08000120   0x0000001c   Code   RO         2120    !!handler_zi        c_p.l(__scatter_zi.o)
    0x0800013c   0x00000002   Code   RO         1985    .ARM.Collect$$libinit$$00000000  c_p.l(libinit.o)
    0x0800013e   0x00000000   Code   RO         1999    .ARM.Collect$$libinit$$00000002  c_p.l(libinit2.o)
    0x0800013e   0x00000000   Code   RO         2001    .ARM.Collect$$libinit$$00000004  c_p.l(libinit2.o)
    0x0800013e   0x00000000   Code   RO         2004    .ARM.Collect$$libinit$$0000000A  c_p.l(libinit2.o)
    0x0800013e   0x00000000   Code   RO         2006    .ARM.Collect$$libinit$$0000000C  c_p.l(libinit2.o)
    0x0800013e   0x00000000   Code   RO         2008    .ARM.Collect$$libinit$$0000000E  c_p.l(libinit2.o)
    0x0800013e   0x00000000   Code   RO         2011    .ARM.Collect$$libinit$$00000011  c_p.l(libinit2.o)
    0x0800013e   0x00000000   Code   RO         2013    .ARM.Collect$$libinit$$00000013  c_p.l(libinit2.o)
    0x0800013e   0x00000000   Code   RO         2015    .ARM.Collect$$libinit$$00000015  c_p.l(libinit2.o)
    0x0800013e   0x00000000   Code   RO         2017    .ARM.Collect$$libinit$$00000017  c_p.l(libinit2.o)
    0x0800013e   0x00000000   Code   RO         2019    .ARM.Collect$$libinit$$00000019  c_p.l(libinit2.o)
    0x0800013e   0x00000000   Code   RO         2021    .ARM.Collect$$libinit$$0000001B  c_p.l(libinit2.o)
    0x0800013e   0x00000000   Code   RO         2023    .ARM.Collect$$libinit$$0000001D  c_p.l(libinit2.o)
    0x0800013e   0x00000000   Code   RO         2025    .ARM.Collect$$libinit$$0000001F  c_p.l(libinit2.o)
    0x0800013e   0x00000000   Code   RO         2027    .ARM.Collect$$libinit$$00000021  c_p.l(libinit2.o)
    0x0800013e   0x00000000   Code   RO         2029    .ARM.Collect$$libinit$$00000023  c_p.l(libinit2.o)
    0x0800013e   0x00000000   Code   RO         2031    .ARM.Collect$$libinit$$00000025  c_p.l(libinit2.o)
    0x0800013e   0x00000000   Code   RO         2035    .ARM.Collect$$libinit$$0000002C  c_p.l(libinit2.o)
    0x0800013e   0x00000000   Code   RO         2037    .ARM.Collect$$libinit$$0000002E  c_p.l(libinit2.o)
    0x0800013e   0x00000000   Code   RO         2039    .ARM.Collect$$libinit$$00000030  c_p.l(libinit2.o)
    0x0800013e   0x00000000   Code   RO         2041    .ARM.Collect$$libinit$$00000032  c_p.l(libinit2.o)
    0x0800013e   0x00000002   Code   RO         2042    .ARM.Collect$$libinit$$00000033  c_p.l(libinit2.o)
    0x08000140   0x00000002   Code   RO         2073    .ARM.Collect$$libshutdown$$00000000  c_p.l(libshutdown.o)
    0x08000142   0x00000000   Code   RO         2099    .ARM.Collect$$libshutdown$$00000002  c_p.l(libshutdown2.o)
    0x08000142   0x00000000   Code   RO         2101    .ARM.Collect$$libshutdown$$00000004  c_p.l(libshutdown2.o)
    0x08000142   0x00000000   Code   RO         2104    .ARM.Collect$$libshutdown$$00000007  c_p.l(libshutdown2.o)
    0x08000142   0x00000000   Code   RO         2107    .ARM.Collect$$libshutdown$$0000000A  c_p.l(libshutdown2.o)
    0x08000142   0x00000000   Code   RO         2109    .ARM.Collect$$libshutdown$$0000000C  c_p.l(libshutdown2.o)
    0x08000142   0x00000000   Code   RO         2112    .ARM.Collect$$libshutdown$$0000000F  c_p.l(libshutdown2.o)
    0x08000142   0x00000002   Code   RO         2113    .ARM.Collect$$libshutdown$$00000010  c_p.l(libshutdown2.o)
    0x08000144   0x00000000   Code   RO         1948    .ARM.Collect$$rtentry$$00000000  c_p.l(__rtentry.o)
    0x08000144   0x00000000   Code   RO         1955    .ARM.Collect$$rtentry$$00000002  c_p.l(__rtentry2.o)
    0x08000144   0x00000006   Code   RO         1967    .ARM.Collect$$rtentry$$00000004  c_p.l(__rtentry4.o)
    0x0800014a   0x00000000   Code   RO         1957    .ARM.Collect$$rtentry$$00000009  c_p.l(__rtentry2.o)
    0x0800014a   0x00000004   Code   RO         1958    .ARM.Collect$$rtentry$$0000000A  c_p.l(__rtentry2.o)
    0x0800014e   0x00000000   Code   RO         1960    .ARM.Collect$$rtentry$$0000000C  c_p.l(__rtentry2.o)
    0x0800014e   0x00000008   Code   RO         1961    .ARM.Collect$$rtentry$$0000000D  c_p.l(__rtentry2.o)
    0x08000156   0x00000002   Code   RO         1990    .ARM.Collect$$rtexit$$00000000  c_p.l(rtexit.o)
    0x08000158   0x00000000   Code   RO         2046    .ARM.Collect$$rtexit$$00000002  c_p.l(rtexit2.o)
    0x08000158   0x00000004   Code   RO         2047    .ARM.Collect$$rtexit$$00000003  c_p.l(rtexit2.o)
    0x0800015c   0x00000006   Code   RO         2048    .ARM.Collect$$rtexit$$00000004  c_p.l(rtexit2.o)
    0x08000162   0x00000002   PAD
    0x08000164   0x0000005c   Code   RO         1770    .text               startup_ac780x.o
    0x080001c0   0x00000006   Code   RO         1927    .text               c_p.l(heapauxi.o)
    0x080001c6   0x00000002   PAD
    0x080001c8   0x00000160   Code   RO         1937    .text               fz_ps.l(fdiv.o)
    0x08000328   0x00000030   Code   RO         1940    .text               fz_ps.l(ffixui.o)
    0x08000358   0x0000004a   Code   RO         1942    .text               fz_ps.l(ffixul.o)
    0x080003a2   0x0000005e   Code   RO         1944    .text               fz_ps.l(fflti.o)
    0x08000400   0x0000003e   Code   RO         1971    .text               c_p.l(sys_stackheap_outer.o)
    0x0800043e   0x00000010   Code   RO         1974    .text               c_p.l(exit.o)
    0x0800044e   0x00000002   PAD
    0x08000450   0x00000008   Code   RO         1986    .text               c_p.l(libspace.o)
    0x08000458   0x0000000c   Code   RO         2043    .text               c_p.l(sys_exit.o)
    0x08000464   0x00000002   Code   RO         2062    .text               c_p.l(use_no_semi.o)
    0x08000466   0x00000000   Code   RO         2064    .text               c_p.l(indicate_semi.o)
    0x08000466   0x00000002   PAD
    0x08000468   0x00000010   Code   RO          688    i.ADC0_IRQHandler   ac780x_adc.o
    0x08000478   0x00000034   Code   RO          689    i.ADC_CommonISR     ac780x_adc.o
    0x080004ac   0x0000006e   Code   RO          784    i.CKGEN_Enable      ac780x_ckgen.o
    0x0800051a   0x00000018   Code   RO          785    i.CKGEN_SetAPBClockDivider  ac780x_ckgen.o
    0x08000532   0x00000018   Code   RO          788    i.CKGEN_SetPLLReference  ac780x_ckgen.o
    0x0800054a   0x00000002   PAD
    0x0800054c   0x00000018   Code   RO          789    i.CKGEN_SetPllFeedbackDiv  ac780x_ckgen.o
    0x08000564   0x00000018   Code   RO          790    i.CKGEN_SetPllPostDiv  ac780x_ckgen.o
    0x0800057c   0x00000018   Code   RO          791    i.CKGEN_SetPllPrevDiv  ac780x_ckgen.o
    0x08000594   0x00000016   Code   RO          792    i.CKGEN_SetSysclkDiv  ac780x_ckgen.o
    0x080005aa   0x00000014   Code   RO          793    i.CKGEN_SetSysclkSrc  ac780x_ckgen.o
    0x080005be   0x0000006e   Code   RO          794    i.CKGEN_SoftReset   ac780x_ckgen.o
    0x0800062c   0x00000028   Code   RO          864    i.DMA0_Channel0_IRQHandler  ac780x_dma.o
    0x08000654   0x00000028   Code   RO          865    i.DMA0_Channel1_IRQHandler  ac780x_dma.o
    0x0800067c   0x00000028   Code   RO          866    i.DMA0_Channel2_IRQHandler  ac780x_dma.o
    0x080006a4   0x00000028   Code   RO          867    i.DMA0_Channel3_IRQHandler  ac780x_dma.o
    0x080006cc   0x00000010   Code   RO          869    i.DMA_ChannelHardRst  ac780x_dma.o
    0x080006dc   0x0000001e   Code   RO          870    i.DMA_ClearFlag     ac780x_dma.o
    0x080006fa   0x00000002   PAD
    0x080006fc   0x00000030   Code   RO         1125    i.EXTI0_IRQHandler  ac780x_gpio.o
    0x0800072c   0x00000030   Code   RO         1126    i.EXTI1_IRQHandler  ac780x_gpio.o
    0x0800075c   0x00000030   Code   RO         1127    i.EXTI2_IRQHandler  ac780x_gpio.o
    0x0800078c   0x00000058   Code   RO         1128    i.EXTI3_8_IRQHandler  ac780x_gpio.o
    0x080007e4   0x00000058   Code   RO         1129    i.EXTI9_15_IRQHandler  ac780x_gpio.o
    0x0800083c   0x00000010   Code   RO         1130    i.GPIO_ClearPendingExtInterrupt  ac780x_gpio.o
    0x0800084c   0x00000090   Code   RO         1135    i.GPIO_GetPendingExtIntSource  ac780x_gpio.o
    0x080008dc   0x0000000c   Code   RO         1136    i.GPIO_GetPendingExtInterrupt  ac780x_gpio.o
    0x080008e8   0x00000014   Code   RO         1143    i.GPIO_SetDir       ac780x_gpio.o
    0x080008fc   0x000000f8   Code   RO         1146    i.GPIO_SetFunc      ac780x_gpio.o
    0x080009f4   0x00000014   Code   RO         1152    i.GPIO_SetPinLevel  ac780x_gpio.o
    0x08000a08   0x00000030   Code   RO          522    i.Hook              teevent.o
    0x08000a38   0x000000b4   Code   RO         1339    i.NMI_Handler       ac780x_spm.o
    0x08000aec   0x0000002c   Code   RO         1340    i.PVD_IRQHandler    ac780x_spm.o
    0x08000b18   0x00000070   Code   RO         1348    i.SPM_EnablePLL     ac780x_spm.o
    0x08000b88   0x0000009c   Code   RO         1350    i.SPM_EnableXOSC    ac780x_spm.o
    0x08000c24   0x00000010   Code   RO         1353    i.SPM_GetModuleWakeupSourceFlag  ac780x_spm.o
    0x08000c34   0x0000002c   Code   RO         1354    i.SPM_IRQHandler    ac780x_spm.o
    0x08000c60   0x00000018   Code   RO         1357    i.SPM_XOSCOKBypassSet  ac780x_spm.o
    0x08000c78   0x0000005c   Code   RO         1782    i.SetEflashClock    system_ac780x.o
    0x08000cd4   0x00000066   Code   RO         1784    i.SetHSEClock       system_ac780x.o
    0x08000d3a   0x00000008   Code   RO         1786    i.SetSysClock       system_ac780x.o
    0x08000d42   0x00000002   PAD
    0x08000d44   0x00000048   Code   RO         1791    i.SysTickDelay      system_ac780x.o
    0x08000d8c   0x0000001a   Code   RO         1792    i.SysTickRepeatDelay  system_ac780x.o
    0x08000da6   0x00000002   PAD
    0x08000da8   0x00000030   Code   RO         1794    i.SystemInit        system_ac780x.o
    0x08000dd8   0x0000002c   Code   RO          646    i.TECom_GetDataWithAddr  tecom_cache.o
    0x08000e04   0x0000001c   Code   RO          592    i.TECom_Init        tecom.o
    0x08000e20   0x0000002c   Code   RO          648    i.TECom_SetDataWithAddr  tecom_cache.o
    0x08000e4c   0x0000001e   Code   RO          523    i.TEEvent_Start     teevent.o
    0x08000e6a   0x00000002   PAD
    0x08000e6c   0x00000020   Code   RO          525    i.TEEvent_Trigger1MS  teevent.o
    0x08000e8c   0x000000b4   Code   RO          259    i.TEMCU_IOInit      temcu_ioinit_ac7801x_lqfp48.o
    0x08000f40   0x00000052   Code   RO          288    i.TEMCU_NVIC_Init   temcu_nvic.o
    0x08000f92   0x00000002   PAD
    0x08000f94   0x00000014   Code   RO          334    i.TEMCU_Timer_CallBack_Hook  temcu_timer.o
    0x08000fa8   0x00000038   Code   RO          335    i.TEMCU_Timer_Init  temcu_timer.o
    0x08000fe0   0x0000003c   Code   RO          383    i.TEMCU_Uart_Init   temcu_uart.o
    0x0800101c   0x00000014   Code   RO          384    i.TEMCU_Uart_RevCallBack_Hook  temcu_uart.o
    0x08001030   0x0000001c   Code   RO          385    i.TEMCU_Uart_RevStart  temcu_uart.o
    0x0800104c   0x0000004c   Code   RO          387    i.TEMCU_Uart_Send   temcu_uart.o
    0x08001098   0x00000040   Code   RO          526    i.TEMainThread_Event  teevent.o
    0x080010d8   0x0000017c   Code   RO          594    i.TERevFrame_Handle  tecom.o
    0x08001254   0x00000010   Code   RO         1477    i.TIMER_Channel0_IRQHandler  ac780x_timer.o
    0x08001264   0x00000010   Code   RO         1478    i.TIMER_Channel1_IRQHandler  ac780x_timer.o
    0x08001274   0x00000010   Code   RO         1479    i.TIMER_Channel2_IRQHandler  ac780x_timer.o
    0x08001284   0x00000010   Code   RO         1480    i.TIMER_Channel3_IRQHandler  ac780x_timer.o
    0x08001294   0x00000040   Code   RO         1481    i.TIMER_CommonISR   ac780x_timer.o
    0x080012d4   0x00000094   Code   RO         1484    i.TIMER_Init        ac780x_timer.o
    0x08001368   0x0000000c   Code   RO         1486    i.TIMER_SetChannel  ac780x_timer.o
    0x08001374   0x0000000e   Code   RO         1487    i.TIMER_SetInterrupt  ac780x_timer.o
    0x08001382   0x0000000e   Code   RO         1488    i.TIMER_SetLinkMode  ac780x_timer.o
    0x08001390   0x00000034   Code   RO          336    i.Timer_Task        temcu_timer.o
    0x080013c4   0x00000010   Code   RO         1575    i.UART0_IRQHandler  ac780x_uart.o
    0x080013d4   0x00000010   Code   RO         1576    i.UART1_IRQHandler  ac780x_uart.o
    0x080013e4   0x00000010   Code   RO         1577    i.UART2_IRQHandler  ac780x_uart.o
    0x080013f4   0x00000060   Code   RO         1579    i.UART_EnableDMA    ac780x_uart.o
    0x08001454   0x0000010c   Code   RO         1581    i.UART_Init         ac780x_uart.o
    0x08001560   0x00000048   Code   RO         1582    i.UART_InterruptHandler  ac780x_uart.o
    0x080015a8   0x0000000c   Code   RO         1587    i.UART_Set2ByteFIFO  ac780x_uart.o
    0x080015b4   0x000000cc   Code   RO         1588    i.UART_SetBaudrate  ac780x_uart.o
    0x08001680   0x00000062   Code   RO         1591    i.UART_SetParity    ac780x_uart.o
    0x080016e2   0x0000000c   Code   RO          388    i.UART_SetRXNEInterrupt  temcu_uart.o
    0x080016ee   0x0000000e   Code   RO          389    i.UART_SetTXEInterrupt  temcu_uart.o
    0x080016fc   0x00000078   Code   RO          390    i.Uart2_Task        temcu_uart.o
    0x08001774   0x00000020   Code   RO         1714    i.WDG_IRQHandler    ac780x_wdg.o
    0x08001794   0x0000001c   Code   RO          514    i.__ARM_common_switch8  tesw_eeprom.o
    0x080017b0   0x00000018   Code   RO          289    i.__NVIC_ClearPendingIRQ  temcu_nvic.o
    0x080017c8   0x00000038   Code   RO          290    i.__NVIC_DisableIRQ  temcu_nvic.o
    0x08001800   0x00000038   Code   RO         1490    i.__NVIC_DisableIRQ  ac780x_timer.o
    0x08001838   0x00000018   Code   RO          291    i.__NVIC_EnableIRQ  temcu_nvic.o
    0x08001850   0x00000078   Code   RO          292    i.__NVIC_SetPriority  temcu_nvic.o
    0x080018c8   0x00000050   Code   RO          632    i.getCrc16_Modbus   tecrc16_modbus.o
    0x08001918   0x00000024   Code   RO          565    i.main              main.o
    0x0800193c   0x00000024   Code   RO         1795    i.mdelay            system_ac780x.o
    0x08001960   0x000000ac   Code   RO          595    i.revData           tecom.o
    0x08001a0c   0x0000008c   Code   RO         1931    x$fpl$fadd          fz_ps.l(faddsub.o)
    0x08001a98   0x000000b0   Code   RO         1946    x$fpl$fmul          fz_ps.l(fmul.o)
    0x08001b48   0x00000018   Code   RO         1932    x$fpl$frsb          fz_ps.l(faddsub.o)
    0x08001b60   0x000000d0   Code   RO         1933    x$fpl$fsub          fz_ps.l(faddsub.o)
    0x08001c30   0x00000000   Code   RO         1953    x$fpl$usenofp       fz_ps.l(usenofp.o)
    0x08001c30   0x00000004   Data   RO         1492    .constdata          ac780x_timer.o
    0x08001c34   0x00000040   Data   RO         1938    .constdata          fz_ps.l(fdiv.o)
    0x08001c74   0x00000020   Data   RO         2114    Region$$Table       anon$$obj.o


    Execution Region RW_IRAM1 (Base: 0x20000000, Size: 0x00000570, Max: 0x00005000, ABSOLUTE)

    Base Addr    Size         Type   Attr      Idx    E Section Name        Object

    0x20000000   0x00000008   Data   RW          260    .data               temcu_ioinit_ac7801x_lqfp48.o
    0x20000008   0x00000004   Data   RW          337    .data               temcu_timer.o
    0x2000000c   0x0000000c   Data   RW          391    .data               temcu_uart.o
    0x20000018   0x00000008   Data   RW          527    .data               teevent.o
    0x20000020   0x0000001c   Data   RW          597    .data               tecom.o
    0x2000003c   0x00000054   Data   RW          649    .data               tecom_cache.o
    0x20000090   0x00000004   Data   RW          702    .data               ac780x_adc.o
    0x20000094   0x00000008   Data   RW         1358    .data               ac780x_spm.o
    0x2000009c   0x00000004   Data   RW         1719    .data               ac780x_wdg.o
    0x200000a0   0x00000013   Data   RW         1797    .data               system_ac780x.o
    0x200000b3   0x00000001   PAD
    0x200000b4   0x00000018   Zero   RW          596    .bss                tecom.o
    0x200000cc   0x00000010   Zero   RW          878    .bss                ac780x_dma.o
    0x200000dc   0x00000014   Zero   RW         1158    .bss                ac780x_gpio.o
    0x200000f0   0x00000010   Zero   RW         1491    .bss                ac780x_timer.o
    0x20000100   0x0000000c   Zero   RW         1595    .bss                ac780x_uart.o
    0x2000010c   0x00000060   Zero   RW         1987    .bss                c_p.l(libspace.o)
    0x2000016c   0x00000004   PAD
    0x20000170   0x00000000   Zero   RW         1768    HEAP                startup_ac780x.o
    0x20000170   0x00000400   Zero   RW         1767    STACK               startup_ac780x.o


==============================================================================

Image component sizes


      Code (inc. data)   RO Data    RW Data    ZI Data      Debug   Object Name

        68         14          0          4          0      10710   ac780x_adc.o
       382         14          0          0          0       5516   ac780x_ckgen.o
       206         32          0          0         16       9986   ac780x_dma.o
       780         74          0          0         20       8000   ac780x_gpio.o
       576         50          0          8          0       5707   ac780x_spm.o
       372         50          4          0         16       7437   ac780x_timer.o
       798         38          0          0         12       9150   ac780x_uart.o
        32          8          0          4          0        721   ac780x_wdg.o
        36          4          0          0          0       1011   main.o
        92         44        192          0       1024        700   startup_ac780x.o
       384         38          0         19          0       4866   system_ac780x.o
       580         56          0         28         24       2752   tecom.o
        88         10          0         84          0       1726   tecom_cache.o
        80          8          0          0          0       1006   tecrc16_modbus.o
       174         22          0          8          0       3126   teevent.o
         0          0          0          0          0      92096   temcu_adc.o
       180         10          0          8          0       3925   temcu_ioinit_ac7801x_lqfp48.o
       306         28          0          0          0      11194   temcu_nvic.o
       128         26          0          4          0       3439   temcu_timer.o
       330         48          0         12          0       9396   temcu_uart.o
        28          0          0          0          0         76   tesw_eeprom.o

    ----------------------------------------------------------------------
      5632        574        228        180       1112     192540   Object Totals
         0          0         32          0          0          0   (incl. Generated)
        12          0          0          1          0          0   (incl. Padding)

    ----------------------------------------------------------------------

      Code (inc. data)   RO Data    RW Data    ZI Data      Debug   Library Member Name

         8          0          0          0          0         68   __main.o
         0          0          0          0          0          0   __rtentry.o
        12          0          0          0          0          0   __rtentry2.o
         6          0          0          0          0          0   __rtentry4.o
        60          8          0          0          0          0   __scatter.o
        26          0          0          0          0          0   __scatter_copy.o
        28          0          0          0          0          0   __scatter_zi.o
        16          0          0          0          0         68   exit.o
         6          0          0          0          0        136   heapauxi.o
         0          0          0          0          0          0   indicate_semi.o
         2          0          0          0          0          0   libinit.o
         2          0          0          0          0          0   libinit2.o
         2          0          0          0          0          0   libshutdown.o
         2          0          0          0          0          0   libshutdown2.o
         8          4          0          0         96         68   libspace.o
         2          0          0          0          0          0   rtexit.o
        10          0          0          0          0          0   rtexit2.o
        12          4          0          0          0         60   sys_exit.o
        62          0          0          0          0         80   sys_stackheap_outer.o
         2          0          0          0          0         68   use_no_semi.o
       372          8          0          0          0        240   faddsub.o
       352         10         64          0          0         92   fdiv.o
        48          0          0          0          0         60   ffixui.o
        74          0          0          0          0         68   ffixul.o
        94          0          0          0          0         92   fflti.o
       176          4          0          0          0         80   fmul.o
         0          0          0          0          0          0   usenofp.o

    ----------------------------------------------------------------------
      1392         38         64          0        100       1180   Library Totals
        10          0          0          0          4          0   (incl. Padding)

    ----------------------------------------------------------------------

      Code (inc. data)   RO Data    RW Data    ZI Data      Debug   Library Name

       266         16          0          0         96        548   c_p.l
      1116         22         64          0          0        632   fz_ps.l

    ----------------------------------------------------------------------
      1392         38         64          0        100       1180   Library Totals

    ----------------------------------------------------------------------

==============================================================================


      Code (inc. data)   RO Data    RW Data    ZI Data      Debug   

      7024        612        292        180       1212     189460   Grand Totals
      7024        612        292        180       1212     189460   ELF Image Totals
      7024        612        292        180          0          0   ROM Totals

==============================================================================

    Total RO  Size (Code + RO Data)                 7316 (   7.14kB)
    Total RW  Size (RW Data + ZI Data)              1392 (   1.36kB)
    Total ROM Size (Code + RO Data + RW Data)       7496 (   7.32kB)

==============================================================================

